Archive member included to satisfy reference by file (symbol)

C:/Users/90722/AppData/Local/stm32cube/bundles/gnu-tools-for-stm32/14.3.1+st.2/bin/../lib/gcc/arm-none-eabi/14.3.1/thumb/v7-m/nofp\libgcc.a(_arm_addsubdf3.o)
                              CMakeFiles/lora_node.dir/Drivers/E22/e22.c.obj (__aeabi_ui2d)
C:/Users/90722/AppData/Local/stm32cube/bundles/gnu-tools-for-stm32/14.3.1+st.2/bin/../lib/gcc/arm-none-eabi/14.3.1/thumb/v7-m/nofp\libgcc.a(_arm_muldivdf3.o)
                              CMakeFiles/lora_node.dir/Drivers/E22/e22.c.obj (__aeabi_ddiv)
C:/Users/90722/AppData/Local/stm32cube/bundles/gnu-tools-for-stm32/14.3.1+st.2/bin/../lib/gcc/arm-none-eabi/14.3.1/thumb/v7-m/nofp\libgcc.a(_arm_fixunsdfsi.o)
                              CMakeFiles/lora_node.dir/Drivers/E22/e22.c.obj (__aeabi_d2uiz)
C:/Users/90722/AppData/Local/stm32cube/bundles/gnu-tools-for-stm32/14.3.1+st.2/bin/../lib/gcc/arm-none-eabi/14.3.1/../../../../arm-none-eabi/lib/thumb/v7-m/nofp\libg_nano.a(libc_a-exit.o)
                              C:/Users/90722/AppData/Local/stm32cube/bundles/gnu-tools-for-stm32/14.3.1+st.2/bin/../lib/gcc/arm-none-eabi/14.3.1/../../../../arm-none-eabi/lib/thumb/v7-m/nofp/crt0.o (exit)
C:/Users/90722/AppData/Local/stm32cube/bundles/gnu-tools-for-stm32/14.3.1+st.2/bin/../lib/gcc/arm-none-eabi/14.3.1/../../../../arm-none-eabi/lib/thumb/v7-m/nofp\libg_nano.a(libc_a-findfp.o)
                              C:/Users/90722/AppData/Local/stm32cube/bundles/gnu-tools-for-stm32/14.3.1+st.2/bin/../lib/gcc/arm-none-eabi/14.3.1/../../../../arm-none-eabi/lib/thumb/v7-m/nofp\libg_nano.a(libc_a-exit.o) (__stdio_exit_handler)
C:/Users/90722/AppData/Local/stm32cube/bundles/gnu-tools-for-stm32/14.3.1+st.2/bin/../lib/gcc/arm-none-eabi/14.3.1/../../../../arm-none-eabi/lib/thumb/v7-m/nofp\libg_nano.a(libc_a-fwalk.o)
                              C:/Users/90722/AppData/Local/stm32cube/bundles/gnu-tools-for-stm32/14.3.1+st.2/bin/../lib/gcc/arm-none-eabi/14.3.1/../../../../arm-none-eabi/lib/thumb/v7-m/nofp\libg_nano.a(libc_a-findfp.o) (_fwalk_sglue)
C:/Users/90722/AppData/Local/stm32cube/bundles/gnu-tools-for-stm32/14.3.1+st.2/bin/../lib/gcc/arm-none-eabi/14.3.1/../../../../arm-none-eabi/lib/thumb/v7-m/nofp\libg_nano.a(libc_a-snprintf.o)
                              CMakeFiles/lora_node.dir/Core/Src/main.c.obj (snprintf)
C:/Users/90722/AppData/Local/stm32cube/bundles/gnu-tools-for-stm32/14.3.1+st.2/bin/../lib/gcc/arm-none-eabi/14.3.1/../../../../arm-none-eabi/lib/thumb/v7-m/nofp\libg_nano.a(libc_a-sprintf.o)
                              CMakeFiles/lora_node.dir/App/app.c.obj (sprintf)
C:/Users/90722/AppData/Local/stm32cube/bundles/gnu-tools-for-stm32/14.3.1+st.2/bin/../lib/gcc/arm-none-eabi/14.3.1/../../../../arm-none-eabi/lib/thumb/v7-m/nofp\libg_nano.a(libc_a-stdio.o)
                              C:/Users/90722/AppData/Local/stm32cube/bundles/gnu-tools-for-stm32/14.3.1+st.2/bin/../lib/gcc/arm-none-eabi/14.3.1/../../../../arm-none-eabi/lib/thumb/v7-m/nofp\libg_nano.a(libc_a-findfp.o) (__sread)
C:/Users/90722/AppData/Local/stm32cube/bundles/gnu-tools-for-stm32/14.3.1+st.2/bin/../lib/gcc/arm-none-eabi/14.3.1/../../../../arm-none-eabi/lib/thumb/v7-m/nofp\libg_nano.a(libc_a-memmove.o)
                              CMakeFiles/lora_node.dir/Drivers/OLED/oled.c.obj (memmove)
C:/Users/90722/AppData/Local/stm32cube/bundles/gnu-tools-for-stm32/14.3.1+st.2/bin/../lib/gcc/arm-none-eabi/14.3.1/../../../../arm-none-eabi/lib/thumb/v7-m/nofp\libg_nano.a(libc_a-memset.o)
                              C:/Users/90722/AppData/Local/stm32cube/bundles/gnu-tools-for-stm32/14.3.1+st.2/bin/../lib/gcc/arm-none-eabi/14.3.1/../../../../arm-none-eabi/lib/thumb/v7-m/nofp/crt0.o (memset)
C:/Users/90722/AppData/Local/stm32cube/bundles/gnu-tools-for-stm32/14.3.1+st.2/bin/../lib/gcc/arm-none-eabi/14.3.1/../../../../arm-none-eabi/lib/thumb/v7-m/nofp\libg_nano.a(libc_a-closer.o)
                              C:/Users/90722/AppData/Local/stm32cube/bundles/gnu-tools-for-stm32/14.3.1+st.2/bin/../lib/gcc/arm-none-eabi/14.3.1/../../../../arm-none-eabi/lib/thumb/v7-m/nofp\libg_nano.a(libc_a-stdio.o) (_close_r)
C:/Users/90722/AppData/Local/stm32cube/bundles/gnu-tools-for-stm32/14.3.1+st.2/bin/../lib/gcc/arm-none-eabi/14.3.1/../../../../arm-none-eabi/lib/thumb/v7-m/nofp\libg_nano.a(libc_a-reent.o)
                              C:/Users/90722/AppData/Local/stm32cube/bundles/gnu-tools-for-stm32/14.3.1+st.2/bin/../lib/gcc/arm-none-eabi/14.3.1/../../../../arm-none-eabi/lib/thumb/v7-m/nofp\libg_nano.a(libc_a-closer.o) (errno)
C:/Users/90722/AppData/Local/stm32cube/bundles/gnu-tools-for-stm32/14.3.1+st.2/bin/../lib/gcc/arm-none-eabi/14.3.1/../../../../arm-none-eabi/lib/thumb/v7-m/nofp\libg_nano.a(libc_a-impure.o)
                              C:/Users/90722/AppData/Local/stm32cube/bundles/gnu-tools-for-stm32/14.3.1+st.2/bin/../lib/gcc/arm-none-eabi/14.3.1/../../../../arm-none-eabi/lib/thumb/v7-m/nofp\libg_nano.a(libc_a-snprintf.o) (_impure_ptr)
[...]
Memory Configuration

Name             Origin             Length             Attributes
RAM              0x20000000         0x00005000         xrw
FLASH            0x08000000         0x00010000         xr
*default*        0x00000000         0xffffffff

Linker script and memory map

LOAD C:/Users/90722/AppData/Local/stm32cube/bundles/gnu-tools-for-stm32/14.3.1+st.2/bin/../lib/gcc/arm-none-eabi/14.3.1/thumb/v7-m/nofp/crti.o
LOAD C:/Users/90722/AppData/Local/stm32cube/bundles/gnu-tools-for-stm32/14.3.1+st.2/bin/../lib/gcc/arm-none-eabi/14.3.1/thumb/v7-m/nofp/crtbegin.o
LOAD C:/Users/90722/AppData/Local/stm32cube/bundles/gnu-tools-for-stm32/14.3.1+st.2/bin/../lib/gcc/arm-none-eabi/14.3.1/../../../../arm-none-eabi/lib/thumb/v7-m/nofp/crt0.o
LOAD cmake/stm32cubemx/CMakeFiles/STM32_Drivers.dir/__/__/Core/Src/system_stm32f1xx.c.obj
LOAD cmake/stm32cubemx/CMakeFiles/STM32_Drivers.dir/__/__/Drivers/STM32F1xx_HAL_Driver/Src/stm32f1xx_ll_gpio.c.obj
LOAD cmake/stm32cubemx/CMakeFiles/STM32_Drivers.dir/__/__/Drivers/STM32F1xx_HAL_Driver/Src/stm32f1xx_ll_i2c.c.obj
LOAD cmake/stm32cubemx/CMakeFiles/STM32_Drivers.dir/__/__/Drivers/STM32F1xx_HAL_Driver/Src/stm32f1xx_ll_dma.c.obj
LOAD cmake/stm32cubemx/CMakeFiles/STM32_Drivers.dir/__/__/Drivers/STM32F1xx_HAL_Driver/Src/stm32f1xx_ll_rcc.c.obj
LOAD cmake/stm32cubemx/CMakeFiles/STM32_Drivers.dir/__/__/Drivers/STM32F1xx_HAL_Driver/Src/stm32f1xx_ll_utils.c.obj
LOAD cmake/stm32cubemx/CMakeFiles/STM32_Drivers.dir/__/__/Drivers/STM32F1xx_HAL_Driver/Src/stm32f1xx_ll_exti.c.obj
LOAD cmake/stm32cubemx/CMakeFiles/STM32_Drivers.dir/__/__/Drivers/STM32F1xx_HAL_Driver/Src/stm32f1xx_ll_spi.c.obj
LOAD cmake/stm32cubemx/CMakeFiles/STM32_Drivers.dir/__/__/Drivers/STM32F1xx_HAL_Driver/Src/stm32f1xx_ll_pwr.c.obj
LOAD cmake/stm32cubemx/CMakeFiles/STM32_Drivers.dir/__/__/Drivers/STM32F1xx_HAL_Driver/Src/stm32f1xx_ll_usart.c.obj
LOAD CMakeFiles/lora_node.dir/Core/Src/main.c.obj
LOAD CMakeFiles/lora_node.dir/Core/Src/stm32f1xx_it.c.obj
LOAD CMakeFiles/lora_node.dir/Core/Src/sysmem.c.obj
LOAD CMakeFiles/lora_node.dir/Core/Src/syscalls.c.obj
LOAD CMakeFiles/lora_node.dir/startup_stm32f103xb.s.obj
LOAD CMakeFiles/lora_node.dir/Drivers/OLED/oled.c.obj
LOAD CMakeFiles/lora_node.dir/Drivers/E22/e22.c.obj
LOAD CMakeFiles/lora_node.dir/Drivers/Keyboard/keyboard.c.obj
LOAD CMakeFiles/lora_node.dir/App/app.c.obj
LOAD CMakeFiles/lora_node.dir/App/uart_protocol.c.obj
LOAD C:/Users/90722/AppData/Local/stm32cube/bundles/gnu-tools-for-stm32/14.3.1+st.2/bin/../lib/gcc/arm-none-eabi/14.3.1/../../../../arm-none-eabi/lib/thumb/v7-m/nofp\libm.a
START GROUP
LOAD C:/Users/90722/AppData/Local/stm32cube/bundles/gnu-tools-for-stm32/14.3.1+st.2/bin/../lib/gcc/arm-none-eabi/14.3.1/thumb/v7-m/nofp\libgcc.a
LOAD C:/Users/90722/AppData/Local/stm32cube/bundles/gnu-tools-for-stm32/14.3.1+st.2/bin/../lib/gcc/arm-none-eabi/14.3.1/../../../../arm-none-eabi/lib/thumb/v7-m/nofp\libg_nano.a
LOAD C:/Users/90722/AppData/Local/stm32cube/bundles/gnu-tools-for-stm32/14.3.1+st.2/bin/../lib/gcc/arm-none-eabi/14.3.1/../../../../arm-none-eabi/lib/thumb/v7-m/nofp\libc_nano.a
END GROUP
START GROUP
LOAD C:/Users/90722/AppData/Local/stm32cube/bundles/gnu-tools-for-stm32/14.3.1+st.2/bin/../lib/gcc/arm-none-eabi/14.3.1/thumb/v7-m/nofp\libgcc.a
LOAD C:/Users/90722/AppData/Local/stm32cube/bundles/gnu-tools-for-stm32/14.3.1+st.2/bin/../lib/gcc/arm-none-eabi/14.3.1/../../../../arm-none-eabi/lib/thumb/v7-m/nofp\libc_nano.a
END GROUP
LOAD C:/Users/90722/AppData/Local/stm32cube/bundles/gnu-tools-for-stm32/14.3.1+st.2/bin/../lib/gcc/arm-none-eabi/14.3.1/thumb/v7-m/nofp/crtend.o
LOAD C:/Users/90722/AppData/Local/stm32cube/bundles/gnu-tools-for-stm32/14.3.1+st.2/bin/../lib/gcc/arm-none-eabi/14.3.1/thumb/v7-m/nofp/crtn.o
                0x20005000                        _estack = (ORIGIN (RAM) + LENGTH (RAM))
                0x00000200                        _Min_Heap_Size = 0x200
                0x00000400                        _Min_Stack_Size = 0x400

.isr_vector     0x08000000      0x10c
                0x08000000                        . = ALIGN (0x4)
 *(.isr_vector)
 .isr_vector    0x08000000      0x10c CMakeFiles/lora_node.dir/startup_stm32f103xb.s.obj
                0x08000000                g_pfnVectors
                0x0800010c                        . = ALIGN (0x4)

.text           0x08000110     0x5c40
                0x08000110                        . = ALIGN (0x4)
 *(.text)
 .text          0x08000110       0x40 C:/Users/90722/AppData/Local/stm32cube/bundles/gnu-tools-for-stm32/14.3.1+st.2/bin/../lib/gcc/arm-none-eabi/14.3.1/thumb/v7-m/nofp/crtbegin.o
 .text          0x08000150      0x378 C:/Users/90722/AppData/Local/stm32cube/bundles/gnu-tools-for-stm32/14.3.1+st.2/bin/../lib/gcc/arm-none-eabi/14.3.1/thumb/v7-m/nofp\libgcc.a(_arm_addsubdf3.o)
                0x08000150                __aeabi_drsub
                0x08000158                __aeabi_dsub
                0x08000158                __subdf3
                0x0800015c                __aeabi_dadd
                0x0800015c                __adddf3
                0x080003d4                __floatunsidf
                0x080003d4                __aeabi_ui2d
                0x080003f4                __floatsidf
                0x080003f4                __aeabi_i2d
                0x08000418                __aeabi_f2d
                0x08000418                __extendsfdf2
                0x0800045c                __floatundidf
                0x0800045c                __aeabi_ul2d
                0x0800046c                __floatdidf
                0x0800046c                __aeabi_l2d
 .text          0x080004c8      0x424 C:/Users/90722/AppData/Local/stm32cube/bundles/gnu-tools-for-stm32/14.3.1+st.2/bin/../lib/gcc/arm-none-eabi/14.3.1/thumb/v7-m/nofp\libgcc.a(_arm_muldivdf3.o)
                0x080004c8                __aeabi_dmul
                0x080004c8                __muldf3
                0x0800071c                __divdf3
                0x0800071c                __aeabi_ddiv
 .text          0x080008ec       0x40 C:/Users/90722/AppData/Local/stm32cube/bundles/gnu-tools-for-stm32/14.3.1+st.2/bin/../lib/gcc/arm-none-eabi/14.3.1/thumb/v7-m/nofp\libgcc.a(_arm_fixunsdfsi.o)
                0x080008ec                __aeabi_d2uiz
                0x080008ec                __fixunsdfsi
 .text          0x0800092c       0x10 C:/Users/90722/AppData/Local/stm32cube/bundles/gnu-tools-for-stm32/14.3.1+st.2/bin/../lib/gcc/arm-none-eabi/14.3.1/../../../../arm-none-eabi/lib/thumb/v7-m/nofp\libg_nano.a(libc_a-strlen.o)
                0x0800092c                strlen
 *(.text*)
 .text.SystemInit
                0x0800093c        0xc cmake/stm32cubemx/CMakeFiles/STM32_Drivers.dir/__/__/Core/Src/system_stm32f1xx.c.obj
                0x0800093c                SystemInit
 .text.LL_GPIO_SetPinMode
                0x08000948       0x64 cmake/stm32cubemx/CMakeFiles/STM32_Drivers.dir/__/__/Drivers/STM32F1xx_HAL_Driver/Src/stm32f1xx_ll_gpio.c.obj
 .text.LL_GPIO_SetPinSpeed
                0x080009ac       0x64 cmake/stm32cubemx/CMakeFiles/STM32_Drivers.dir/__/__/Drivers/STM32F1xx_HAL_Driver/Src/stm32f1xx_ll_gpio.c.obj
 .text.LL_GPIO_SetPinOutputType
                0x08000a10       0x64 cmake/stm32cubemx/CMakeFiles/STM32_Drivers.dir/__/__/Drivers/STM32F1xx_HAL_Driver/Src/stm32f1xx_ll_gpio.c.obj
 .text.LL_GPIO_SetPinPull
                0x08000a74       0x44 cmake/stm32cubemx/CMakeFiles/STM32_Drivers.dir/__/__/Drivers/STM32F1xx_HAL_Driver/Src/stm32f1xx_ll_gpio.c.obj
 .text.LL_GPIO_Init
                0x08000ab8      0x1b8 cmake/stm32cubemx/CMakeFiles/STM32_Drivers.dir/__/__/Drivers/STM32F1xx_HAL_Driver/Src/stm32f1xx_ll_gpio.c.obj
                0x08000ab8                LL_GPIO_Init
 .text.LL_I2C_Enable
                0x08000c70       0x1e cmake/stm32cubemx/CMakeFiles/STM32_Drivers.dir/__/__/Drivers/STM32F1xx_HAL_Driver/Src/stm32f1xx_ll_i2c.c.obj
 .text.LL_I2C_Disable
                0x08000c8e       0x1e cmake/stm32cubemx/CMakeFiles/STM32_Drivers.dir/__/__/Drivers/STM32F1xx_HAL_Driver/Src/stm32f1xx_ll_i2c.c.obj
 .text.LL_I2C_SetOwnAddress1
                0x08000cac       0x2e cmake/stm32cubemx/CMakeFiles/STM32_Drivers.dir/__/__/Drivers/STM32F1xx_HAL_Driver/Src/stm32f1xx_ll_i2c.c.obj
 *fill*         0x08000cda        0x2 
 .text.LL_I2C_ConfigSpeed
                0x08000cdc      0x12c cmake/stm32cubemx/CMakeFiles/STM32_Drivers.dir/__/__/Drivers/STM32F1xx_HAL_Driver/Src/stm32f1xx_ll_i2c.c.obj
 .text.LL_I2C_SetMode
                0x08000e08       0x24 cmake/stm32cubemx/CMakeFiles/STM32_Drivers.dir/__/__/Drivers/STM32F1xx_HAL_Driver/Src/stm32f1xx_ll_i2c.c.obj
 .text.LL_I2C_AcknowledgeNextData
                0x08000e2c       0x24 cmake/stm32cubemx/CMakeFiles/STM32_Drivers.dir/__/__/Drivers/STM32F1xx_HAL_Driver/Src/stm32f1xx_ll_i2c.c.obj
 .text.LL_I2C_Init
                0x08000e50      0x130 cmake/stm32cubemx/CMakeFiles/STM32_Drivers.dir/__/__/Drivers/STM32F1xx_HAL_Driver/Src/stm32f1xx_ll_i2c.c.obj
                0x08000e50                LL_I2C_Init
 .text.LL_RCC_GetSysClkSource
                0x08000f80       0x18 cmake/stm32cubemx/CMakeFiles/STM32_Drivers.dir/__/__/Drivers/STM32F1xx_HAL_Driver/Src/stm32f1xx_ll_rcc.c.obj
 .text.LL_RCC_GetAHBPrescaler
                0x08000f98       0x18 cmake/stm32cubemx/CMakeFiles/STM32_Drivers.dir/__/__/Drivers/STM32F1xx_HAL_Driver/Src/stm32f1xx_ll_rcc.c.obj
 .text.LL_RCC_GetAPB1Prescaler
                0x08000fb0       0x18 cmake/stm32cubemx/CMakeFiles/STM32_Drivers.dir/__/__/Drivers/STM32F1xx_HAL_Driver/Src/stm32f1xx_ll_rcc.c.obj
 .text.LL_RCC_GetAPB2Prescaler
                0x08000fc8       0x18 cmake/stm32cubemx/CMakeFiles/STM32_Drivers.dir/__/__/Drivers/STM32F1xx_HAL_Driver/Src/stm32f1xx_ll_rcc.c.obj
 .text.LL_RCC_PLL_GetMainSource
                0x08000fe0       0x18 cmake/stm32cubemx/CMakeFiles/STM32_Drivers.dir/__/__/Drivers/STM32F1xx_HAL_Driver/Src/stm32f1xx_ll_rcc.c.obj
 .text.LL_RCC_PLL_GetMultiplicator
                0x08000ff8       0x18 cmake/stm32cubemx/CMakeFiles/STM32_Drivers.dir/__/__/Drivers/STM32F1xx_HAL_Driver/Src/stm32f1xx_ll_rcc.c.obj
 .text.LL_RCC_PLL_GetPrediv
                0x08001010       0x1c cmake/stm32cubemx/CMakeFiles/STM32_Drivers.dir/__/__/Drivers/STM32F1xx_HAL_Driver/Src/stm32f1xx_ll_rcc.c.obj
 .text.LL_RCC_GetSystemClocksFreq
                0x0800102c       0x4a cmake/stm32cubemx/CMakeFiles/STM32_Drivers.dir/__/__/Drivers/STM32F1xx_HAL_Driver/Src/stm32f1xx_ll_rcc.c.obj
                0x0800102c                LL_RCC_GetSystemClocksFreq
 *fill*         0x08001076        0x2 
 .text.RCC_GetSystemClockFreq
                0x08001078       0x4c cmake/stm32cubemx/CMakeFiles/STM32_Drivers.dir/__/__/Drivers/STM32F1xx_HAL_Driver/Src/stm32f1xx_ll_rcc.c.obj
                0x08001078                RCC_GetSystemClockFreq
 .text.RCC_GetHCLKClockFreq
                0x080010c4       0x2c cmake/stm32cubemx/CMakeFiles/STM32_Drivers.dir/__/__/Drivers/STM32F1xx_HAL_Driver/Src/stm32f1xx_ll_rcc.c.obj
                0x080010c4                RCC_GetHCLKClockFreq
 .text.RCC_GetPCLK1ClockFreq
                0x080010f0       0x28 cmake/stm32cubemx/CMakeFiles/STM32_Drivers.dir/__/__/Drivers/STM32F1xx_HAL_Driver/Src/stm32f1xx_ll_rcc.c.obj
                0x080010f0                RCC_GetPCLK1ClockFreq
 .text.RCC_GetPCLK2ClockFreq
                0x08001118       0x28 cmake/stm32cubemx/CMakeFiles/STM32_Drivers.dir/__/__/Drivers/STM32F1xx_HAL_Driver/Src/stm32f1xx_ll_rcc.c.obj
                0x08001118                RCC_GetPCLK2ClockFreq
 .text.RCC_PLL_GetFreqDomain_SYS
                0x08001140       0x64 cmake/stm32cubemx/CMakeFiles/STM32_Drivers.dir/__/__/Drivers/STM32F1xx_HAL_Driver/Src/stm32f1xx_ll_rcc.c.obj
                0x08001140                RCC_PLL_GetFreqDomain_SYS
 .text.LL_SetSystemCoreClock
                0x080011a4       0x1c cmake/stm32cubemx/CMakeFiles/STM32_Drivers.dir/__/__/Drivers/STM32F1xx_HAL_Driver/Src/stm32f1xx_ll_utils.c.obj
                0x080011a4                LL_SetSystemCoreClock
 .text.LL_SPI_IsEnabled
                0x080011c0       0x24 cmake/stm32cubemx/CMakeFiles/STM32_Drivers.dir/__/__/Drivers/STM32F1xx_HAL_Driver/Src/stm32f1xx_ll_spi.c.obj
 .text.LL_SPI_SetCRCPolynomial
                0x080011e4       0x1e cmake/stm32cubemx/CMakeFiles/STM32_Drivers.dir/__/__/Drivers/STM32F1xx_HAL_Driver/Src/stm32f1xx_ll_spi.c.obj
 *fill*         0x08001202        0x2 
 .text.LL_SPI_Init
                0x08001204      0x1fc cmake/stm32cubemx/CMakeFiles/STM32_Drivers.dir/__/__/Drivers/STM32F1xx_HAL_Driver/Src/stm32f1xx_ll_spi.c.obj
                0x08001204                LL_SPI_Init
 .text.LL_USART_IsEnabled
                0x08001400       0x26 cmake/stm32cubemx/CMakeFiles/STM32_Drivers.dir/__/__/Drivers/STM32F1xx_HAL_Driver/Src/stm32f1xx_ll_usart.c.obj
 .text.LL_USART_SetStopBitsLength
                0x08001426       0x24 cmake/stm32cubemx/CMakeFiles/STM32_Drivers.dir/__/__/Drivers/STM32F1xx_HAL_Driver/Src/stm32f1xx_ll_usart.c.obj
 .text.LL_USART_SetHWFlowCtrl
                0x0800144a       0x24 cmake/stm32cubemx/CMakeFiles/STM32_Drivers.dir/__/__/Drivers/STM32F1xx_HAL_Driver/Src/stm32f1xx_ll_usart.c.obj
 *fill*         0x0800146e        0x2 
 .text.LL_USART_SetBaudRate
                0x08001470       0xbc cmake/stm32cubemx/CMakeFiles/STM32_Drivers.dir/__/__/Drivers/STM32F1xx_HAL_Driver/Src/stm32f1xx_ll_usart.c.obj
 .text.LL_USART_Init
                0x0800152c      0x1d0 cmake/stm32cubemx/CMakeFiles/STM32_Drivers.dir/__/__/Drivers/STM32F1xx_HAL_Driver/Src/stm32f1xx_ll_usart.c.obj
                0x0800152c                LL_USART_Init
 .text.__NVIC_EnableIRQ
                0x080016fc       0x38 CMakeFiles/lora_node.dir/Core/Src/main.c.obj
 .text.__NVIC_SetPriority
                0x08001734       0x54 CMakeFiles/lora_node.dir/Core/Src/main.c.obj
 .text.SysTick_Config
                0x08001788       0x44 CMakeFiles/lora_node.dir/Core/Src/main.c.obj
 .text.LL_RCC_HSE_Enable
                0x080017cc       0x1c CMakeFiles/lora_node.dir/Core/Src/main.c.obj
 .text.LL_RCC_HSE_IsReady
                0x080017e8       0x24 CMakeFiles/lora_node.dir/Core/Src/main.c.obj
 .text.LL_RCC_LSI_Enable
                0x0800180c       0x1c CMakeFiles/lora_node.dir/Core/Src/main.c.obj
 .text.LL_RCC_LSI_IsReady
                0x08001828       0x24 CMakeFiles/lora_node.dir/Core/Src/main.c.obj
 .text.LL_RCC_SetSysClkSource
                0x0800184c       0x28 CMakeFiles/lora_node.dir/Core/Src/main.c.obj
 .text.LL_RCC_GetSysClkSource
                0x08001874       0x18 CMakeFiles/lora_node.dir/Core/Src/main.c.obj
 .text.LL_RCC_SetAHBPrescaler
                0x0800188c       0x28 CMakeFiles/lora_node.dir/Core/Src/main.c.obj
 .text.LL_RCC_SetAPB1Prescaler
                0x080018b4       0x28 CMakeFiles/lora_node.dir/Core/Src/main.c.obj
 .text.LL_RCC_SetAPB2Prescaler
                0x080018dc       0x28 CMakeFiles/lora_node.dir/Core/Src/main.c.obj
 .text.LL_RCC_PLL_Enable
                0x08001904       0x1c CMakeFiles/lora_node.dir/Core/Src/main.c.obj
 .text.LL_RCC_PLL_IsReady
                0x08001920       0x24 CMakeFiles/lora_node.dir/Core/Src/main.c.obj
 .text.LL_RCC_PLL_ConfigDomain_SYS
                0x08001944       0x30 CMakeFiles/lora_node.dir/Core/Src/main.c.obj
 .text.LL_APB1_GRP1_EnableClock
                0x08001974       0x30 CMakeFiles/lora_node.dir/Core/Src/main.c.obj
 .text.LL_APB2_GRP1_EnableClock
                0x080019a4       0x30 CMakeFiles/lora_node.dir/Core/Src/main.c.obj
 .text.LL_FLASH_SetLatency
                0x080019d4       0x28 CMakeFiles/lora_node.dir/Core/Src/main.c.obj
 .text.LL_FLASH_GetLatency
                0x080019fc       0x18 CMakeFiles/lora_node.dir/Core/Src/main.c.obj
 .text.LL_SPI_Enable
                0x08001a14       0x1e CMakeFiles/lora_node.dir/Core/Src/main.c.obj
 .text.LL_USART_Enable
                0x08001a32       0x1e CMakeFiles/lora_node.dir/Core/Src/main.c.obj
 .text.LL_USART_IsActiveFlag_ORE
                0x08001a50       0x24 CMakeFiles/lora_node.dir/Core/Src/main.c.obj
 .text.LL_USART_IsActiveFlag_RXNE
                0x08001a74       0x24 CMakeFiles/lora_node.dir/Core/Src/main.c.obj
 .text.LL_USART_ClearFlag_ORE
                0x08001a98       0x22 CMakeFiles/lora_node.dir/Core/Src/main.c.obj
 .text.LL_USART_EnableIT_RXNE
                0x08001aba       0x44 CMakeFiles/lora_node.dir/Core/Src/main.c.obj
 .text.LL_USART_ReceiveData8
                0x08001afe       0x18 CMakeFiles/lora_node.dir/Core/Src/main.c.obj
 .text.LL_I2C_Enable
                0x08001b16       0x1e CMakeFiles/lora_node.dir/Core/Src/main.c.obj
 .text.LL_I2C_Disable
                0x08001b34       0x1e CMakeFiles/lora_node.dir/Core/Src/main.c.obj
 .text.LL_GPIO_IsInputPinSet
                0x08001b52       0x2c CMakeFiles/lora_node.dir/Core/Src/main.c.obj
 .text.LL_GPIO_SetOutputPin
                0x08001b7e       0x1e CMakeFiles/lora_node.dir/Core/Src/main.c.obj
 .text.LL_GPIO_AF_Remap_SWJ_NOJTAG
                0x08001b9c       0x20 CMakeFiles/lora_node.dir/Core/Src/main.c.obj
 .text.LL_IWDG_Enable
                0x08001bbc       0x1a CMakeFiles/lora_node.dir/Core/Src/main.c.obj
 .text.LL_IWDG_ReloadCounter
                0x08001bd6       0x1a CMakeFiles/lora_node.dir/Core/Src/main.c.obj
 .text.LL_IWDG_EnableWriteAccess
                0x08001bf0       0x1a CMakeFiles/lora_node.dir/Core/Src/main.c.obj
 .text.LL_IWDG_SetPrescaler
                0x08001c0a       0x1e CMakeFiles/lora_node.dir/Core/Src/main.c.obj
 .text.LL_IWDG_SetReloadCounter
                0x08001c28       0x1e CMakeFiles/lora_node.dir/Core/Src/main.c.obj
 .text.LL_IWDG_IsActiveFlag_PVU
                0x08001c46       0x24 CMakeFiles/lora_node.dir/Core/Src/main.c.obj
 .text.LL_IWDG_IsActiveFlag_RVU
                0x08001c6a       0x24 CMakeFiles/lora_node.dir/Core/Src/main.c.obj
 *fill*         0x08001c8e        0x2 
 .text.GetTick  0x08001c90       0x14 CMakeFiles/lora_node.dir/Core/Src/main.c.obj
                0x08001c90                GetTick
 .text.Delay_Ms
                0x08001ca4       0x30 CMakeFiles/lora_node.dir/Core/Src/main.c.obj
                0x08001ca4                Delay_Ms
 .text.SysTick_Handler
                0x08001cd4       0x1c CMakeFiles/lora_node.dir/Core/Src/main.c.obj
                0x08001cd4                SysTick_Handler
 .text.USART1_IRQHandler
                0x08001cf0       0x44 CMakeFiles/lora_node.dir/Core/Src/main.c.obj
                0x08001cf0                USART1_IRQHandler
 .text.IWDG_Init
                0x08001d34       0x5c CMakeFiles/lora_node.dir/Core/Src/main.c.obj
                0x08001d34                IWDG_Init
 .text.IWDG_Refresh
                0x08001d90       0x14 CMakeFiles/lora_node.dir/Core/Src/main.c.obj
                0x08001d90                IWDG_Refresh
 .text.MX_GPIO_Init
                0x08001da4      0x12c CMakeFiles/lora_node.dir/Core/Src/main.c.obj
 .text.MX_SPI1_Init
                0x08001ed0       0xa4 CMakeFiles/lora_node.dir/Core/Src/main.c.obj
 .text.MX_I2C1_Init
                0x08001f74       0x94 CMakeFiles/lora_node.dir/Core/Src/main.c.obj
 .text.MX_USART1_Init
                0x08002008       0xb4 CMakeFiles/lora_node.dir/Core/Src/main.c.obj
 .text.SystemClock_Config
                0x080020bc       0x84 CMakeFiles/lora_node.dir/Core/Src/main.c.obj
                0x080020bc                SystemClock_Config
 .text.Error_Handler
                0x08002140        0xc CMakeFiles/lora_node.dir/Core/Src/main.c.obj
                0x08002140                Error_Handler
 .text.Keyboard_HardwareTest
                0x0800214c      0x128 CMakeFiles/lora_node.dir/Core/Src/main.c.obj
 .text.main     0x08002274       0x70 CMakeFiles/lora_node.dir/Core/Src/main.c.obj
                0x08002274                main
 .text.assert_failed
                0x080022e4       0x14 CMakeFiles/lora_node.dir/Core/Src/main.c.obj
                0x080022e4                assert_failed
 .text.NMI_Handler
                0x080022f8        0x8 CMakeFiles/lora_node.dir/Core/Src/stm32f1xx_it.c.obj
                0x080022f8                NMI_Handler
 .text.HardFault_Handler
                0x08002300        0x8 CMakeFiles/lora_node.dir/Core/Src/stm32f1xx_it.c.obj
                0x08002300                HardFault_Handler
 .text.MemManage_Handler
                0x08002308        0x8 CMakeFiles/lora_node.dir/Core/Src/stm32f1xx_it.c.obj
                0x08002308                MemManage_Handler
 .text.BusFault_Handler
                0x08002310        0x8 CMakeFiles/lora_node.dir/Core/Src/stm32f1xx_it.c.obj
                0x08002310                BusFault_Handler
 .text.UsageFault_Handler
                0x08002318        0x8 CMakeFiles/lora_node.dir/Core/Src/stm32f1xx_it.c.obj
                0x08002318                UsageFault_Handler
 .text.SVC_Handler
                0x08002320        0xc CMakeFiles/lora_node.dir/Core/Src/stm32f1xx_it.c.obj
                0x08002320                SVC_Handler
 .text.DebugMon_Handler
                0x0800232c        0xc CMakeFiles/lora_node.dir/Core/Src/stm32f1xx_it.c.obj
                0x0800232c                DebugMon_Handler
 .text.PendSV_Handler
                0x08002338        0xc CMakeFiles/lora_node.dir/Core/Src/stm32f1xx_it.c.obj
                0x08002338                PendSV_Handler
 .text._sbrk    0x08002344       0x6c CMakeFiles/lora_node.dir/Core/Src/sysmem.c.obj
                0x08002344                _sbrk
 .text.Reset_Handler
                0x080023b0       0x48 CMakeFiles/lora_node.dir/startup_stm32f103xb.s.obj
                0x080023b0                Reset_Handler
 .text.Default_Handler
                0x080023f8        0x2 CMakeFiles/lora_node.dir/startup_stm32f103xb.s.obj
                0x080023f8                RTC_Alarm_IRQHandler
                0x080023f8                EXTI2_IRQHandler
                0x080023f8                TIM1_CC_IRQHandler
                0x080023f8                PVD_IRQHandler
                0x080023f8                EXTI3_IRQHandler
                0x080023f8                EXTI0_IRQHandler
                0x080023f8                I2C2_EV_IRQHandler
                0x080023f8                ADC1_2_IRQHandler
                0x080023f8                SPI1_IRQHandler
                0x080023f8                TAMPER_IRQHandler
                0x080023f8                DMA1_Channel4_IRQHandler
                0x080023f8                USART3_IRQHandler
                0x080023f8                RTC_IRQHandler
                0x080023f8                DMA1_Channel7_IRQHandler
                0x080023f8                CAN1_RX1_IRQHandler
                0x080023f8                TIM4_IRQHandler
                0x080023f8                I2C1_EV_IRQHandler
                0x080023f8                DMA1_Channel6_IRQHandler
                0x080023f8                TIM3_IRQHandler
                0x080023f8                RCC_IRQHandler
                0x080023f8                TIM1_TRG_COM_IRQHandler
                0x080023f8                DMA1_Channel1_IRQHandler
                0x080023f8                Default_Handler
                0x080023f8                EXTI15_10_IRQHandler
                0x080023f8                EXTI9_5_IRQHandler
                0x080023f8                SPI2_IRQHandler
                0x080023f8                DMA1_Channel5_IRQHandler
                0x080023f8                EXTI4_IRQHandler
                0x080023f8                USB_LP_CAN1_RX0_IRQHandler
                0x080023f8                USB_HP_CAN1_TX_IRQHandler
                0x080023f8                DMA1_Channel3_IRQHandler
                0x080023f8                TIM1_UP_IRQHandler
                0x080023f8                WWDG_IRQHandler
                0x080023f8                TIM2_IRQHandler
                0x080023f8                TIM1_BRK_IRQHandler
                0x080023f8                EXTI1_IRQHandler
                0x080023f8                USART2_IRQHandler
                0x080023f8                I2C2_ER_IRQHandler
                0x080023f8                DMA1_Channel2_IRQHandler
                0x080023f8                CAN1_SCE_IRQHandler
                0x080023f8                FLASH_IRQHandler
                0x080023f8                I2C1_ER_IRQHandler
                0x080023f8                USBWakeUp_IRQHandler
 .text.LL_I2C_IsActiveFlag_TXE
                0x080023fa       0x24 CMakeFiles/lora_node.dir/Drivers/OLED/oled.c.obj
 .text.LL_I2C_IsActiveFlag_BTF
                0x0800241e       0x24 CMakeFiles/lora_node.dir/Drivers/OLED/oled.c.obj
 .text.LL_I2C_IsActiveFlag_SB
                0x08002442       0x24 CMakeFiles/lora_node.dir/Drivers/OLED/oled.c.obj
 .text.LL_I2C_IsActiveFlag_ADDR
                0x08002466       0x24 CMakeFiles/lora_node.dir/Drivers/OLED/oled.c.obj
 .text.LL_I2C_ClearFlag_ADDR
                0x0800248a       0x22 CMakeFiles/lora_node.dir/Drivers/OLED/oled.c.obj
 .text.LL_I2C_GenerateStartCondition
                0x080024ac       0x1e CMakeFiles/lora_node.dir/Drivers/OLED/oled.c.obj
 .text.LL_I2C_GenerateStopCondition
                0x080024ca       0x1e CMakeFiles/lora_node.dir/Drivers/OLED/oled.c.obj
 .text.LL_I2C_TransmitData8
                0x080024e8       0x26 CMakeFiles/lora_node.dir/Drivers/OLED/oled.c.obj
 *fill*         0x0800250e        0x2 
 .text.I2C_Start
                0x08002510       0x24 CMakeFiles/lora_node.dir/Drivers/OLED/oled.c.obj
 .text.I2C_Stop
                0x08002534       0x14 CMakeFiles/lora_node.dir/Drivers/OLED/oled.c.obj
 .text.I2C_SendAddr
                0x08002548       0x34 CMakeFiles/lora_node.dir/Drivers/OLED/oled.c.obj
 .text.I2C_SendByte
                0x0800257c       0x40 CMakeFiles/lora_node.dir/Drivers/OLED/oled.c.obj
 .text.OLED_SendCmd
                0x080025bc       0x2e CMakeFiles/lora_node.dir/Drivers/OLED/oled.c.obj
 .text.OLED_SendData
                0x080025ea       0x2e CMakeFiles/lora_node.dir/Drivers/OLED/oled.c.obj
 .text.OLED_Init
                0x08002618       0x40 CMakeFiles/lora_node.dir/Drivers/OLED/oled.c.obj
                0x08002618                OLED_Init
 .text.OLED_Clear
                0x08002658       0x18 CMakeFiles/lora_node.dir/Drivers/OLED/oled.c.obj
                0x08002658                OLED_Clear
 .text.OLED_Update
                0x08002670       0x64 CMakeFiles/lora_node.dir/Drivers/OLED/oled.c.obj
                0x08002670                OLED_Update
 .text.OLED_DrawPixel
                0x080026d4       0x94 CMakeFiles/lora_node.dir/Drivers/OLED/oled.c.obj
                0x080026d4                OLED_DrawPixel
 .text.OLED_DrawChar
                0x08002768      0x188 CMakeFiles/lora_node.dir/Drivers/OLED/oled.c.obj
                0x08002768                OLED_DrawChar
 .text.OLED_DrawString
                0x080028f0       0x7a CMakeFiles/lora_node.dir/Drivers/OLED/oled.c.obj
                0x080028f0                OLED_DrawString
 *fill*         0x0800296a        0x2 
 .text.OLED_DrawStringInverse
                0x0800296c      0x144 CMakeFiles/lora_node.dir/Drivers/OLED/oled.c.obj
                0x0800296c                OLED_DrawStringInverse
 .text.OLED_ClearArea
                0x08002ab0       0x70 CMakeFiles/lora_node.dir/Drivers/OLED/oled.c.obj
                0x08002ab0                OLED_ClearArea
 .text.LL_SPI_IsActiveFlag_RXNE
                0x08002b20       0x24 CMakeFiles/lora_node.dir/Drivers/E22/e22.c.obj
 .text.LL_SPI_IsActiveFlag_TXE
                0x08002b44       0x24 CMakeFiles/lora_node.dir/Drivers/E22/e22.c.obj
 .text.LL_SPI_ReceiveData8
                0x08002b68       0x1a CMakeFiles/lora_node.dir/Drivers/E22/e22.c.obj
 .text.LL_SPI_TransmitData8
                0x08002b82       0x22 CMakeFiles/lora_node.dir/Drivers/E22/e22.c.obj
 .text.LL_GPIO_IsInputPinSet
                0x08002ba4       0x2c CMakeFiles/lora_node.dir/Drivers/E22/e22.c.obj
 .text.LL_GPIO_SetOutputPin
                0x08002bd0       0x1e CMakeFiles/lora_node.dir/Drivers/E22/e22.c.obj
 .text.LL_GPIO_ResetOutputPin
                0x08002bee       0x1e CMakeFiles/lora_node.dir/Drivers/E22/e22.c.obj
 .text.WaitBusy
                0x08002c0c       0x48 CMakeFiles/lora_node.dir/Drivers/E22/e22.c.obj
 .text.SpiTransfer
                0x08002c54       0x44 CMakeFiles/lora_node.dir/Drivers/E22/e22.c.obj
 .text.WriteCommand
                0x08002c98       0x60 CMakeFiles/lora_node.dir/Drivers/E22/e22.c.obj
 .text.ReadCommand
                0x08002cf8       0x68 CMakeFiles/lora_node.dir/Drivers/E22/e22.c.obj
 .text.WriteRegister
                0x08002d60       0x74 CMakeFiles/lora_node.dir/Drivers/E22/e22.c.obj
 .text.WriteBuffer
                0x08002dd4       0x64 CMakeFiles/lora_node.dir/Drivers/E22/e22.c.obj
 .text.ReadBuffer
                0x08002e38       0x6c CMakeFiles/lora_node.dir/Drivers/E22/e22.c.obj
 .text.SetStandby
                0x08002ea4       0x24 CMakeFiles/lora_node.dir/Drivers/E22/e22.c.obj
 .text.SetPacketType
                0x08002ec8       0x1e CMakeFiles/lora_node.dir/Drivers/E22/e22.c.obj
 .text.SetDio3AsTcxoCtrl
                0x08002ee6       0x3e CMakeFiles/lora_node.dir/Drivers/E22/e22.c.obj
 .text.SetDio2AsRfSwitchCtrl
                0x08002f24       0x1e CMakeFiles/lora_node.dir/Drivers/E22/e22.c.obj
 .text.SetRegulatorMode
                0x08002f42       0x1e CMakeFiles/lora_node.dir/Drivers/E22/e22.c.obj
 .text.SetBufferBaseAddress
                0x08002f60       0x2e CMakeFiles/lora_node.dir/Drivers/E22/e22.c.obj
 .text.Calibrate
                0x08002f8e       0x24 CMakeFiles/lora_node.dir/Drivers/E22/e22.c.obj
 *fill*         0x08002fb2        0x6 
 .text.SetRfFrequencyRaw
                0x08002fb8       0x68 CMakeFiles/lora_node.dir/Drivers/E22/e22.c.obj
 .text.SetPaConfig
                0x08003020       0x28 CMakeFiles/lora_node.dir/Drivers/E22/e22.c.obj
 .text.SetTxParams
                0x08003048       0x48 CMakeFiles/lora_node.dir/Drivers/E22/e22.c.obj
 .text.SetModulationParams
                0x08003090       0x4c CMakeFiles/lora_node.dir/Drivers/E22/e22.c.obj
 .text.SetPacketParams
                0x080030dc       0x56 CMakeFiles/lora_node.dir/Drivers/E22/e22.c.obj
 .text.SetLoraSyncWord
                0x08003132       0x32 CMakeFiles/lora_node.dir/Drivers/E22/e22.c.obj
 .text.GetIrqStatus
                0x08003164       0x2c CMakeFiles/lora_node.dir/Drivers/E22/e22.c.obj
 .text.ClearIrqStatus
                0x08003190       0x30 CMakeFiles/lora_node.dir/Drivers/E22/e22.c.obj
 .text.SetTx    0x080031c0       0x34 CMakeFiles/lora_node.dir/Drivers/E22/e22.c.obj
 .text.SetRx    0x080031f4       0x34 CMakeFiles/lora_node.dir/Drivers/E22/e22.c.obj
 .text.GetRxBufferStatus
                0x08003228       0x2c CMakeFiles/lora_node.dir/Drivers/E22/e22.c.obj
 .text.GetPacketStatusRaw
                0x08003254       0x42 CMakeFiles/lora_node.dir/Drivers/E22/e22.c.obj
 *fill*         0x08003296        0x2 
 .text.E22_Init
                0x08003298       0xc4 CMakeFiles/lora_node.dir/Drivers/E22/e22.c.obj
                0x08003298                E22_Init
 .text.E22_Reset
                0x0800335c       0x2c CMakeFiles/lora_node.dir/Drivers/E22/e22.c.obj
                0x0800335c                E22_Reset
 .text.E22_SetFrequency
                0x08003388       0x1c CMakeFiles/lora_node.dir/Drivers/E22/e22.c.obj
                0x08003388                E22_SetFrequency
 .text.E22_SetTxPower
                0x080033a4       0x38 CMakeFiles/lora_node.dir/Drivers/E22/e22.c.obj
                0x080033a4                E22_SetTxPower
 .text.E22_SetSpreadingFactor
                0x080033dc       0x34 CMakeFiles/lora_node.dir/Drivers/E22/e22.c.obj
                0x080033dc                E22_SetSpreadingFactor
 .text.E22_SetBandwidth
                0x08003410       0x28 CMakeFiles/lora_node.dir/Drivers/E22/e22.c.obj
                0x08003410                E22_SetBandwidth
 .text.E22_SetCodingRate
                0x08003438       0x34 CMakeFiles/lora_node.dir/Drivers/E22/e22.c.obj
                0x08003438                E22_SetCodingRate
 .text.E22_SetSyncWord
                0x0800346c       0x20 CMakeFiles/lora_node.dir/Drivers/E22/e22.c.obj
                0x0800346c                E22_SetSyncWord
 .text.E22_ApplyParams
                0x0800348c       0x98 CMakeFiles/lora_node.dir/Drivers/E22/e22.c.obj
                0x0800348c                E22_ApplyParams
 .text.E22_GetParams
                0x08003524       0x20 CMakeFiles/lora_node.dir/Drivers/E22/e22.c.obj
                0x08003524                E22_GetParams
 .text.E22_Send
                0x08003544       0xb8 CMakeFiles/lora_node.dir/Drivers/E22/e22.c.obj
                0x08003544                E22_Send
 .text.E22_StartReceive
                0x080035fc       0x2c CMakeFiles/lora_node.dir/Drivers/E22/e22.c.obj
                0x080035fc                E22_StartReceive
 .text.E22_PollTask
                0x08003628       0xc0 CMakeFiles/lora_node.dir/Drivers/E22/e22.c.obj
                0x08003628                E22_PollTask
 .text.E22_SetTxDoneCallback
                0x080036e8       0x1c CMakeFiles/lora_node.dir/Drivers/E22/e22.c.obj
                0x080036e8                E22_SetTxDoneCallback
 .text.E22_SetRxDoneCallback
                0x08003704       0x1c CMakeFiles/lora_node.dir/Drivers/E22/e22.c.obj
                0x08003704                E22_SetRxDoneCallback
 .text.E22_SetErrorCallback
                0x08003720       0x1c CMakeFiles/lora_node.dir/Drivers/E22/e22.c.obj
                0x08003720                E22_SetErrorCallback
 .text.E22_GetBandwidthString
                0x0800373c       0x30 CMakeFiles/lora_node.dir/Drivers/E22/e22.c.obj
                0x0800373c                E22_GetBandwidthString
 .text.LL_GPIO_IsInputPinSet
                0x0800376c       0x2c CMakeFiles/lora_node.dir/Drivers/Keyboard/keyboard.c.obj
 .text.LL_GPIO_SetOutputPin
                0x08003798       0x1e CMakeFiles/lora_node.dir/Drivers/Keyboard/keyboard.c.obj
 .text.LL_GPIO_ResetOutputPin
                0x080037b6       0x1e CMakeFiles/lora_node.dir/Drivers/Keyboard/keyboard.c.obj
 .text.Keyboard_Init
                0x080037d4       0x64 CMakeFiles/lora_node.dir/Drivers/Keyboard/keyboard.c.obj
                0x080037d4                Keyboard_Init
 .text.ScanMatrix
                0x08003838       0xe8 CMakeFiles/lora_node.dir/Drivers/Keyboard/keyboard.c.obj
 .text.Keyboard_Scan
                0x08003920      0x1bc CMakeFiles/lora_node.dir/Drivers/Keyboard/keyboard.c.obj
                0x08003920                Keyboard_Scan
 .text.Keyboard_GetKey
                0x08003adc       0x14 CMakeFiles/lora_node.dir/Drivers/Keyboard/keyboard.c.obj
                0x08003adc                Keyboard_GetKey
 .text.Keyboard_GetT9String
                0x08003af0       0x2c CMakeFiles/lora_node.dir/Drivers/Keyboard/keyboard.c.obj
                0x08003af0                Keyboard_GetT9String
 .text.Keyboard_GetKeyName
                0x08003b1c       0xe8 CMakeFiles/lora_node.dir/Drivers/Keyboard/keyboard.c.obj
                0x08003b1c                Keyboard_GetKeyName
 .text.ClearInputBuffer
                0x08003c04       0x34 CMakeFiles/lora_node.dir/App/app.c.obj
 .text.ClearSettingEdit
                0x08003c38       0x2c CMakeFiles/lora_node.dir/App/app.c.obj
 .text.CommitT9Char
                0x08003c64       0x8c CMakeFiles/lora_node.dir/App/app.c.obj
 .text.GetSettingValueString
                0x08003cf0       0xb8 CMakeFiles/lora_node.dir/App/app.c.obj
 .text.ApplySettingValue
                0x08003da8       0xd4 CMakeFiles/lora_node.dir/App/app.c.obj
 .text.DrawMenu
                0x08003e7c       0x78 CMakeFiles/lora_node.dir/App/app.c.obj
 .text.DrawSendScreen
                0x08003ef4      0x1ac CMakeFiles/lora_node.dir/App/app.c.obj
 .text.DrawHistoryScreen
                0x080040a0      0x17c CMakeFiles/lora_node.dir/App/app.c.obj
 .text.DrawSettingsScreen
                0x0800421c      0x100 CMakeFiles/lora_node.dir/App/app.c.obj
 .text.HandleMenuInput
                0x0800431c       0xd0 CMakeFiles/lora_node.dir/App/app.c.obj
 .text.HandleSendInput
                0x080043ec      0x240 CMakeFiles/lora_node.dir/App/app.c.obj
 .text.HandleHistoryInput
                0x0800462c       0xc0 CMakeFiles/lora_node.dir/App/app.c.obj
 .text.HandleSettingsInput
                0x080046ec      0x26c CMakeFiles/lora_node.dir/App/app.c.obj
 .text.App_Init
                0x08004958       0x5c CMakeFiles/lora_node.dir/App/app.c.obj
                0x08004958                App_Init
 .text.App_Task
                0x080049b4       0x64 CMakeFiles/lora_node.dir/App/app.c.obj
                0x080049b4                App_Task
 .text.App_UpdateDisplay
                0x08004a18       0x44 CMakeFiles/lora_node.dir/App/app.c.obj
                0x08004a18                App_UpdateDisplay
 .text.App_OnMessageReceived
                0x08004a5c       0xdc CMakeFiles/lora_node.dir/App/app.c.obj
                0x08004a5c                App_OnMessageReceived
 .text.App_SendMessage
                0x08004b38       0x28 CMakeFiles/lora_node.dir/App/app.c.obj
                0x08004b38                App_SendMessage
 .text.App_ExportHistory
                0x08004b60       0x88 CMakeFiles/lora_node.dir/App/app.c.obj
                0x08004b60                App_ExportHistory
 .text.App_LoRaTxDone
                0x08004be8        0xc CMakeFiles/lora_node.dir/App/app.c.obj
                0x08004be8                App_LoRaTxDone
 .text.App_LoRaRxDone
                0x08004bf4       0x32 CMakeFiles/lora_node.dir/App/app.c.obj
                0x08004bf4                App_LoRaRxDone
 .text.App_LoRaError
                0x08004c26       0x14 CMakeFiles/lora_node.dir/App/app.c.obj
                0x08004c26                App_LoRaError
 .text.LL_USART_IsActiveFlag_TXE
                0x08004c3a       0x24 CMakeFiles/lora_node.dir/App/uart_protocol.c.obj
 .text.LL_USART_EnableIT_RXNE
                0x08004c5e       0x44 CMakeFiles/lora_node.dir/App/uart_protocol.c.obj
 .text.LL_USART_TransmitData8
                0x08004ca2       0x1c CMakeFiles/lora_node.dir/App/uart_protocol.c.obj
 *fill*         0x08004cbe        0x2 
 .text.UART_SendByte
                0x08004cc0       0x30 CMakeFiles/lora_node.dir/App/uart_protocol.c.obj
 .text.UART_SendPacket
                0x08004cf0       0x6e CMakeFiles/lora_node.dir/App/uart_protocol.c.obj
 *fill*         0x08004d5e        0x2 
 .text.HandleConnect
                0x08004d60       0x18 CMakeFiles/lora_node.dir/App/uart_protocol.c.obj
 .text.HandleDisconnect
                0x08004d78       0x18 CMakeFiles/lora_node.dir/App/uart_protocol.c.obj
 .text.HandleSend
                0x08004d90       0x32 CMakeFiles/lora_node.dir/App/uart_protocol.c.obj
 *fill*         0x08004dc2        0x2 
 .text.HandleSetParam
                0x08004dc4      0x128 CMakeFiles/lora_node.dir/App/uart_protocol.c.obj
 .text.HandleGetParam
                0x08004eec        0xc CMakeFiles/lora_node.dir/App/uart_protocol.c.obj
 .text.HandleGetHistory
                0x08004ef8       0x12 CMakeFiles/lora_node.dir/App/uart_protocol.c.obj
 *fill*         0x08004f0a        0x2 
 .text.ProcessPacket
                0x08004f0c       0xd8 CMakeFiles/lora_node.dir/App/uart_protocol.c.obj
 .text.UART_Protocol_Init
                0x08004fe4       0x28 CMakeFiles/lora_node.dir/App/uart_protocol.c.obj
                0x08004fe4                UART_Protocol_Init
 .text.UART_RxCallback
                0x0800500c      0x100 CMakeFiles/lora_node.dir/App/uart_protocol.c.obj
                0x0800500c                UART_RxCallback
 .text.UART_SendAck
                0x0800510c       0x28 CMakeFiles/lora_node.dir/App/uart_protocol.c.obj
                0x0800510c                UART_SendAck
 .text.UART_SendNack
                0x08005134       0x34 CMakeFiles/lora_node.dir/App/uart_protocol.c.obj
                0x08005134                UART_SendNack
 .text.UART_SendReceived
                0x08005168       0x68 CMakeFiles/lora_node.dir/App/uart_protocol.c.obj
                0x08005168                UART_SendReceived
 .text.UART_SendParams
                0x080051d0      0x124 CMakeFiles/lora_node.dir/App/uart_protocol.c.obj
                0x080051d0                UART_SendParams
 .text.UART_SendHistoryMessage
                0x080052f4       0x68 CMakeFiles/lora_node.dir/App/uart_protocol.c.obj
                0x080052f4                UART_SendHistoryMessage
 .text.snprintf
                0x0800535c       0x6c C:/Users/90722/AppData/Local/stm32cube/bundles/gnu-tools-for-stm32/14.3.1+st.2/bin/../lib/gcc/arm-none-eabi/14.3.1/../../../../arm-none-eabi/lib/thumb/v7-m/nofp\libg_nano.a(libc_a-snprintf.o)
                0x0800535c                sniprintf
                0x0800535c                snprintf
 .text.sprintf  0x080053c8       0x44 C:/Users/90722/AppData/Local/stm32cube/bundles/gnu-tools-for-stm32/14.3.1+st.2/bin/../lib/gcc/arm-none-eabi/14.3.1/../../../../arm-none-eabi/lib/thumb/v7-m/nofp\libg_nano.a(libc_a-sprintf.o)
                0x080053c8                siprintf
                0x080053c8                sprintf
 .text.memmove  0x0800540c       0x32 C:/Users/90722/AppData/Local/stm32cube/bundles/gnu-tools-for-stm32/14.3.1+st.2/bin/../lib/gcc/arm-none-eabi/14.3.1/../../../../arm-none-eabi/lib/thumb/v7-m/nofp\libg_nano.a(libc_a-memmove.o)
                0x0800540c                memmove
 .text.memset   0x0800543e       0x10 C:/Users/90722/AppData/Local/stm32cube/bundles/gnu-tools-for-stm32/14.3.1+st.2/bin/../lib/gcc/arm-none-eabi/14.3.1/../../../../arm-none-eabi/lib/thumb/v7-m/nofp\libg_nano.a(libc_a-memset.o)
                0x0800543e                memset
 *fill*         0x0800544e        0x2 
 .text.__errno  0x08005450        0xc C:/Users/90722/AppData/Local/stm32cube/bundles/gnu-tools-for-stm32/14.3.1+st.2/bin/../lib/gcc/arm-none-eabi/14.3.1/../../../../arm-none-eabi/lib/thumb/v7-m/nofp\libg_nano.a(libc_a-errno.o)
                0x08005450                __errno
 .text.__libc_init_array
                0x0800545c       0x48 C:/Users/90722/AppData/Local/stm32cube/bundles/gnu-tools-for-stm32/14.3.1+st.2/bin/../lib/gcc/arm-none-eabi/14.3.1/../../../../arm-none-eabi/lib/thumb/v7-m/nofp\libg_nano.a(libc_a-init.o)
                0x0800545c                __libc_init_array
 .text.__retarget_lock_acquire_recursive
                0x080054a4        0x2 C:/Users/90722/AppData/Local/stm32cube/bundles/gnu-tools-for-stm32/14.3.1+st.2/bin/../lib/gcc/arm-none-eabi/14.3.1/../../../../arm-none-eabi/lib/thumb/v7-m/nofp\libg_nano.a(libc_a-lock.o)
                0x080054a4                __retarget_lock_acquire_recursive
 .text.__retarget_lock_release_recursive
                0x080054a6        0x2 C:/Users/90722/AppData/Local/stm32cube/bundles/gnu-tools-for-stm32/14.3.1+st.2/bin/../lib/gcc/arm-none-eabi/14.3.1/../../../../arm-none-eabi/lib/thumb/v7-m/nofp\libg_nano.a(libc_a-lock.o)
                0x080054a6                __retarget_lock_release_recursive
 .text.memcpy   0x080054a8       0x1c C:/Users/90722/AppData/Local/stm32cube/bundles/gnu-tools-for-stm32/14.3.1+st.2/bin/../lib/gcc/arm-none-eabi/14.3.1/../../../../arm-none-eabi/lib/thumb/v7-m/nofp\libg_nano.a(libc_a-memcpy-stub.o)
                0x080054a8                memcpy
 .text._free_r  0x080054c4       0x90 C:/Users/90722/AppData/Local/stm32cube/bundles/gnu-tools-for-stm32/14.3.1+st.2/bin/../lib/gcc/arm-none-eabi/14.3.1/../../../../arm-none-eabi/lib/thumb/v7-m/nofp\libg_nano.a(libc_a-freer.o)
                0x080054c4                _free_r
 .text.sbrk_aligned
                0x08005554       0x44 C:/Users/90722/AppData/Local/stm32cube/bundles/gnu-tools-for-stm32/14.3.1+st.2/bin/../lib/gcc/arm-none-eabi/14.3.1/../../../../arm-none-eabi/lib/thumb/v7-m/nofp\libg_nano.a(libc_a-mallocr.o)
 .text._malloc_r
                0x08005598      0x100 C:/Users/90722/AppData/Local/stm32cube/bundles/gnu-tools-for-stm32/14.3.1+st.2/bin/../lib/gcc/arm-none-eabi/14.3.1/../../../../arm-none-eabi/lib/thumb/v7-m/nofp\libg_nano.a(libc_a-mallocr.o)
                0x08005598                _malloc_r
 .text.__malloc_lock
                0x08005698        0xc C:/Users/90722/AppData/Local/stm32cube/bundles/gnu-tools-for-stm32/14.3.1+st.2/bin/../lib/gcc/arm-none-eabi/14.3.1/../../../../arm-none-eabi/lib/thumb/v7-m/nofp\libg_nano.a(libc_a-mlock.o)
                0x08005698                __malloc_lock
 .text.__malloc_unlock
                0x080056a4        0xc C:/Users/90722/AppData/Local/stm32cube/bundles/gnu-tools-for-stm32/14.3.1+st.2/bin/../lib/gcc/arm-none-eabi/14.3.1/../../../../arm-none-eabi/lib/thumb/v7-m/nofp\libg_nano.a(libc_a-mlock.o)
                0x080056a4                __malloc_unlock
 .text.__ssputs_r
                0x080056b0       0xc0 C:/Users/90722/AppData/Local/stm32cube/bundles/gnu-tools-for-stm32/14.3.1+st.2/bin/../lib/gcc/arm-none-eabi/14.3.1/../../../../arm-none-eabi/lib/thumb/v7-m/nofp\libg_nano.a(libc_a-nano-svfprintf.o)
                0x080056b0                __ssputs_r
 .text._svfprintf_r
                0x08005770      0x1f0 C:/Users/90722/AppData/Local/stm32cube/bundles/gnu-tools-for-stm32/14.3.1+st.2/bin/../lib/gcc/arm-none-eabi/14.3.1/../../../../arm-none-eabi/lib/thumb/v7-m/nofp\libg_nano.a(libc_a-nano-svfprintf.o)
                0x08005770                _svfiprintf_r
                0x08005770                _svfprintf_r
 .text._printf_common
                0x08005960       0xe4 C:/Users/90722/AppData/Local/stm32cube/bundles/gnu-tools-for-stm32/14.3.1+st.2/bin/../lib/gcc/arm-none-eabi/14.3.1/../../../../arm-none-eabi/lib/thumb/v7-m/nofp\libg_nano.a(libc_a-nano-vfprintf_i.o)
                0x08005960                _printf_common
 .text._printf_i
                0x08005a44      0x24c C:/Users/90722/AppData/Local/stm32cube/bundles/gnu-tools-for-stm32/14.3.1+st.2/bin/../lib/gcc/arm-none-eabi/14.3.1/../../../../arm-none-eabi/lib/thumb/v7-m/nofp\libg_nano.a(libc_a-nano-vfprintf_i.o)
                0x08005a44                _printf_i
 .text._sbrk_r  0x08005c90       0x20 C:/Users/90722/AppData/Local/stm32cube/bundles/gnu-tools-for-stm32/14.3.1+st.2/bin/../lib/gcc/arm-none-eabi/14.3.1/../../../../arm-none-eabi/lib/thumb/v7-m/nofp\libg_nano.a(libc_a-sbrkr.o)
                0x08005c90                _sbrk_r
 .text.memchr   0x08005cb0       0x1c C:/Users/90722/AppData/Local/stm32cube/bundles/gnu-tools-for-stm32/14.3.1+st.2/bin/../lib/gcc/arm-none-eabi/14.3.1/../../../../arm-none-eabi/lib/thumb/v7-m/nofp\libg_nano.a(libc_a-memchr-stub.o)
                0x08005cb0                memchr
 .text._realloc_r
                0x08005ccc       0x5c C:/Users/90722/AppData/Local/stm32cube/bundles/gnu-tools-for-stm32/14.3.1+st.2/bin/../lib/gcc/arm-none-eabi/14.3.1/../../../../arm-none-eabi/lib/thumb/v7-m/nofp\libg_nano.a(libc_a-reallocr.o)
                0x08005ccc                _realloc_r
 .text._malloc_usable_size_r
                0x08005d28       0x10 C:/Users/90722/AppData/Local/stm32cube/bundles/gnu-tools-for-stm32/14.3.1+st.2/bin/../lib/gcc/arm-none-eabi/14.3.1/../../../../arm-none-eabi/lib/thumb/v7-m/nofp\libg_nano.a(libc_a-msizer.o)
                0x08005d28                _malloc_usable_size_r
 *(.glue_7)
 .glue_7        0x08005d38        0x0 linker stubs
 *(.glue_7t)
 .glue_7t       0x08005d38        0x0 linker stubs
 *(.eh_frame)
 .eh_frame      0x08005d38        0x0 C:/Users/90722/AppData/Local/stm32cube/bundles/gnu-tools-for-stm32/14.3.1+st.2/bin/../lib/gcc/arm-none-eabi/14.3.1/thumb/v7-m/nofp/crtbegin.o
 *(.init)
 .init          0x08005d38        0x4 C:/Users/90722/AppData/Local/stm32cube/bundles/gnu-tools-for-stm32/14.3.1+st.2/bin/../lib/gcc/arm-none-eabi/14.3.1/thumb/v7-m/nofp/crti.o
                0x08005d38                _init
 .init          0x08005d3c        0x8 C:/Users/90722/AppData/Local/stm32cube/bundles/gnu-tools-for-stm32/14.3.1+st.2/bin/../lib/gcc/arm-none-eabi/14.3.1/thumb/v7-m/nofp/crtn.o
 *(.fini)
 .fini          0x08005d44        0x4 C:/Users/90722/AppData/Local/stm32cube/bundles/gnu-tools-for-stm32/14.3.1+st.2/bin/../lib/gcc/arm-none-eabi/14.3.1/thumb/v7-m/nofp/crti.o
                0x08005d44                _fini
 .fini          0x08005d48        0x8 C:/Users/90722/AppData/Local/stm32cube/bundles/gnu-tools-for-stm32/14.3.1+st.2/bin/../lib/gcc/arm-none-eabi/14.3.1/thumb/v7-m/nofp/crtn.o
                0x08005d50                        . = ALIGN (0x4)
                0x08005d50                        _etext = .

.vfp11_veneer   0x08005d50        0x0
 .vfp11_veneer  0x08005d50        0x0 linker stubs

.v4_bx          0x08005d50        0x0
 .v4_bx         0x08005d50        0x0 linker stubs

.iplt           0x08005d50        0x0
 .iplt          0x08005d50        0x0 C:/Users/90722/AppData/Local/stm32cube/bundles/gnu-tools-for-stm32/14.3.1+st.2/bin/../lib/gcc/arm-none-eabi/14.3.1/thumb/v7-m/nofp/crtbegin.o

.rodata         0x08005d50      0x740
                0x08005d50                        . = ALIGN (0x4)
 *(.rodata)
 .rodata        0x08005d50       0x68 cmake/stm32cubemx/CMakeFiles/STM32_Drivers.dir/__/__/Drivers/STM32F1xx_HAL_Driver/Src/stm32f1xx_ll_gpio.c.obj
 .rodata        0x08005db8       0x67 cmake/stm32cubemx/CMakeFiles/STM32_Drivers.dir/__/__/Drivers/STM32F1xx_HAL_Driver/Src/stm32f1xx_ll_i2c.c.obj
 *fill*         0x08005e1f        0x1 
 .rodata        0x08005e20       0x67 cmake/stm32cubemx/CMakeFiles/STM32_Drivers.dir/__/__/Drivers/STM32F1xx_HAL_Driver/Src/stm32f1xx_ll_spi.c.obj
 *fill*         0x08005e87        0x1 
 .rodata        0x08005e88       0x69 cmake/stm32cubemx/CMakeFiles/STM32_Drivers.dir/__/__/Drivers/STM32F1xx_HAL_Driver/Src/stm32f1xx_ll_usart.c.obj
 *fill*         0x08005ef1        0x3 
 .rodata        0x08005ef4       0x54 CMakeFiles/lora_node.dir/Core/Src/main.c.obj
 .rodata        0x08005f48       0x54 CMakeFiles/lora_node.dir/Drivers/E22/e22.c.obj
 .rodata        0x08005f9c       0x4e CMakeFiles/lora_node.dir/Drivers/Keyboard/keyboard.c.obj
 *fill*         0x08005fea        0x2 
 .rodata        0x08005fec      0x125 CMakeFiles/lora_node.dir/App/app.c.obj
 *(.rodata*)
 *fill*         0x08006111        0x3 
 .rodata.AHBPrescTable
                0x08006114       0x10 cmake/stm32cubemx/CMakeFiles/STM32_Drivers.dir/__/__/Core/Src/system_stm32f1xx.c.obj
                0x08006114                AHBPrescTable
 .rodata.APBPrescTable
                0x08006124        0x8 cmake/stm32cubemx/CMakeFiles/STM32_Drivers.dir/__/__/Core/Src/system_stm32f1xx.c.obj
                0x08006124                APBPrescTable
 .rodata.Font6x8
                0x0800612c      0x240 CMakeFiles/lora_node.dir/Drivers/OLED/oled.c.obj
 .rodata.OLED_InitCmds
                0x0800636c       0x19 CMakeFiles/lora_node.dir/Drivers/OLED/oled.c.obj
 *fill*         0x08006385        0x3 
 .rodata.BW_RegValues
                0x08006388        0xa CMakeFiles/lora_node.dir/Drivers/E22/e22.c.obj
 *fill*         0x08006392        0x2 
 .rodata.BW_Hz  0x08006394       0x28 CMakeFiles/lora_node.dir/Drivers/E22/e22.c.obj
 .rodata.T9_Key1
                0x080063bc       0x19 CMakeFiles/lora_node.dir/Drivers/Keyboard/keyboard.c.obj
 *fill*         0x080063d5        0x3 
 .rodata.T9_Key2
                0x080063d8        0x5 CMakeFiles/lora_node.dir/Drivers/Keyboard/keyboard.c.obj
 *fill*         0x080063dd        0x3 
 .rodata.T9_Key3
                0x080063e0        0x5 CMakeFiles/lora_node.dir/Drivers/Keyboard/keyboard.c.obj
 *fill*         0x080063e5        0x3 
 .rodata.T9_Key4
                0x080063e8        0x5 CMakeFiles/lora_node.dir/Drivers/Keyboard/keyboard.c.obj
 *fill*         0x080063ed        0x3 
 .rodata.T9_Key5
                0x080063f0        0x5 CMakeFiles/lora_node.dir/Drivers/Keyboard/keyboard.c.obj
 *fill*         0x080063f5        0x3 
 .rodata.T9_Key6
                0x080063f8        0x5 CMakeFiles/lora_node.dir/Drivers/Keyboard/keyboard.c.obj
 *fill*         0x080063fd        0x3 
 .rodata.T9_Key7
                0x08006400        0x6 CMakeFiles/lora_node.dir/Drivers/Keyboard/keyboard.c.obj
 *fill*         0x08006406        0x2 
 .rodata.T9_Key8
                0x08006408        0x5 CMakeFiles/lora_node.dir/Drivers/Keyboard/keyboard.c.obj
 *fill*         0x0800640d        0x3 
 .rodata.T9_Key9
                0x08006410        0x6 CMakeFiles/lora_node.dir/Drivers/Keyboard/keyboard.c.obj
 *fill*         0x08006416        0x2 
 .rodata.T9_Key0
                0x08006418        0x4 CMakeFiles/lora_node.dir/Drivers/Keyboard/keyboard.c.obj
 .rodata.RowPorts
                0x0800641c       0x10 CMakeFiles/lora_node.dir/Drivers/Keyboard/keyboard.c.obj
 .rodata.RowPins
                0x0800642c       0x10 CMakeFiles/lora_node.dir/Drivers/Keyboard/keyboard.c.obj
 .rodata.ColPorts
                0x0800643c       0x10 CMakeFiles/lora_node.dir/Drivers/Keyboard/keyboard.c.obj
 .rodata.ColPins
                0x0800644c       0x10 CMakeFiles/lora_node.dir/Drivers/Keyboard/keyboard.c.obj
 .rodata._svfprintf_r.str1.1
                0x0800645c       0x33 C:/Users/90722/AppData/Local/stm32cube/bundles/gnu-tools-for-stm32/14.3.1+st.2/bin/../lib/gcc/arm-none-eabi/14.3.1/../../../../arm-none-eabi/lib/thumb/v7-m/nofp\libg_nano.a(libc_a-nano-svfprintf.o)
                                 0x11 (size before relaxing)
 .rodata._printf_i.str1.1
                0x0800648f       0x22 C:/Users/90722/AppData/Local/stm32cube/bundles/gnu-tools-for-stm32/14.3.1+st.2/bin/../lib/gcc/arm-none-eabi/14.3.1/../../../../arm-none-eabi/lib/thumb/v7-m/nofp\libg_nano.a(libc_a-nano-vfprintf_i.o)
                0x080064b4                        . = ALIGN (0x4)
 *fill*         0x0800648f        0x1 

.ARM.extab      0x08006490        0x0
                0x08006490                        . = ALIGN (0x4)
 *(.ARM.extab* .gnu.linkonce.armextab.*)
                0x08006490                        . = ALIGN (0x4)

.ARM            0x08006490        0x8
                0x08006490                        . = ALIGN (0x4)
                0x08006490                        __exidx_start = .
 *(.ARM.exidx*)
 .ARM.exidx     0x08006490        0x8 C:/Users/90722/AppData/Local/stm32cube/bundles/gnu-tools-for-stm32/14.3.1+st.2/bin/../lib/gcc/arm-none-eabi/14.3.1/../../../../arm-none-eabi/lib/thumb/v7-m/nofp\libg_nano.a(libc_a-strlen.o)
                0x08006498                        __exidx_end = .
                0x08006498                        . = ALIGN (0x4)

.preinit_array  0x08006498        0x0
                0x08006498                        . = ALIGN (0x4)
                0x08006498                        PROVIDE (__preinit_array_start = .)
 *(.preinit_array*)
                0x08006498                        PROVIDE (__preinit_array_end = .)
                0x08006498                        . = ALIGN (0x4)

.init_array     0x08006498        0x4
                0x08006498                        . = ALIGN (0x4)
                0x08006498                        PROVIDE (__init_array_start = .)
 *(SORT_BY_NAME(.init_array.*))
 *(.init_array*)
 .init_array    0x08006498        0x4 C:/Users/90722/AppData/Local/stm32cube/bundles/gnu-tools-for-stm32/14.3.1+st.2/bin/../lib/gcc/arm-none-eabi/14.3.1/thumb/v7-m/nofp/crtbegin.o
                0x0800649c                        PROVIDE (__init_array_end = .)
                0x0800649c                        . = ALIGN (0x4)

.fini_array     0x0800649c        0x4
                0x0800649c                        . = ALIGN (0x4)
                [!provide]                        PROVIDE (__fini_array_start = .)
 *(SORT_BY_NAME(.fini_array.*))
 *(.fini_array*)
 .fini_array    0x0800649c        0x4 C:/Users/90722/AppData/Local/stm32cube/bundles/gnu-tools-for-stm32/14.3.1+st.2/bin/../lib/gcc/arm-none-eabi/14.3.1/thumb/v7-m/nofp/crtbegin.o
                [!provide]                        PROVIDE (__fini_array_end = .)
                0x080064a0                        . = ALIGN (0x4)
                0x080064a0                        _sidata = LOADADDR (.data)

.rel.dyn        0x080064a0        0x0
 .rel.iplt      0x080064a0        0x0 C:/Users/90722/AppData/Local/stm32cube/bundles/gnu-tools-for-stm32/14.3.1+st.2/bin/../lib/gcc/arm-none-eabi/14.3.1/thumb/v7-m/nofp/crtbegin.o

.data           0x20000000       0xe0 load address 0x080064a0
                0x20000000                        . = ALIGN (0x4)
                0x20000000                        _sdata = .
 *(.data)
 *(.data*)
 .data.SystemCoreClock
                0x20000000        0x4 cmake/stm32cubemx/CMakeFiles/STM32_Drivers.dir/__/__/Core/Src/system_stm32f1xx.c.obj
                0x20000000                SystemCoreClock
 .data.BW_Strings
                0x20000004       0x28 CMakeFiles/lora_node.dir/Drivers/E22/e22.c.obj
 .data.T9_Tables
                0x2000002c       0x40 CMakeFiles/lora_node.dir/Drivers/Keyboard/keyboard.c.obj
 .data.lastKey  0x2000006c        0x1 CMakeFiles/lora_node.dir/Drivers/Keyboard/keyboard.c.obj
 .data.displayNeedsUpdate
                0x2000006d        0x1 CMakeFiles/lora_node.dir/App/app.c.obj
 *fill*         0x2000006e        0x2 
 .data.MenuStrings
                0x20000070        0xc CMakeFiles/lora_node.dir/App/app.c.obj
 .data.SettingNames
                0x2000007c       0x14 CMakeFiles/lora_node.dir/App/app.c.obj
 .data._impure_ptr
                0x20000090        0x4 C:/Users/90722/AppData/Local/stm32cube/bundles/gnu-tools-for-stm32/14.3.1+st.2/bin/../lib/gcc/arm-none-eabi/14.3.1/../../../../arm-none-eabi/lib/thumb/v7-m/nofp\libg_nano.a(libc_a-impure.o)
                0x20000090                _impure_ptr
 .data._impure_data
                0x20000094       0x4c C:/Users/90722/AppData/Local/stm32cube/bundles/gnu-tools-for-stm32/14.3.1+st.2/bin/../lib/gcc/arm-none-eabi/14.3.1/../../../../arm-none-eabi/lib/thumb/v7-m/nofp\libg_nano.a(libc_a-impure.o)
                0x20000094                _impure_data
 *(.RamFunc)
 *(.RamFunc*)
                0x200000e0                        . = ALIGN (0x4)

.igot.plt       0x200000e0        0x0 load address 0x08006580
 .igot.plt      0x200000e0        0x0 C:/Users/90722/AppData/Local/stm32cube/bundles/gnu-tools-for-stm32/14.3.1+st.2/bin/../lib/gcc/arm-none-eabi/14.3.1/thumb/v7-m/nofp/crtbegin.o

.tdata          0x200000e0        0x0 load address 0x08006580
 *(.tdata .tdata.* .gnu.linkonce.td.*)
                0x200000e0                        . = ALIGN (0x4)
                0x200000e0                        _edata = .
                [!provide]                        PROVIDE (__data_end = .)
                [!provide]                        PROVIDE (__tdata_end = .)
                [!provide]                        PROVIDE (__tdata_start = ADDR (.tdata))
                [!provide]                        PROVIDE (__tdata_size = (__tdata_end - __tdata_start))
                [!provide]                        PROVIDE (__data_start = ADDR (.data))
                [!provide]                        PROVIDE (__data_size = (__data_end - __data_start))
                [!provide]                        PROVIDE (__tdata_source = LOADADDR (.tdata))
                [!provide]                        PROVIDE (__tdata_source_end = (LOADADDR (.tdata) + SIZEOF (.tdata)))
                [!provide]                        PROVIDE (__tdata_source_size = (__tdata_source_end - __tdata_source))
                [!provide]                        PROVIDE (__data_source = LOADADDR (.data))
                [!provide]                        PROVIDE (__data_source_end = __tdata_source_end)
                [!provide]                        PROVIDE (__data_source_size = (__data_source_end - __data_source))

.tbss           0x200000e0        0x0 load address 0x08006580
                0x200000e0                        _sbss = .
                0x200000e0                        __bss_start__ = _sbss
 *(.tbss .tbss.*)
                0x200000e0                        . = ALIGN (0x4)
                [!provide]                        PROVIDE (__tbss_end = .)
                [!provide]                        PROVIDE (__tbss_start = ADDR (.tbss))
                [!provide]                        PROVIDE (__tbss_size = (__tbss_end - __tbss_start))
                [!provide]                        PROVIDE (__tbss_offset = (ADDR (.tbss) - ADDR (.tdata)))
                [!provide]                        PROVIDE (__tls_base = __tdata_start)
                [!provide]                        PROVIDE (__tls_end = __tbss_end)
                [!provide]                        PROVIDE (__tls_size = (__tls_end - __tls_base))
                [!provide]                        PROVIDE (__tls_align = MAX (ALIGNOF (.tdata), ALIGNOF (.tbss)))
                [!provide]                        PROVIDE (__tls_size_align = (((__tls_size + __tls_align) - 0x1) & ~ ((__tls_align - 0x1))))
                [!provide]                        PROVIDE (__arm32_tls_tcb_offset = MAX (0x8, __tls_align))
                [!provide]                        PROVIDE (__arm64_tls_tcb_offset = MAX (0x10, __tls_align))

.bss            0x200000e0     0x1804 load address 0x08006580
 *(.bss)
 .bss           0x200000e0       0x1c C:/Users/90722/AppData/Local/stm32cube/bundles/gnu-tools-for-stm32/14.3.1+st.2/bin/../lib/gcc/arm-none-eabi/14.3.1/thumb/v7-m/nofp/crtbegin.o
 *(.bss*)
 .bss.sysTick   0x200000fc        0x4 CMakeFiles/lora_node.dir/Core/Src/main.c.obj
 .bss.__sbrk_heap_end
                0x20000100        0x4 CMakeFiles/lora_node.dir/Core/Src/sysmem.c.obj
 .bss.OLED_Buffer
                0x20000104      0x200 CMakeFiles/lora_node.dir/Drivers/OLED/oled.c.obj
 .bss.E22_Params
                0x20000304        0xc CMakeFiles/lora_node.dir/Drivers/E22/e22.c.obj
                0x20000304                E22_Params
 .bss.E22_TxBusy
                0x20000310        0x1 CMakeFiles/lora_node.dir/Drivers/E22/e22.c.obj
                0x20000310                E22_TxBusy
 *fill*         0x20000311        0x3 
 .bss.txDoneCallback
                0x20000314        0x4 CMakeFiles/lora_node.dir/Drivers/E22/e22.c.obj
 .bss.rxDoneCallback
                0x20000318        0x4 CMakeFiles/lora_node.dir/Drivers/E22/e22.c.obj
 .bss.errorCallback
                0x2000031c        0x4 CMakeFiles/lora_node.dir/Drivers/E22/e22.c.obj
 .bss.rxBuffer  0x20000320       0xff CMakeFiles/lora_node.dir/Drivers/E22/e22.c.obj
 *fill*         0x2000041f        0x1 
 .bss.lastPacketStatus
                0x20000420        0x3 CMakeFiles/lora_node.dir/Drivers/E22/e22.c.obj
 *fill*         0x20000423        0x1 
 .bss.Keyboard  0x20000424       0x14 CMakeFiles/lora_node.dir/Drivers/Keyboard/keyboard.c.obj
                0x20000424                Keyboard
 .bss.debounceCounter
                0x20000438        0x1 CMakeFiles/lora_node.dir/Drivers/Keyboard/keyboard.c.obj
 *fill*         0x20000439        0x3 
 .bss.msgHistory
                0x2000043c     0x1040 CMakeFiles/lora_node.dir/App/app.c.obj
 .bss.msgHistoryHead
                0x2000147c        0x1 CMakeFiles/lora_node.dir/App/app.c.obj
 .bss.msgHistoryCount
                0x2000147d        0x1 CMakeFiles/lora_node.dir/App/app.c.obj
 .bss.uiState   0x2000147e        0x1 CMakeFiles/lora_node.dir/App/app.c.obj
 .bss.menuSelection
                0x2000147f        0x1 CMakeFiles/lora_node.dir/App/app.c.obj
 .bss.settingSelection
                0x20001480        0x1 CMakeFiles/lora_node.dir/App/app.c.obj
 .bss.historyViewIndex
                0x20001481        0x1 CMakeFiles/lora_node.dir/App/app.c.obj
 *fill*         0x20001482        0x2 
 .bss.inputBuffer
                0x20001484       0xc8 CMakeFiles/lora_node.dir/App/app.c.obj
 .bss.inputLength
                0x2000154c        0x1 CMakeFiles/lora_node.dir/App/app.c.obj
 .bss.inputCursor
                0x2000154d        0x1 CMakeFiles/lora_node.dir/App/app.c.obj
 .bss.inputT9Active
                0x2000154e        0x1 CMakeFiles/lora_node.dir/App/app.c.obj
 .bss.inputT9Char
                0x2000154f        0x1 CMakeFiles/lora_node.dir/App/app.c.obj
 .bss.inputT9LastTime
                0x20001550        0x4 CMakeFiles/lora_node.dir/App/app.c.obj
 .bss.settingEditMode
                0x20001554        0x1 CMakeFiles/lora_node.dir/App/app.c.obj
 *fill*         0x20001555        0x3 
 .bss.settingEditBuffer
                0x20001558       0x10 CMakeFiles/lora_node.dir/App/app.c.obj
 .bss.settingEditLen
                0x20001568        0x1 CMakeFiles/lora_node.dir/App/app.c.obj
 .bss.UART_Connected
                0x20001569        0x1 CMakeFiles/lora_node.dir/App/uart_protocol.c.obj
                0x20001569                UART_Connected
 .bss.parserState
                0x2000156a        0x1 CMakeFiles/lora_node.dir/App/uart_protocol.c.obj
 .bss.rxCmd     0x2000156b        0x1 CMakeFiles/lora_node.dir/App/uart_protocol.c.obj
 .bss.rxLen     0x2000156c        0x1 CMakeFiles/lora_node.dir/App/uart_protocol.c.obj
 .bss.rxDataIndex
                0x2000156d        0x1 CMakeFiles/lora_node.dir/App/uart_protocol.c.obj
 *fill*         0x2000156e        0x2 
 .bss.rxData    0x20001570       0xff CMakeFiles/lora_node.dir/App/uart_protocol.c.obj
 .bss.rxChecksum
                0x2000166f        0x1 CMakeFiles/lora_node.dir/App/uart_protocol.c.obj
 .bss.txBuffer  0x20001670      0x12c CMakeFiles/lora_node.dir/App/uart_protocol.c.obj
 .bss.__sf      0x2000179c      0x138 C:/Users/90722/AppData/Local/stm32cube/bundles/gnu-tools-for-stm32/14.3.1+st.2/bin/../lib/gcc/arm-none-eabi/14.3.1/../../../../arm-none-eabi/lib/thumb/v7-m/nofp\libg_nano.a(libc_a-findfp.o)
                0x2000179c                __sf
 .bss.errno     0x200018d4        0x4 C:/Users/90722/AppData/Local/stm32cube/bundles/gnu-tools-for-stm32/14.3.1+st.2/bin/../lib/gcc/arm-none-eabi/14.3.1/../../../../arm-none-eabi/lib/thumb/v7-m/nofp\libg_nano.a(libc_a-reent.o)
                0x200018d4                errno
 .bss.__lock___malloc_recursive_mutex
                0x200018d8        0x1 C:/Users/90722/AppData/Local/stm32cube/bundles/gnu-tools-for-stm32/14.3.1+st.2/bin/../lib/gcc/arm-none-eabi/14.3.1/../../../../arm-none-eabi/lib/thumb/v7-m/nofp\libg_nano.a(libc_a-lock.o)
                0x200018d8                __lock___malloc_recursive_mutex
 *fill*         0x200018d9        0x3 
 .bss.__malloc_sbrk_start
                0x200018dc        0x4 C:/Users/90722/AppData/Local/stm32cube/bundles/gnu-tools-for-stm32/14.3.1+st.2/bin/../lib/gcc/arm-none-eabi/14.3.1/../../../../arm-none-eabi/lib/thumb/v7-m/nofp\libg_nano.a(libc_a-mallocr.o)
                0x200018dc                __malloc_sbrk_start
 .bss.__malloc_free_list
                0x200018e0        0x4 C:/Users/90722/AppData/Local/stm32cube/bundles/gnu-tools-for-stm32/14.3.1+st.2/bin/../lib/gcc/arm-none-eabi/14.3.1/../../../../arm-none-eabi/lib/thumb/v7-m/nofp\libg_nano.a(libc_a-mallocr.o)
                0x200018e0                __malloc_free_list
 *(COMMON)
                0x200018e4                        . = ALIGN (0x4)
                0x200018e4                        _ebss = .
                0x200018e4                        __bss_end__ = _ebss
                [!provide]                        PROVIDE (__bss_end = .)
                [!provide]                        PROVIDE (__non_tls_bss_start = ADDR (.bss))
                [!provide]                        PROVIDE (__bss_start = __tbss_start)
                [!provide]                        PROVIDE (__bss_size = (__bss_end - __bss_start))

._user_heap_stack
                0x200018e4      0x604 load address 0x08006580
                0x200018e8                        . = ALIGN (0x8)
 *fill*         0x200018e4        0x4 
                [!provide]                        PROVIDE (end = .)
                0x200018e8                        PROVIDE (_end = .)
                0x20001ae8                        . = (. + _Min_Heap_Size)
 *fill*         0x200018e8      0x200 
                0x20001ee8                        . = (. + _Min_Stack_Size)
 *fill*         0x20001ae8      0x400 
                0x20001ee8                        . = ALIGN (0x8)

/DISCARD/
 libc.a:*(*)
 libm.a:*(*)
 libgcc.a:*(*)
OUTPUT(lora_node.elf elf32-littlearm)
LOAD linker stubs

.ARM.attributes
                0x00000000       0x29
 .ARM.attributes
                0x00000000       0x1d C:/Users/90722/AppData/Local/stm32cube/bundles/gnu-tools-for-stm32/14.3.1+st.2/bin/../lib/gcc/arm-none-eabi/14.3.1/thumb/v7-m/nofp/crti.o
 .ARM.attributes
                0x0000001d       0x2d C:/Users/90722/AppData/Local/stm32cube/bundles/gnu-tools-for-stm32/14.3.1+st.2/bin/../lib/gcc/arm-none-eabi/14.3.1/thumb/v7-m/nofp/crtbegin.o
 .ARM.attributes
                0x0000004a       0x2d cmake/stm32cubemx/CMakeFiles/STM32_Drivers.dir/__/__/Core/Src/system_stm32f1xx.c.obj
 .ARM.attributes
                0x00000077       0x2d cmake/stm32cubemx/CMakeFiles/STM32_Drivers.dir/__/__/Drivers/STM32F1xx_HAL_Driver/Src/stm32f1xx_ll_gpio.c.obj
 .ARM.attributes
                0x000000a4       0x2d cmake/stm32cubemx/CMakeFiles/STM32_Drivers.dir/__/__/Drivers/STM32F1xx_HAL_Driver/Src/stm32f1xx_ll_i2c.c.obj
 .ARM.attributes
                0x000000d1       0x2d cmake/stm32cubemx/CMakeFiles/STM32_Drivers.dir/__/__/Drivers/STM32F1xx_HAL_Driver/Src/stm32f1xx_ll_rcc.c.obj
 .ARM.attributes
                0x000000fe       0x2d cmake/stm32cubemx/CMakeFiles/STM32_Drivers.dir/__/__/Drivers/STM32F1xx_HAL_Driver/Src/stm32f1xx_ll_utils.c.obj
 .ARM.attributes
                0x0000012b       0x2d cmake/stm32cubemx/CMakeFiles/STM32_Drivers.dir/__/__/Drivers/STM32F1xx_HAL_Driver/Src/stm32f1xx_ll_spi.c.obj
 .ARM.attributes
                0x00000158       0x2d cmake/stm32cubemx/CMakeFiles/STM32_Drivers.dir/__/__/Drivers/STM32F1xx_HAL_Driver/Src/stm32f1xx_ll_usart.c.obj
 .ARM.attributes
                0x00000185       0x2d CMakeFiles/lora_node.dir/Core/Src/main.c.obj
 .ARM.attributes
                0x000001b2       0x2d CMakeFiles/lora_node.dir/Core/Src/stm32f1xx_it.c.obj
 .ARM.attributes
                0x000001df       0x2d CMakeFiles/lora_node.dir/Core/Src/sysmem.c.obj
 .ARM.attributes
                0x0000020c       0x21 CMakeFiles/lora_node.dir/startup_stm32f103xb.s.obj
 .ARM.attributes
                0x0000022d       0x2d CMakeFiles/lora_node.dir/Drivers/OLED/oled.c.obj
 .ARM.attributes
                0x0000025a       0x2d CMakeFiles/lora_node.dir/Drivers/E22/e22.c.obj
 .ARM.attributes
                0x00000287       0x2d CMakeFiles/lora_node.dir/Drivers/Keyboard/keyboard.c.obj
 .ARM.attributes
                0x000002b4       0x2d CMakeFiles/lora_node.dir/App/app.c.obj
 .ARM.attributes
                0x000002e1       0x2d CMakeFiles/lora_node.dir/App/uart_protocol.c.obj
 .ARM.attributes
                0x0000030e       0x1d C:/Users/90722/AppData/Local/stm32cube/bundles/gnu-tools-for-stm32/14.3.1+st.2/bin/../lib/gcc/arm-none-eabi/14.3.1/thumb/v7-m/nofp\libgcc.a(_arm_addsubdf3.o)
 .ARM.attributes
                0x0000032b       0x1d C:/Users/90722/AppData/Local/stm32cube/bundles/gnu-tools-for-stm32/14.3.1+st.2/bin/../lib/gcc/arm-none-eabi/14.3.1/thumb/v7-m/nofp\libgcc.a(_arm_muldivdf3.o)
 .ARM.attributes
                0x00000348       0x1d C:/Users/90722/AppData/Local/stm32cube/bundles/gnu-tools-for-stm32/14.3.1+st.2/bin/../lib/gcc/arm-none-eabi/14.3.1/thumb/v7-m/nofp\libgcc.a(_arm_fixunsdfsi.o)
 .ARM.attributes
                0x00000365       0x2d C:/Users/90722/AppData/Local/stm32cube/bundles/gnu-tools-for-stm32/14.3.1+st.2/bin/../lib/gcc/arm-none-eabi/14.3.1/../../../../arm-none-eabi/lib/thumb/v7-m/nofp\libg_nano.a(libc_a-findfp.o)
 .ARM.attributes
                0x00000392       0x2d C:/Users/90722/AppData/Local/stm32cube/bundles/gnu-tools-for-stm32/14.3.1+st.2/bin/../lib/gcc/arm-none-eabi/14.3.1/../../../../arm-none-eabi/lib/thumb/v7-m/nofp\libg_nano.a(libc_a-snprintf.o)
 .ARM.attributes
                0x000003bf       0x2d C:/Users/90722/AppData/Local/stm32cube/bundles/gnu-tools-for-stm32/14.3.1+st.2/bin/../lib/gcc/arm-none-eabi/14.3.1/../../../../arm-none-eabi/lib/thumb/v7-m/nofp\libg_nano.a(libc_a-sprintf.o)
 .ARM.attributes
                0x000003ec       0x2d C:/Users/90722/AppData/Local/stm32cube/bundles/gnu-tools-for-stm32/14.3.1+st.2/bin/../lib/gcc/arm-none-eabi/14.3.1/../../../../arm-none-eabi/lib/thumb/v7-m/nofp\libg_nano.a(libc_a-memmove.o)
 .ARM.attributes
                0x00000419       0x2d C:/Users/90722/AppData/Local/stm32cube/bundles/gnu-tools-for-stm32/14.3.1+st.2/bin/../lib/gcc/arm-none-eabi/14.3.1/../../../../arm-none-eabi/lib/thumb/v7-m/nofp\libg_nano.a(libc_a-memset.o)
 .ARM.attributes
                0x00000446       0x2d C:/Users/90722/AppData/Local/stm32cube/bundles/gnu-tools-for-stm32/14.3.1+st.2/bin/../lib/gcc/arm-none-eabi/14.3.1/../../../../arm-none-eabi/lib/thumb/v7-m/nofp\libg_nano.a(libc_a-reent.o)
 .ARM.attributes
                0x00000473       0x2d C:/Users/90722/AppData/Local/stm32cube/bundles/gnu-tools-for-stm32/14.3.1+st.2/bin/../lib/gcc/arm-none-eabi/14.3.1/../../../../arm-none-eabi/lib/thumb/v7-m/nofp\libg_nano.a(libc_a-impure.o)
 .ARM.attributes
                0x000004a0       0x2d C:/Users/90722/AppData/Local/stm32cube/bundles/gnu-tools-for-stm32/14.3.1+st.2/bin/../lib/gcc/arm-none-eabi/14.3.1/../../../../arm-none-eabi/lib/thumb/v7-m/nofp\libg_nano.a(libc_a-errno.o)
 .ARM.attributes
                0x000004cd       0x2d C:/Users/90722/AppData/Local/stm32cube/bundles/gnu-tools-for-stm32/14.3.1+st.2/bin/../lib/gcc/arm-none-eabi/14.3.1/../../../../arm-none-eabi/lib/thumb/v7-m/nofp\libg_nano.a(libc_a-init.o)
 .ARM.attributes
                0x000004fa       0x2d C:/Users/90722/AppData/Local/stm32cube/bundles/gnu-tools-for-stm32/14.3.1+st.2/bin/../lib/gcc/arm-none-eabi/14.3.1/../../../../arm-none-eabi/lib/thumb/v7-m/nofp\libg_nano.a(libc_a-lock.o)
 .ARM.attributes
                0x00000527       0x2d C:/Users/90722/AppData/Local/stm32cube/bundles/gnu-tools-for-stm32/14.3.1+st.2/bin/../lib/gcc/arm-none-eabi/14.3.1/../../../../arm-none-eabi/lib/thumb/v7-m/nofp\libg_nano.a(libc_a-memcpy-stub.o)
 .ARM.attributes
                0x00000554       0x17 C:/Users/90722/AppData/Local/stm32cube/bundles/gnu-tools-for-stm32/14.3.1+st.2/bin/../lib/gcc/arm-none-eabi/14.3.1/../../../../arm-none-eabi/lib/thumb/v7-m/nofp\libg_nano.a(libc_a-strlen.o)
 .ARM.attributes
                0x0000056b       0x2d C:/Users/90722/AppData/Local/stm32cube/bundles/gnu-tools-for-stm32/14.3.1+st.2/bin/../lib/gcc/arm-none-eabi/14.3.1/../../../../arm-none-eabi/lib/thumb/v7-m/nofp\libg_nano.a(libc_a-freer.o)
 .ARM.attributes
                0x00000598       0x2d C:/Users/90722/AppData/Local/stm32cube/bundles/gnu-tools-for-stm32/14.3.1+st.2/bin/../lib/gcc/arm-none-eabi/14.3.1/../../../../arm-none-eabi/lib/thumb/v7-m/nofp\libg_nano.a(libc_a-mallocr.o)
 .ARM.attributes
                0x000005c5       0x2d C:/Users/90722/AppData/Local/stm32cube/bundles/gnu-tools-for-stm32/14.3.1+st.2/bin/../lib/gcc/arm-none-eabi/14.3.1/../../../../arm-none-eabi/lib/thumb/v7-m/nofp\libg_nano.a(libc_a-mlock.o)
 .ARM.attributes
                0x000005f2       0x2d C:/Users/90722/AppData/Local/stm32cube/bundles/gnu-tools-for-stm32/14.3.1+st.2/bin/../lib/gcc/arm-none-eabi/14.3.1/../../../../arm-none-eabi/lib/thumb/v7-m/nofp\libg_nano.a(libc_a-nano-svfprintf.o)
 .ARM.attributes
                0x0000061f       0x2d C:/Users/90722/AppData/Local/stm32cube/bundles/gnu-tools-for-stm32/14.3.1+st.2/bin/../lib/gcc/arm-none-eabi/14.3.1/../../../../arm-none-eabi/lib/thumb/v7-m/nofp\libg_nano.a(libc_a-nano-vfprintf_i.o)
 .ARM.attributes
                0x0000064c       0x2d C:/Users/90722/AppData/Local/stm32cube/bundles/gnu-tools-for-stm32/14.3.1+st.2/bin/../lib/gcc/arm-none-eabi/14.3.1/../../../../arm-none-eabi/lib/thumb/v7-m/nofp\libg_nano.a(libc_a-sbrkr.o)
 .ARM.attributes
                0x00000679       0x2d C:/Users/90722/AppData/Local/stm32cube/bundles/gnu-tools-for-stm32/14.3.1+st.2/bin/../lib/gcc/arm-none-eabi/14.3.1/../../../../arm-none-eabi/lib/thumb/v7-m/nofp\libg_nano.a(libc_a-memchr-stub.o)
 .ARM.attributes
                0x000006a6       0x2d C:/Users/90722/AppData/Local/stm32cube/bundles/gnu-tools-for-stm32/14.3.1+st.2/bin/../lib/gcc/arm-none-eabi/14.3.1/../../../../arm-none-eabi/lib/thumb/v7-m/nofp\libg_nano.a(libc_a-reallocr.o)
 .ARM.attributes
                0x000006d3       0x2d C:/Users/90722/AppData/Local/stm32cube/bundles/gnu-tools-for-stm32/14.3.1+st.2/bin/../lib/gcc/arm-none-eabi/14.3.1/../../../../arm-none-eabi/lib/thumb/v7-m/nofp\libg_nano.a(libc_a-msizer.o)
 .ARM.attributes
                0x00000700       0x1d C:/Users/90722/AppData/Local/stm32cube/bundles/gnu-tools-for-stm32/14.3.1+st.2/bin/../lib/gcc/arm-none-eabi/14.3.1/thumb/v7-m/nofp/crtn.o

.comment        0x00000000       0x43
 .comment       0x00000000       0x43 cmake/stm32cubemx/CMakeFiles/STM32_Drivers.dir/__/__/Core/Src/system_stm32f1xx.c.obj
                                 0x44 (size before relaxing)
 .comment       0x00000043       0x44 cmake/stm32cubemx/CMakeFiles/STM32_Drivers.dir/__/__/Drivers/STM32F1xx_HAL_Driver/Src/stm32f1xx_ll_gpio.c.obj
 .comment       0x00000043       0x44 cmake/stm32cubemx/CMakeFiles/STM32_Drivers.dir/__/__/Drivers/STM32F1xx_HAL_Driver/Src/stm32f1xx_ll_i2c.c.obj
 .comment       0x00000043       0x44 cmake/stm32cubemx/CMakeFiles/STM32_Drivers.dir/__/__/Drivers/STM32F1xx_HAL_Driver/Src/stm32f1xx_ll_rcc.c.obj
 .comment       0x00000043       0x44 cmake/stm32cubemx/CMakeFiles/STM32_Drivers.dir/__/__/Drivers/STM32F1xx_HAL_Driver/Src/stm32f1xx_ll_utils.c.obj
 .comment       0x00000043       0x44 cmake/stm32cubemx/CMakeFiles/STM32_Drivers.dir/__/__/Drivers/STM32F1xx_HAL_Driver/Src/stm32f1xx_ll_spi.c.obj
 .comment       0x00000043       0x44 cmake/stm32cubemx/CMakeFiles/STM32_Drivers.dir/__/__/Drivers/STM32F1xx_HAL_Driver/Src/stm32f1xx_ll_usart.c.obj
 .comment       0x00000043       0x44 CMakeFiles/lora_node.dir/Core/Src/main.c.obj
 .comment       0x00000043       0x44 CMakeFiles/lora_node.dir/Core/Src/stm32f1xx_it.c.obj
 .comment       0x00000043       0x44 CMakeFiles/lora_node.dir/Core/Src/sysmem.c.obj
 .comment       0x00000043       0x44 CMakeFiles/lora_node.dir/Drivers/OLED/oled.c.obj
 .comment       0x00000043       0x44 CMakeFiles/lora_node.dir/Drivers/E22/e22.c.obj
 .comment       0x00000043       0x44 CMakeFiles/lora_node.dir/Drivers/Keyboard/keyboard.c.obj
 .comment       0x00000043       0x44 CMakeFiles/lora_node.dir/App/app.c.obj
 .comment       0x00000043       0x44 CMakeFiles/lora_node.dir/App/uart_protocol.c.obj
 .comment       0x00000043       0x44 C:/Users/90722/AppData/Local/stm32cube/bundles/gnu-tools-for-stm32/14.3.1+st.2/bin/../lib/gcc/arm-none-eabi/14.3.1/../../../../arm-none-eabi/lib/thumb/v7-m/nofp\libg_nano.a(libc_a-findfp.o)
 .comment       0x00000043       0x44 C:/Users/90722/AppData/Local/stm32cube/bundles/gnu-tools-for-stm32/14.3.1+st.2/bin/../lib/gcc/arm-none-eabi/14.3.1/../../../../arm-none-eabi/lib/thumb/v7-m/nofp\libg_nano.a(libc_a-snprintf.o)
 .comment       0x00000043       0x44 C:/Users/90722/AppData/Local/stm32cube/bundles/gnu-tools-for-stm32/14.3.1+st.2/bin/../lib/gcc/arm-none-eabi/14.3.1/../../../../arm-none-eabi/lib/thumb/v7-m/nofp\libg_nano.a(libc_a-sprintf.o)
 .comment       0x00000043       0x44 C:/Users/90722/AppData/Local/stm32cube/bundles/gnu-tools-for-stm32/14.3.1+st.2/bin/../lib/gcc/arm-none-eabi/14.3.1/../../../../arm-none-eabi/lib/thumb/v7-m/nofp\libg_nano.a(libc_a-memmove.o)
 .comment       0x00000043       0x44 C:/Users/90722/AppData/Local/stm32cube/bundles/gnu-tools-for-stm32/14.3.1+st.2/bin/../lib/gcc/arm-none-eabi/14.3.1/../../../../arm-none-eabi/lib/thumb/v7-m/nofp\libg_nano.a(libc_a-memset.o)
 .comment       0x00000043       0x44 C:/Users/90722/AppData/Local/stm32cube/bundles/gnu-tools-for-stm32/14.3.1+st.2/bin/../lib/gcc/arm-none-eabi/14.3.1/../../../../arm-none-eabi/lib/thumb/v7-m/nofp\libg_nano.a(libc_a-reent.o)
 .comment       0x00000043       0x44 C:/Users/90722/AppData/Local/stm32cube/bundles/gnu-tools-for-stm32/14.3.1+st.2/bin/../lib/gcc/arm-none-eabi/14.3.1/../../../../arm-none-eabi/lib/thumb/v7-m/nofp\libg_nano.a(libc_a-impure.o)
 .comment       0x00000043       0x44 C:/Users/90722/AppData/Local/stm32cube/bundles/gnu-tools-for-stm32/14.3.1+st.2/bin/../lib/gcc/arm-none-eabi/14.3.1/../../../../arm-none-eabi/lib/thumb/v7-m/nofp\libg_nano.a(libc_a-errno.o)
 .comment       0x00000043       0x44 C:/Users/90722/AppData/Local/stm32cube/bundles/gnu-tools-for-stm32/14.3.1+st.2/bin/../lib/gcc/arm-none-eabi/14.3.1/../../../../arm-none-eabi/lib/thumb/v7-m/nofp\libg_nano.a(libc_a-init.o)
 .comment       0x00000043       0x44 C:/Users/90722/AppData/Local/stm32cube/bundles/gnu-tools-for-stm32/14.3.1+st.2/bin/../lib/gcc/arm-none-eabi/14.3.1/../../../../arm-none-eabi/lib/thumb/v7-m/nofp\libg_nano.a(libc_a-lock.o)
 .comment       0x00000043       0x44 C:/Users/90722/AppData/Local/stm32cube/bundles/gnu-tools-for-stm32/14.3.1+st.2/bin/../lib/gcc/arm-none-eabi/14.3.1/../../../../arm-none-eabi/lib/thumb/v7-m/nofp\libg_nano.a(libc_a-memcpy-stub.o)
 .comment       0x00000043       0x44 C:/Users/90722/AppData/Local/stm32cube/bundles/gnu-tools-for-stm32/14.3.1+st.2/bin/../lib/gcc/arm-none-eabi/14.3.1/../../../../arm-none-eabi/lib/thumb/v7-m/nofp\libg_nano.a(libc_a-freer.o)
 .comment       0x00000043       0x44 C:/Users/90722/AppData/Local/stm32cube/bundles/gnu-tools-for-stm32/14.3.1+st.2/bin/../lib/gcc/arm-none-eabi/14.3.1/../../../../arm-none-eabi/lib/thumb/v7-m/nofp\libg_nano.a(libc_a-mallocr.o)
 .comment       0x00000043       0x44 C:/Users/90722/AppData/Local/stm32cube/bundles/gnu-tools-for-stm32/14.3.1+st.2/bin/../lib/gcc/arm-none-eabi/14.3.1/../../../../arm-none-eabi/lib/thumb/v7-m/nofp\libg_nano.a(libc_a-mlock.o)
 .comment       0x00000043       0x44 C:/Users/90722/AppData/Local/stm32cube/bundles/gnu-tools-for-stm32/14.3.1+st.2/bin/../lib/gcc/arm-none-eabi/14.3.1/../../../../arm-none-eabi/lib/thumb/v7-m/nofp\libg_nano.a(libc_a-nano-svfprintf.o)
 .comment       0x00000043       0x44 C:/Users/90722/AppData/Local/stm32cube/bundles/gnu-tools-for-stm32/14.3.1+st.2/bin/../lib/gcc/arm-none-eabi/14.3.1/../../../../arm-none-eabi/lib/thumb/v7-m/nofp\libg_nano.a(libc_a-nano-vfprintf_i.o)
 .comment       0x00000043       0x44 C:/Users/90722/AppData/Local/stm32cube/bundles/gnu-tools-for-stm32/14.3.1+st.2/bin/../lib/gcc/arm-none-eabi/14.3.1/../../../../arm-none-eabi/lib/thumb/v7-m/nofp\libg_nano.a(libc_a-sbrkr.o)
 .comment       0x00000043       0x44 C:/Users/90722/AppData/Local/stm32cube/bundles/gnu-tools-for-stm32/14.3.1+st.2/bin/../lib/gcc/arm-none-eabi/14.3.1/../../../../arm-none-eabi/lib/thumb/v7-m/nofp\libg_nano.a(libc_a-memchr-stub.o)
 .comment       0x00000043       0x44 C:/Users/90722/AppData/Local/stm32cube/bundles/gnu-tools-for-stm32/14.3.1+st.2/bin/../lib/gcc/arm-none-eabi/14.3.1/../../../../arm-none-eabi/lib/thumb/v7-m/nofp\libg_nano.a(libc_a-reallocr.o)
 .comment       0x00000043       0x44 C:/Users/90722/AppData/Local/stm32cube/bundles/gnu-tools-for-stm32/14.3.1+st.2/bin/../lib/gcc/arm-none-eabi/14.3.1/../../../../arm-none-eabi/lib/thumb/v7-m/nofp\libg_nano.a(libc_a-msizer.o)

.debug_info     0x00000000    0x1035e
 .debug_info    0x00000000      0x21b cmake/stm32cubemx/CMakeFiles/STM32_Drivers.dir/__/__/Core/Src/system_stm32f1xx.c.obj
 .debug_info    0x0000021b      0x5b6 cmake/stm32cubemx/CMakeFiles/STM32_Drivers.dir/__/__/Drivers/STM32F1xx_HAL_Driver/Src/stm32f1xx_ll_gpio.c.obj
 .debug_info    0x000007d1      0x515 cmake/stm32cubemx/CMakeFiles/STM32_Drivers.dir/__/__/Drivers/STM32F1xx_HAL_Driver/Src/stm32f1xx_ll_i2c.c.obj
 .debug_info    0x00000ce6      0x566 cmake/stm32cubemx/CMakeFiles/STM32_Drivers.dir/__/__/Drivers/STM32F1xx_HAL_Driver/Src/stm32f1xx_ll_rcc.c.obj
 .debug_info    0x0000124c      0x7ff cmake/stm32cubemx/CMakeFiles/STM32_Drivers.dir/__/__/Drivers/STM32F1xx_HAL_Driver/Src/stm32f1xx_ll_utils.c.obj
 .debug_info    0x00001a4b      0x42e cmake/stm32cubemx/CMakeFiles/STM32_Drivers.dir/__/__/Drivers/STM32F1xx_HAL_Driver/Src/stm32f1xx_ll_spi.c.obj
 .debug_info    0x00001e79      0x5f6 cmake/stm32cubemx/CMakeFiles/STM32_Drivers.dir/__/__/Drivers/STM32F1xx_HAL_Driver/Src/stm32f1xx_ll_usart.c.obj
 .debug_info    0x0000246f     0x1606 CMakeFiles/lora_node.dir/Core/Src/main.c.obj
 .debug_info    0x00003a75      0x143 CMakeFiles/lora_node.dir/Core/Src/stm32f1xx_it.c.obj
 .debug_info    0x00003bb8      0x168 CMakeFiles/lora_node.dir/Core/Src/sysmem.c.obj
 .debug_info    0x00003d20       0x30 CMakeFiles/lora_node.dir/startup_stm32f103xb.s.obj
 .debug_info    0x00003d50      0x949 CMakeFiles/lora_node.dir/Drivers/OLED/oled.c.obj
 .debug_info    0x00004699     0x1087 CMakeFiles/lora_node.dir/Drivers/E22/e22.c.obj
 .debug_info    0x00005720      0x794 CMakeFiles/lora_node.dir/Drivers/Keyboard/keyboard.c.obj
 .debug_info    0x00005eb4      0xd33 CMakeFiles/lora_node.dir/App/app.c.obj
 .debug_info    0x00006be7      0x872 CMakeFiles/lora_node.dir/App/uart_protocol.c.obj
 .debug_info    0x00007459      0xfb2 C:/Users/90722/AppData/Local/stm32cube/bundles/gnu-tools-for-stm32/14.3.1+st.2/bin/../lib/gcc/arm-none-eabi/14.3.1/../../../../arm-none-eabi/lib/thumb/v7-m/nofp\libg_nano.a(libc_a-findfp.o)
 .debug_info    0x0000840b      0x8b9 C:/Users/90722/AppData/Local/stm32cube/bundles/gnu-tools-for-stm32/14.3.1+st.2/bin/../lib/gcc/arm-none-eabi/14.3.1/../../../../arm-none-eabi/lib/thumb/v7-m/nofp\libg_nano.a(libc_a-snprintf.o)
 .debug_info    0x00008cc4      0x885 C:/Users/90722/AppData/Local/stm32cube/bundles/gnu-tools-for-stm32/14.3.1+st.2/bin/../lib/gcc/arm-none-eabi/14.3.1/../../../../arm-none-eabi/lib/thumb/v7-m/nofp\libg_nano.a(libc_a-sprintf.o)
 .debug_info    0x00009549      0x10f C:/Users/90722/AppData/Local/stm32cube/bundles/gnu-tools-for-stm32/14.3.1+st.2/bin/../lib/gcc/arm-none-eabi/14.3.1/../../../../arm-none-eabi/lib/thumb/v7-m/nofp\libg_nano.a(libc_a-memmove.o)
 .debug_info    0x00009658       0xe0 C:/Users/90722/AppData/Local/stm32cube/bundles/gnu-tools-for-stm32/14.3.1+st.2/bin/../lib/gcc/arm-none-eabi/14.3.1/../../../../arm-none-eabi/lib/thumb/v7-m/nofp\libg_nano.a(libc_a-memset.o)
 .debug_info    0x00009738      0x8a1 C:/Users/90722/AppData/Local/stm32cube/bundles/gnu-tools-for-stm32/14.3.1+st.2/bin/../lib/gcc/arm-none-eabi/14.3.1/../../../../arm-none-eabi/lib/thumb/v7-m/nofp\libg_nano.a(libc_a-reent.o)
 .debug_info    0x00009fd9      0x715 C:/Users/90722/AppData/Local/stm32cube/bundles/gnu-tools-for-stm32/14.3.1+st.2/bin/../lib/gcc/arm-none-eabi/14.3.1/../../../../arm-none-eabi/lib/thumb/v7-m/nofp\libg_nano.a(libc_a-impure.o)
 .debug_info    0x0000a6ee      0x6fb C:/Users/90722/AppData/Local/stm32cube/bundles/gnu-tools-for-stm32/14.3.1+st.2/bin/../lib/gcc/arm-none-eabi/14.3.1/../../../../arm-none-eabi/lib/thumb/v7-m/nofp\libg_nano.a(libc_a-errno.o)
 .debug_info    0x0000ade9      0x10b C:/Users/90722/AppData/Local/stm32cube/bundles/gnu-tools-for-stm32/14.3.1+st.2/bin/../lib/gcc/arm-none-eabi/14.3.1/../../../../arm-none-eabi/lib/thumb/v7-m/nofp\libg_nano.a(libc_a-init.o)
 .debug_info    0x0000aef4      0x218 C:/Users/90722/AppData/Local/stm32cube/bundles/gnu-tools-for-stm32/14.3.1+st.2/bin/../lib/gcc/arm-none-eabi/14.3.1/../../../../arm-none-eabi/lib/thumb/v7-m/nofp\libg_nano.a(libc_a-lock.o)
 .debug_info    0x0000b10c      0x121 C:/Users/90722/AppData/Local/stm32cube/bundles/gnu-tools-for-stm32/14.3.1+st.2/bin/../lib/gcc/arm-none-eabi/14.3.1/../../../../arm-none-eabi/lib/thumb/v7-m/nofp\libg_nano.a(libc_a-memcpy-stub.o)
 .debug_info    0x0000b22d       0x31 C:/Users/90722/AppData/Local/stm32cube/bundles/gnu-tools-for-stm32/14.3.1+st.2/bin/../lib/gcc/arm-none-eabi/14.3.1/../../../../arm-none-eabi/lib/thumb/v7-m/nofp\libg_nano.a(libc_a-strlen.o)
 .debug_info    0x0000b25e      0x851 C:/Users/90722/AppData/Local/stm32cube/bundles/gnu-tools-for-stm32/14.3.1+st.2/bin/../lib/gcc/arm-none-eabi/14.3.1/../../../../arm-none-eabi/lib/thumb/v7-m/nofp\libg_nano.a(libc_a-freer.o)
 .debug_info    0x0000baaf      0x9bc C:/Users/90722/AppData/Local/stm32cube/bundles/gnu-tools-for-stm32/14.3.1+st.2/bin/../lib/gcc/arm-none-eabi/14.3.1/../../../../arm-none-eabi/lib/thumb/v7-m/nofp\libg_nano.a(libc_a-mallocr.o)
 .debug_info    0x0000c46b      0x76b C:/Users/90722/AppData/Local/stm32cube/bundles/gnu-tools-for-stm32/14.3.1+st.2/bin/../lib/gcc/arm-none-eabi/14.3.1/../../../../arm-none-eabi/lib/thumb/v7-m/nofp\libg_nano.a(libc_a-mlock.o)
 .debug_info    0x0000cbd6     0x10b3 C:/Users/90722/AppData/Local/stm32cube/bundles/gnu-tools-for-stm32/14.3.1+st.2/bin/../lib/gcc/arm-none-eabi/14.3.1/../../../../arm-none-eabi/lib/thumb/v7-m/nofp\libg_nano.a(libc_a-nano-svfprintf.o)
 .debug_info    0x0000dc89      0xde2 C:/Users/90722/AppData/Local/stm32cube/bundles/gnu-tools-for-stm32/14.3.1+st.2/bin/../lib/gcc/arm-none-eabi/14.3.1/../../../../arm-none-eabi/lib/thumb/v7-m/nofp\libg_nano.a(libc_a-nano-vfprintf_i.o)
 .debug_info    0x0000ea6b      0x782 C:/Users/90722/AppData/Local/stm32cube/bundles/gnu-tools-for-stm32/14.3.1+st.2/bin/../lib/gcc/arm-none-eabi/14.3.1/../../../../arm-none-eabi/lib/thumb/v7-m/nofp\libg_nano.a(libc_a-sbrkr.o)
 .debug_info    0x0000f1ed      0x110 C:/Users/90722/AppData/Local/stm32cube/bundles/gnu-tools-for-stm32/14.3.1+st.2/bin/../lib/gcc/arm-none-eabi/14.3.1/../../../../arm-none-eabi/lib/thumb/v7-m/nofp\libg_nano.a(libc_a-memchr-stub.o)
 .debug_info    0x0000f2fd      0x8cd C:/Users/90722/AppData/Local/stm32cube/bundles/gnu-tools-for-stm32/14.3.1+st.2/bin/../lib/gcc/arm-none-eabi/14.3.1/../../../../arm-none-eabi/lib/thumb/v7-m/nofp\libg_nano.a(libc_a-reallocr.o)
 .debug_info    0x0000fbca      0x794 C:/Users/90722/AppData/Local/stm32cube/bundles/gnu-tools-for-stm32/14.3.1+st.2/bin/../lib/gcc/arm-none-eabi/14.3.1/../../../../arm-none-eabi/lib/thumb/v7-m/nofp\libg_nano.a(libc_a-msizer.o)

.debug_abbrev   0x00000000     0x454f
 .debug_abbrev  0x00000000      0x13f cmake/stm32cubemx/CMakeFiles/STM32_Drivers.dir/__/__/Core/Src/system_stm32f1xx.c.obj
 .debug_abbrev  0x0000013f      0x229 cmake/stm32cubemx/CMakeFiles/STM32_Drivers.dir/__/__/Drivers/STM32F1xx_HAL_Driver/Src/stm32f1xx_ll_gpio.c.obj
 .debug_abbrev  0x00000368      0x1b6 cmake/stm32cubemx/CMakeFiles/STM32_Drivers.dir/__/__/Drivers/STM32F1xx_HAL_Driver/Src/stm32f1xx_ll_i2c.c.obj
 .debug_abbrev  0x0000051e      0x290 cmake/stm32cubemx/CMakeFiles/STM32_Drivers.dir/__/__/Drivers/STM32F1xx_HAL_Driver/Src/stm32f1xx_ll_rcc.c.obj
 .debug_abbrev  0x000007ae      0x24e cmake/stm32cubemx/CMakeFiles/STM32_Drivers.dir/__/__/Drivers/STM32F1xx_HAL_Driver/Src/stm32f1xx_ll_utils.c.obj
 .debug_abbrev  0x000009fc      0x1a9 cmake/stm32cubemx/CMakeFiles/STM32_Drivers.dir/__/__/Drivers/STM32F1xx_HAL_Driver/Src/stm32f1xx_ll_spi.c.obj
 .debug_abbrev  0x00000ba5      0x1dc cmake/stm32cubemx/CMakeFiles/STM32_Drivers.dir/__/__/Drivers/STM32F1xx_HAL_Driver/Src/stm32f1xx_ll_usart.c.obj
 .debug_abbrev  0x00000d81      0x447 CMakeFiles/lora_node.dir/Core/Src/main.c.obj
 .debug_abbrev  0x000011c8       0x80 CMakeFiles/lora_node.dir/Core/Src/stm32f1xx_it.c.obj
 .debug_abbrev  0x00001248       0xbc CMakeFiles/lora_node.dir/Core/Src/sysmem.c.obj
 .debug_abbrev  0x00001304       0x24 CMakeFiles/lora_node.dir/startup_stm32f103xb.s.obj
 .debug_abbrev  0x00001328      0x2a7 CMakeFiles/lora_node.dir/Drivers/OLED/oled.c.obj
 .debug_abbrev  0x000015cf      0x34d CMakeFiles/lora_node.dir/Drivers/E22/e22.c.obj
 .debug_abbrev  0x0000191c      0x282 CMakeFiles/lora_node.dir/Drivers/Keyboard/keyboard.c.obj
 .debug_abbrev  0x00001b9e      0x31b CMakeFiles/lora_node.dir/App/app.c.obj
 .debug_abbrev  0x00001eb9      0x353 CMakeFiles/lora_node.dir/App/uart_protocol.c.obj
 .debug_abbrev  0x0000220c      0x424 C:/Users/90722/AppData/Local/stm32cube/bundles/gnu-tools-for-stm32/14.3.1+st.2/bin/../lib/gcc/arm-none-eabi/14.3.1/../../../../arm-none-eabi/lib/thumb/v7-m/nofp\libg_nano.a(libc_a-findfp.o)
 .debug_abbrev  0x00002630      0x231 C:/Users/90722/AppData/Local/stm32cube/bundles/gnu-tools-for-stm32/14.3.1+st.2/bin/../lib/gcc/arm-none-eabi/14.3.1/../../../../arm-none-eabi/lib/thumb/v7-m/nofp\libg_nano.a(libc_a-snprintf.o)
 .debug_abbrev  0x00002861      0x21c C:/Users/90722/AppData/Local/stm32cube/bundles/gnu-tools-for-stm32/14.3.1+st.2/bin/../lib/gcc/arm-none-eabi/14.3.1/../../../../arm-none-eabi/lib/thumb/v7-m/nofp\libg_nano.a(libc_a-sprintf.o)
 .debug_abbrev  0x00002a7d       0xac C:/Users/90722/AppData/Local/stm32cube/bundles/gnu-tools-for-stm32/14.3.1+st.2/bin/../lib/gcc/arm-none-eabi/14.3.1/../../../../arm-none-eabi/lib/thumb/v7-m/nofp\libg_nano.a(libc_a-memmove.o)
 .debug_abbrev  0x00002b29       0x9e C:/Users/90722/AppData/Local/stm32cube/bundles/gnu-tools-for-stm32/14.3.1+st.2/bin/../lib/gcc/arm-none-eabi/14.3.1/../../../../arm-none-eabi/lib/thumb/v7-m/nofp\libg_nano.a(libc_a-memset.o)
 .debug_abbrev  0x00002bc7      0x1f7 C:/Users/90722/AppData/Local/stm32cube/bundles/gnu-tools-for-stm32/14.3.1+st.2/bin/../lib/gcc/arm-none-eabi/14.3.1/../../../../arm-none-eabi/lib/thumb/v7-m/nofp\libg_nano.a(libc_a-reent.o)
 .debug_abbrev  0x00002dbe      0x149 C:/Users/90722/AppData/Local/stm32cube/bundles/gnu-tools-for-stm32/14.3.1+st.2/bin/../lib/gcc/arm-none-eabi/14.3.1/../../../../arm-none-eabi/lib/thumb/v7-m/nofp\libg_nano.a(libc_a-impure.o)
 .debug_abbrev  0x00002f07      0x15e C:/Users/90722/AppData/Local/stm32cube/bundles/gnu-tools-for-stm32/14.3.1+st.2/bin/../lib/gcc/arm-none-eabi/14.3.1/../../../../arm-none-eabi/lib/thumb/v7-m/nofp\libg_nano.a(libc_a-errno.o)
 .debug_abbrev  0x00003065       0xc9 C:/Users/90722/AppData/Local/stm32cube/bundles/gnu-tools-for-stm32/14.3.1+st.2/bin/../lib/gcc/arm-none-eabi/14.3.1/../../../../arm-none-eabi/lib/thumb/v7-m/nofp\libg_nano.a(libc_a-init.o)
 .debug_abbrev  0x0000312e      0x115 C:/Users/90722/AppData/Local/stm32cube/bundles/gnu-tools-for-stm32/14.3.1+st.2/bin/../lib/gcc/arm-none-eabi/14.3.1/../../../../arm-none-eabi/lib/thumb/v7-m/nofp\libg_nano.a(libc_a-lock.o)
 .debug_abbrev  0x00003243       0xc1 C:/Users/90722/AppData/Local/stm32cube/bundles/gnu-tools-for-stm32/14.3.1+st.2/bin/../lib/gcc/arm-none-eabi/14.3.1/../../../../arm-none-eabi/lib/thumb/v7-m/nofp\libg_nano.a(libc_a-memcpy-stub.o)
 .debug_abbrev  0x00003304       0x28 C:/Users/90722/AppData/Local/stm32cube/bundles/gnu-tools-for-stm32/14.3.1+st.2/bin/../lib/gcc/arm-none-eabi/14.3.1/../../../../arm-none-eabi/lib/thumb/v7-m/nofp\libg_nano.a(libc_a-strlen.o)
 .debug_abbrev  0x0000332c      0x236 C:/Users/90722/AppData/Local/stm32cube/bundles/gnu-tools-for-stm32/14.3.1+st.2/bin/../lib/gcc/arm-none-eabi/14.3.1/../../../../arm-none-eabi/lib/thumb/v7-m/nofp\libg_nano.a(libc_a-freer.o)
 .debug_abbrev  0x00003562      0x24a C:/Users/90722/AppData/Local/stm32cube/bundles/gnu-tools-for-stm32/14.3.1+st.2/bin/../lib/gcc/arm-none-eabi/14.3.1/../../../../arm-none-eabi/lib/thumb/v7-m/nofp\libg_nano.a(libc_a-mallocr.o)