Archive member included to satisfy reference by file (symbol)

C:/Users/90722/AppData/Local/stm32cube/bundles/gnu-tools-for-stm32/14.3.1+st.2/bin/../lib/gcc/arm-none-eabi/14.3.1/thumb/v7-m/nofp\libgcc.a(_arm_addsubdf3.o)
                              CMakeFiles/lora_node.dir/Drivers/E22/e22.c.obj (__aeabi_ui2d)
C:/Users/90722/AppData/Local/stm32cube/bundles/gnu-tools-for-stm32/14.3.1+st.2/bin/../lib/gcc/arm-none-eabi/14.3.1/thumb/v7-m/nofp\libgcc.a(_arm_muldivdf3.o)
                              CMakeFiles/lora_node.dir/Drivers/E22/e22.c.obj (__aeabi_ddiv)
C:/Users/90722/AppData/Local/stm32cube/bundles/gnu-tools-for-stm32/14.3.1+st.2/bin/../lib/gcc/arm-none-eabi/14.3.1/thumb/v7-m/nofp\libgcc.a(_arm_fixunsdfsi.o)
                              CMakeFiles/lora_node.dir/Drivers/E22/e22.c.obj (__aeabi_d2uiz)
C:/Users/90722/AppData/Local/stm32cube/bundles/gnu-tools-for-stm32/14.3.1+st.2/bin/../lib/gcc/arm-none-eabi/14.3.1/../../../../arm-none-eabi/lib/thumb/v7-m/nofp\libg_nano.a(libc_a-exit.o)
                              C:/Users/90722/AppData/Local/stm32cube/bundles/gnu-tools-for-stm32/14.3.1+st.2/bin/../lib/gcc/arm-none-eabi/14.3.1/../../../../arm-none-eabi/lib/thumb/v7-m/nofp/crt0.o (exit)
C:/Users/90722/AppData/Local/stm32cube/bundles/gnu-tools-for-stm32/14.3.1+st.2/bin/../lib/gcc/arm-none-eabi/14.3.1/../../../../arm-none-eabi/lib/thumb/v7-m/nofp\libg_nano.a(libc_a-findfp.o)
                              C:/Users/90722/AppData/Local/stm32cube/bundles/gnu-tools-for-stm32/14.3.1+st.2/bin/../lib/gcc/arm-none-eabi/14.3.1/../../../../arm-none-eabi/lib/thumb/v7-m/nofp\libg_nano.a(libc_a-exit.o) (__stdio_exit_handler)
C:/Users/90722/AppData/Local/stm32cube/bundles/gnu-tools-for-stm32/14.3.1+st.2/bin/../lib/gcc/arm-none-eabi/14.3.1/../../../../arm-none-eabi/lib/thumb/v7-m/nofp\libg_nano.a(libc_a-fwalk.o)
                              C:/Users/90722/AppData/Local/stm32cube/bundles/gnu-tools-for-stm32/14.3.1+st.2/bin/../lib/gcc/arm-none-eabi/14.3.1/../../../../arm-none-eabi/lib/thumb/v7-m/nofp\libg_nano.a(libc_a-findfp.o) (_fwalk_sglue)
C:/Users/90722/AppData/Local/stm32cube/bundles/gnu-tools-for-stm32/14.3.1+st.2/bin/../lib/gcc/arm-none-eabi/14.3.1/../../../../arm-none-eabi/lib/thumb/v7-m/nofp\libg_nano.a(libc_a-snprintf.o)
                              CMakeFiles/lora_node.dir/App/app.c.obj (snprintf)
C:/Users/90722/AppData/Local/stm32cube/bundles/gnu-tools-for-stm32/14.3.1+st.2/bin/../lib/gcc/arm-none-eabi/14.3.1/../../../../arm-none-eabi/lib/thumb/v7-m/nofp\libg_nano.a(libc_a-sprintf.o)
                              CMakeFiles/lora_node.dir/App/app.c.obj (sprintf)
C:/Users/90722/AppData/Local/stm32cube/bundles/gnu-tools-for-stm32/14.3.1+st.2/bin/../lib/gcc/arm-none-eabi/14.3.1/../../../../arm-none-eabi/lib/thumb/v7-m/nofp\libg_nano.a(libc_a-stdio.o)
                              C:/Users/90722/AppData/Local/stm32cube/bundles/gnu-tools-for-stm32/14.3.1+st.2/bin/../lib/gcc/arm-none-eabi/14.3.1/../../../../arm-none-eabi/lib/thumb/v7-m/nofp\libg_nano.a(libc_a-findfp.o) (__sread)
C:/Users/90722/AppData/Local/stm32cube/bundles/gnu-tools-for-stm32/14.3.1+st.2/bin/../lib/gcc/arm-none-eabi/14.3.1/../../../../arm-none-eabi/lib/thumb/v7-m/nofp\libg_nano.a(libc_a-memmove.o)
                              CMakeFiles/lora_node.dir/Drivers/OLED/oled.c.obj (memmove)
C:/Users/90722/AppData/Local/stm32cube/bundles/gnu-tools-for-stm32/14.3.1+st.2/bin/../lib/gcc/arm-none-eabi/14.3.1/../../../../arm-none-eabi/lib/thumb/v7-m/nofp\libg_nano.a(libc_a-memset.o)
                              C:/Users/90722/AppData/Local/stm32cube/bundles/gnu-tools-for-stm32/14.3.1+st.2/bin/../lib/gcc/arm-none-eabi/14.3.1/../../../../arm-none-eabi/lib/thumb/v7-m/nofp/crt0.o (memset)
C:/Users/90722/AppData/Local/stm32cube/bundles/gnu-tools-for-stm32/14.3.1+st.2/bin/../lib/gcc/arm-none-eabi/14.3.1/../../../../arm-none-eabi/lib/thumb/v7-m/nofp\libg_nano.a(libc_a-closer.o)
                              C:/Users/90722/AppData/Local/stm32cube/bundles/gnu-tools-for-stm32/14.3.1+st.2/bin/../lib/gcc/arm-none-eabi/14.3.1/../../../../arm-none-eabi/lib/thumb/v7-m/nofp\libg_nano.a(libc_a-stdio.o) (_close_r)
C:/Users/90722/AppData/Local/stm32cube/bundles/gnu-tools-for-stm32/14.3.1+st.2/bin/../lib/gcc/arm-none-eabi/14.3.1/../../../../arm-none-eabi/lib/thumb/v7-m/nofp\libg_nano.a(libc_a-reent.o)
                              C:/Users/90722/AppData/Local/stm32cube/bundles/gnu-tools-for-stm32/14.3.1+st.2/bin/../lib/gcc/arm-none-eabi/14.3.1/../../../../arm-none-eabi/lib/thumb/v7-m/nofp\libg_nano.a(libc_a-closer.o) (errno)
C:/Users/90722/AppData/Local/stm32cube/bundles/gnu-tools-for-stm32/14.3.1+st.2/bin/../lib/gcc/arm-none-eabi/14.3.1/../../../../arm-none-eabi/lib/thumb/v7-m/nofp\libg_nano.a(libc_a-impure.o)
                              C:/Users/90722/AppData/Local/stm32cube/bundles/gnu-tools-for-stm32/14.3.1+st.2/bin/../lib/gcc/arm-none-eabi/14.3.1/../../../../arm-none-eabi/lib/thumb/v7-m/nofp\libg_nano.a(libc_a-snprintf.o) (_impure_ptr)
[...]
Memory Configuration

Name             Origin             Length             Attributes
RAM              0x20000000         0x00005000         xrw
FLASH            0x08000000         0x00010000         xr
*default*        0x00000000         0xffffffff

Linker script and memory map

LOAD C:/Users/90722/AppData/Local/stm32cube/bundles/gnu-tools-for-stm32/14.3.1+st.2/bin/../lib/gcc/arm-none-eabi/14.3.1/thumb/v7-m/nofp/crti.o
LOAD C:/Users/90722/AppData/Local/stm32cube/bundles/gnu-tools-for-stm32/14.3.1+st.2/bin/../lib/gcc/arm-none-eabi/14.3.1/thumb/v7-m/nofp/crtbegin.o
LOAD C:/Users/90722/AppData/Local/stm32cube/bundles/gnu-tools-for-stm32/14.3.1+st.2/bin/../lib/gcc/arm-none-eabi/14.3.1/../../../../arm-none-eabi/lib/thumb/v7-m/nofp/crt0.o
LOAD cmake/stm32cubemx/CMakeFiles/STM32_Drivers.dir/__/__/Core/Src/system_stm32f1xx.c.obj
LOAD cmake/stm32cubemx/CMakeFiles/STM32_Drivers.dir/__/__/Drivers/STM32F1xx_HAL_Driver/Src/stm32f1xx_ll_gpio.c.obj
LOAD cmake/stm32cubemx/CMakeFiles/STM32_Drivers.dir/__/__/Drivers/STM32F1xx_HAL_Driver/Src/stm32f1xx_ll_i2c.c.obj
LOAD cmake/stm32cubemx/CMakeFiles/STM32_Drivers.dir/__/__/Drivers/STM32F1xx_HAL_Driver/Src/stm32f1xx_ll_dma.c.obj
LOAD cmake/stm32cubemx/CMakeFiles/STM32_Drivers.dir/__/__/Drivers/STM32F1xx_HAL_Driver/Src/stm32f1xx_ll_rcc.c.obj
LOAD cmake/stm32cubemx/CMakeFiles/STM32_Drivers.dir/__/__/Drivers/STM32F1xx_HAL_Driver/Src/stm32f1xx_ll_utils.c.obj
LOAD cmake/stm32cubemx/CMakeFiles/STM32_Drivers.dir/__/__/Drivers/STM32F1xx_HAL_Driver/Src/stm32f1xx_ll_exti.c.obj
LOAD cmake/stm32cubemx/CMakeFiles/STM32_Drivers.dir/__/__/Drivers/STM32F1xx_HAL_Driver/Src/stm32f1xx_ll_spi.c.obj
LOAD cmake/stm32cubemx/CMakeFiles/STM32_Drivers.dir/__/__/Drivers/STM32F1xx_HAL_Driver/Src/stm32f1xx_ll_pwr.c.obj
LOAD cmake/stm32cubemx/CMakeFiles/STM32_Drivers.dir/__/__/Drivers/STM32F1xx_HAL_Driver/Src/stm32f1xx_ll_usart.c.obj
LOAD CMakeFiles/lora_node.dir/Core/Src/main.c.obj
LOAD CMakeFiles/lora_node.dir/Core/Src/stm32f1xx_it.c.obj
LOAD CMakeFiles/lora_node.dir/Core/Src/sysmem.c.obj
LOAD CMakeFiles/lora_node.dir/Core/Src/syscalls.c.obj
LOAD CMakeFiles/lora_node.dir/startup_stm32f103xb.s.obj
LOAD CMakeFiles/lora_node.dir/Drivers/OLED/oled.c.obj
LOAD CMakeFiles/lora_node.dir/Drivers/E22/e22.c.obj
LOAD CMakeFiles/lora_node.dir/Drivers/Keyboard/keyboard.c.obj
LOAD CMakeFiles/lora_node.dir/App/app.c.obj
LOAD CMakeFiles/lora_node.dir/App/uart_protocol.c.obj
LOAD C:/Users/90722/AppData/Local/stm32cube/bundles/gnu-tools-for-stm32/14.3.1+st.2/bin/../lib/gcc/arm-none-eabi/14.3.1/../../../../arm-none-eabi/lib/thumb/v7-m/nofp\libm.a
START GROUP
LOAD C:/Users/90722/AppData/Local/stm32cube/bundles/gnu-tools-for-stm32/14.3.1+st.2/bin/../lib/gcc/arm-none-eabi/14.3.1/thumb/v7-m/nofp\libgcc.a
LOAD C:/Users/90722/AppData/Local/stm32cube/bundles/gnu-tools-for-stm32/14.3.1+st.2/bin/../lib/gcc/arm-none-eabi/14.3.1/../../../../arm-none-eabi/lib/thumb/v7-m/nofp\libg_nano.a
LOAD C:/Users/90722/AppData/Local/stm32cube/bundles/gnu-tools-for-stm32/14.3.1+st.2/bin/../lib/gcc/arm-none-eabi/14.3.1/../../../../arm-none-eabi/lib/thumb/v7-m/nofp\libc_nano.a
END GROUP
START GROUP
LOAD C:/Users/90722/AppData/Local/stm32cube/bundles/gnu-tools-for-stm32/14.3.1+st.2/bin/../lib/gcc/arm-none-eabi/14.3.1/thumb/v7-m/nofp\libgcc.a
LOAD C:/Users/90722/AppData/Local/stm32cube/bundles/gnu-tools-for-stm32/14.3.1+st.2/bin/../lib/gcc/arm-none-eabi/14.3.1/../../../../arm-none-eabi/lib/thumb/v7-m/nofp\libc_nano.a
END GROUP
LOAD C:/Users/90722/AppData/Local/stm32cube/bundles/gnu-tools-for-stm32/14.3.1+st.2/bin/../lib/gcc/arm-none-eabi/14.3.1/thumb/v7-m/nofp/crtend.o
LOAD C:/Users/90722/AppData/Local/stm32cube/bundles/gnu-tools-for-stm32/14.3.1+st.2/bin/../lib/gcc/arm-none-eabi/14.3.1/thumb/v7-m/nofp/crtn.o
                0x20005000                        _estack = (ORIGIN (RAM) + LENGTH (RAM))
                0x00000200                        _Min_Heap_Size = 0x200
                0x00000400                        _Min_Stack_Size = 0x400

.isr_vector     0x08000000      0x10c
                0x08000000                        . = ALIGN (0x4)
 *(.isr_vector)
 .isr_vector    0x08000000      0x10c CMakeFiles/lora_node.dir/startup_stm32f103xb.s.obj
                0x08000000                g_pfnVectors
                0x0800010c                        . = ALIGN (0x4)

.text           0x08000110     0x363c
                0x08000110                        . = ALIGN (0x4)
 *(.text)
 .text          0x08000110       0x40 C:/Users/90722/AppData/Local/stm32cube/bundles/gnu-tools-for-stm32/14.3.1+st.2/bin/../lib/gcc/arm-none-eabi/14.3.1/thumb/v7-m/nofp/crtbegin.o
 .text          0x08000150      0x378 C:/Users/90722/AppData/Local/stm32cube/bundles/gnu-tools-for-stm32/14.3.1+st.2/bin/../lib/gcc/arm-none-eabi/14.3.1/thumb/v7-m/nofp\libgcc.a(_arm_addsubdf3.o)
                0x08000150                __aeabi_drsub
                0x08000158                __aeabi_dsub
                0x08000158                __subdf3
                0x0800015c                __aeabi_dadd
                0x0800015c                __adddf3
                0x080003d4                __floatunsidf
                0x080003d4                __aeabi_ui2d
                0x080003f4                __floatsidf
                0x080003f4                __aeabi_i2d
                0x08000418                __aeabi_f2d
                0x08000418                __extendsfdf2
                0x0800045c                __floatundidf
                0x0800045c                __aeabi_ul2d
                0x0800046c                __floatdidf
                0x0800046c                __aeabi_l2d
 .text          0x080004c8      0x424 C:/Users/90722/AppData/Local/stm32cube/bundles/gnu-tools-for-stm32/14.3.1+st.2/bin/../lib/gcc/arm-none-eabi/14.3.1/thumb/v7-m/nofp\libgcc.a(_arm_muldivdf3.o)
                0x080004c8                __aeabi_dmul
                0x080004c8                __muldf3
                0x0800071c                __divdf3
                0x0800071c                __aeabi_ddiv
 .text          0x080008ec       0x40 C:/Users/90722/AppData/Local/stm32cube/bundles/gnu-tools-for-stm32/14.3.1+st.2/bin/../lib/gcc/arm-none-eabi/14.3.1/thumb/v7-m/nofp\libgcc.a(_arm_fixunsdfsi.o)
                0x080008ec                __aeabi_d2uiz
                0x080008ec                __fixunsdfsi
 .text          0x0800092c       0x10 C:/Users/90722/AppData/Local/stm32cube/bundles/gnu-tools-for-stm32/14.3.1+st.2/bin/../lib/gcc/arm-none-eabi/14.3.1/../../../../arm-none-eabi/lib/thumb/v7-m/nofp\libg_nano.a(libc_a-strlen.o)
                0x0800092c                strlen
 *(.text*)
 .text.SystemInit
                0x0800093c        0x2 cmake/stm32cubemx/CMakeFiles/STM32_Drivers.dir/__/__/Core/Src/system_stm32f1xx.c.obj
                0x0800093c                SystemInit
 *fill*         0x0800093e        0x2 
 .text.LL_GPIO_Init
                0x08000940      0x194 cmake/stm32cubemx/CMakeFiles/STM32_Drivers.dir/__/__/Drivers/STM32F1xx_HAL_Driver/Src/stm32f1xx_ll_gpio.c.obj
                0x08000940                LL_GPIO_Init
 .text.LL_I2C_Init
                0x08000ad4      0x174 cmake/stm32cubemx/CMakeFiles/STM32_Drivers.dir/__/__/Drivers/STM32F1xx_HAL_Driver/Src/stm32f1xx_ll_i2c.c.obj
                0x08000ad4                LL_I2C_Init
 .text.RCC_GetHCLKClockFreq
                0x08000c48       0x18 cmake/stm32cubemx/CMakeFiles/STM32_Drivers.dir/__/__/Drivers/STM32F1xx_HAL_Driver/Src/stm32f1xx_ll_rcc.c.obj
                0x08000c48                RCC_GetHCLKClockFreq
 .text.RCC_GetPCLK1ClockFreq
                0x08000c60       0x18 cmake/stm32cubemx/CMakeFiles/STM32_Drivers.dir/__/__/Drivers/STM32F1xx_HAL_Driver/Src/stm32f1xx_ll_rcc.c.obj
                0x08000c60                RCC_GetPCLK1ClockFreq
 .text.RCC_GetPCLK2ClockFreq
                0x08000c78       0x18 cmake/stm32cubemx/CMakeFiles/STM32_Drivers.dir/__/__/Drivers/STM32F1xx_HAL_Driver/Src/stm32f1xx_ll_rcc.c.obj
                0x08000c78                RCC_GetPCLK2ClockFreq
 .text.RCC_PLL_GetFreqDomain_SYS
                0x08000c90       0x34 cmake/stm32cubemx/CMakeFiles/STM32_Drivers.dir/__/__/Drivers/STM32F1xx_HAL_Driver/Src/stm32f1xx_ll_rcc.c.obj
                0x08000c90                RCC_PLL_GetFreqDomain_SYS
 .text.RCC_GetSystemClockFreq
                0x08000cc4       0x1c cmake/stm32cubemx/CMakeFiles/STM32_Drivers.dir/__/__/Drivers/STM32F1xx_HAL_Driver/Src/stm32f1xx_ll_rcc.c.obj
                0x08000cc4                RCC_GetSystemClockFreq
 .text.LL_RCC_GetSystemClocksFreq
                0x08000ce0       0x22 cmake/stm32cubemx/CMakeFiles/STM32_Drivers.dir/__/__/Drivers/STM32F1xx_HAL_Driver/Src/stm32f1xx_ll_rcc.c.obj
                0x08000ce0                LL_RCC_GetSystemClocksFreq
 *fill*         0x08000d02        0x2 
 .text.LL_SetSystemCoreClock
                0x08000d04        0xc cmake/stm32cubemx/CMakeFiles/STM32_Drivers.dir/__/__/Drivers/STM32F1xx_HAL_Driver/Src/stm32f1xx_ll_utils.c.obj
                0x08000d04                LL_SetSystemCoreClock
 .text.LL_SPI_Init
                0x08000d10      0x148 cmake/stm32cubemx/CMakeFiles/STM32_Drivers.dir/__/__/Drivers/STM32F1xx_HAL_Driver/Src/stm32f1xx_ll_spi.c.obj
                0x08000d10                LL_SPI_Init
 .text.LL_USART_Init
                0x08000e58      0x150 cmake/stm32cubemx/CMakeFiles/STM32_Drivers.dir/__/__/Drivers/STM32F1xx_HAL_Driver/Src/stm32f1xx_ll_usart.c.obj
                0x08000e58                LL_USART_Init
 .text.LL_APB2_GRP1_EnableClock
                0x08000fa8       0x1c CMakeFiles/lora_node.dir/Core/Src/main.c.obj
 .text.GetTick  0x08000fc4        0xc CMakeFiles/lora_node.dir/Core/Src/main.c.obj
                0x08000fc4                GetTick
 .text.Delay_Ms
                0x08000fd0       0x24 CMakeFiles/lora_node.dir/Core/Src/main.c.obj
                0x08000fd0                Delay_Ms
 .text.SysTick_Handler
                0x08000ff4       0x10 CMakeFiles/lora_node.dir/Core/Src/main.c.obj
                0x08000ff4                SysTick_Handler
 .text.USART1_IRQHandler
                0x08001004       0x2c CMakeFiles/lora_node.dir/Core/Src/main.c.obj
                0x08001004                USART1_IRQHandler
 .text.IWDG_Init
                0x08001030       0x44 CMakeFiles/lora_node.dir/Core/Src/main.c.obj
                0x08001030                IWDG_Init
 .text.SystemClock_Config
                0x08001074       0xb0 CMakeFiles/lora_node.dir/Core/Src/main.c.obj
                0x08001074                SystemClock_Config
 .text.startup.main
                0x08001124      0x2d8 CMakeFiles/lora_node.dir/Core/Src/main.c.obj
                0x08001124                main
 .text.assert_failed
                0x080013fc        0x2 CMakeFiles/lora_node.dir/Core/Src/main.c.obj
                0x080013fc                assert_failed
 .text.NMI_Handler
                0x080013fe        0x2 CMakeFiles/lora_node.dir/Core/Src/stm32f1xx_it.c.obj
                0x080013fe                NMI_Handler
 .text.HardFault_Handler
                0x08001400        0x2 CMakeFiles/lora_node.dir/Core/Src/stm32f1xx_it.c.obj
                0x08001400                HardFault_Handler
 .text.MemManage_Handler
                0x08001402        0x2 CMakeFiles/lora_node.dir/Core/Src/stm32f1xx_it.c.obj
                0x08001402                MemManage_Handler
 .text.BusFault_Handler
                0x08001404        0x2 CMakeFiles/lora_node.dir/Core/Src/stm32f1xx_it.c.obj
                0x08001404                BusFault_Handler
 .text.UsageFault_Handler
                0x08001406        0x2 CMakeFiles/lora_node.dir/Core/Src/stm32f1xx_it.c.obj
                0x08001406                UsageFault_Handler
 .text.SVC_Handler
                0x08001408        0x2 CMakeFiles/lora_node.dir/Core/Src/stm32f1xx_it.c.obj
                0x08001408                SVC_Handler
 .text.DebugMon_Handler
                0x0800140a        0x2 CMakeFiles/lora_node.dir/Core/Src/stm32f1xx_it.c.obj
                0x0800140a                DebugMon_Handler
 .text.PendSV_Handler
                0x0800140c        0x2 CMakeFiles/lora_node.dir/Core/Src/stm32f1xx_it.c.obj
                0x0800140c                PendSV_Handler
 *fill*         0x0800140e        0x2 
 .text._sbrk    0x08001410       0x3c CMakeFiles/lora_node.dir/Core/Src/sysmem.c.obj
                0x08001410                _sbrk
 .text.Reset_Handler
                0x0800144c       0x48 CMakeFiles/lora_node.dir/startup_stm32f103xb.s.obj
                0x0800144c                Reset_Handler
 .text.Default_Handler
                0x08001494        0x2 CMakeFiles/lora_node.dir/startup_stm32f103xb.s.obj
                0x08001494                RTC_Alarm_IRQHandler
                0x08001494                EXTI2_IRQHandler
                0x08001494                TIM1_CC_IRQHandler
                0x08001494                PVD_IRQHandler
                0x08001494                EXTI3_IRQHandler
                0x08001494                EXTI0_IRQHandler
                0x08001494                I2C2_EV_IRQHandler
                0x08001494                ADC1_2_IRQHandler
                0x08001494                SPI1_IRQHandler
                0x08001494                TAMPER_IRQHandler
                0x08001494                DMA1_Channel4_IRQHandler
                0x08001494                USART3_IRQHandler
                0x08001494                RTC_IRQHandler
                0x08001494                DMA1_Channel7_IRQHandler
                0x08001494                CAN1_RX1_IRQHandler
                0x08001494                TIM4_IRQHandler
                0x08001494                I2C1_EV_IRQHandler
                0x08001494                DMA1_Channel6_IRQHandler
                0x08001494                TIM3_IRQHandler
                0x08001494                RCC_IRQHandler
                0x08001494                TIM1_TRG_COM_IRQHandler
                0x08001494                DMA1_Channel1_IRQHandler
                0x08001494                Default_Handler
                0x08001494                EXTI15_10_IRQHandler
                0x08001494                EXTI9_5_IRQHandler
                0x08001494                SPI2_IRQHandler
                0x08001494                DMA1_Channel5_IRQHandler
                0x08001494                EXTI4_IRQHandler
                0x08001494                USB_LP_CAN1_RX0_IRQHandler
                0x08001494                USB_HP_CAN1_TX_IRQHandler
                0x08001494                DMA1_Channel3_IRQHandler
                0x08001494                TIM1_UP_IRQHandler
                0x08001494                WWDG_IRQHandler
                0x08001494                TIM2_IRQHandler
                0x08001494                TIM1_BRK_IRQHandler
                0x08001494                EXTI1_IRQHandler
                0x08001494                USART2_IRQHandler
                0x08001494                I2C2_ER_IRQHandler
                0x08001494                DMA1_Channel2_IRQHandler
                0x08001494                CAN1_SCE_IRQHandler
                0x08001494                FLASH_IRQHandler
                0x08001494                I2C1_ER_IRQHandler
                0x08001494                USBWakeUp_IRQHandler
 *fill*         0x08001496        0x2 
 .text.I2C_Start
                0x08001498       0x18 CMakeFiles/lora_node.dir/Drivers/OLED/oled.c.obj
 .text.I2C_SendByte
                0x080014b0       0x20 CMakeFiles/lora_node.dir/Drivers/OLED/oled.c.obj
 .text.I2C_SendAddr.constprop.0
                0x080014d0       0x2c CMakeFiles/lora_node.dir/Drivers/OLED/oled.c.obj
 .text.OLED_SendData
                0x080014fc       0x28 CMakeFiles/lora_node.dir/Drivers/OLED/oled.c.obj
 .text.OLED_SendCmd
                0x08001524       0x28 CMakeFiles/lora_node.dir/Drivers/OLED/oled.c.obj
 .text.OLED_Clear
                0x0800154c       0x10 CMakeFiles/lora_node.dir/Drivers/OLED/oled.c.obj
                0x0800154c                OLED_Clear
 .text.OLED_Update
                0x0800155c       0x40 CMakeFiles/lora_node.dir/Drivers/OLED/oled.c.obj
                0x0800155c                OLED_Update
 .text.OLED_Init
                0x0800159c       0x2c CMakeFiles/lora_node.dir/Drivers/OLED/oled.c.obj
                0x0800159c                OLED_Init
 .text.OLED_DrawPixel
                0x080015c8       0x30 CMakeFiles/lora_node.dir/Drivers/OLED/oled.c.obj
                0x080015c8                OLED_DrawPixel
 .text.OLED_DrawChar
                0x080015f8       0xcc CMakeFiles/lora_node.dir/Drivers/OLED/oled.c.obj
                0x080015f8                OLED_DrawChar
 .text.OLED_DrawString
                0x080016c4       0x46 CMakeFiles/lora_node.dir/Drivers/OLED/oled.c.obj
                0x080016c4                OLED_DrawString
 *fill*         0x0800170a        0x2 
 .text.OLED_DrawStringInverse
                0x0800170c       0xd8 CMakeFiles/lora_node.dir/Drivers/OLED/oled.c.obj
                0x0800170c                OLED_DrawStringInverse
 .text.OLED_ClearArea
                0x080017e4       0x38 CMakeFiles/lora_node.dir/Drivers/OLED/oled.c.obj
                0x080017e4                OLED_ClearArea
 .text.SpiTransfer
                0x0800181c       0x18 CMakeFiles/lora_node.dir/Drivers/E22/e22.c.obj
 .text.WaitBusy
                0x08001834       0x30 CMakeFiles/lora_node.dir/Drivers/E22/e22.c.obj
 .text.WriteCommand
                0x08001864       0x3c CMakeFiles/lora_node.dir/Drivers/E22/e22.c.obj
 .text.SetStandby
                0x080018a0       0x16 CMakeFiles/lora_node.dir/Drivers/E22/e22.c.obj
 .text.ClearIrqStatus
                0x080018b6       0x16 CMakeFiles/lora_node.dir/Drivers/E22/e22.c.obj
 .text.SetPacketParams.constprop.0
                0x080018cc       0x26 CMakeFiles/lora_node.dir/Drivers/E22/e22.c.obj
 *fill*         0x080018f2        0x2 
 .text.ReadCommand
                0x080018f4       0x34 CMakeFiles/lora_node.dir/Drivers/E22/e22.c.obj
 .text.GetIrqStatus
                0x08001928       0x18 CMakeFiles/lora_node.dir/Drivers/E22/e22.c.obj
 .text.WriteRegister
                0x08001940       0x40 CMakeFiles/lora_node.dir/Drivers/E22/e22.c.obj
 .text.E22_Reset
                0x08001980       0x20 CMakeFiles/lora_node.dir/Drivers/E22/e22.c.obj
                0x08001980                E22_Reset
 .text.E22_SetFrequency
                0x080019a0        0xc CMakeFiles/lora_node.dir/Drivers/E22/e22.c.obj
                0x080019a0                E22_SetFrequency
 .text.E22_SetTxPower
                0x080019ac       0x1c CMakeFiles/lora_node.dir/Drivers/E22/e22.c.obj
                0x080019ac                E22_SetTxPower
 .text.E22_SetSpreadingFactor
                0x080019c8       0x18 CMakeFiles/lora_node.dir/Drivers/E22/e22.c.obj
                0x080019c8                E22_SetSpreadingFactor
 .text.E22_SetBandwidth
                0x080019e0       0x10 CMakeFiles/lora_node.dir/Drivers/E22/e22.c.obj
                0x080019e0                E22_SetBandwidth
 .text.E22_SetCodingRate
                0x080019f0       0x18 CMakeFiles/lora_node.dir/Drivers/E22/e22.c.obj
                0x080019f0                E22_SetCodingRate
 .text.E22_SetSyncWord
                0x08001a08        0xc CMakeFiles/lora_node.dir/Drivers/E22/e22.c.obj
                0x08001a08                E22_SetSyncWord
 *fill*         0x08001a14        0x4 
 .text.E22_ApplyParams
                0x08001a18       0xbc CMakeFiles/lora_node.dir/Drivers/E22/e22.c.obj
                0x08001a18                E22_ApplyParams
 .text.E22_GetParams
                0x08001ad4       0x14 CMakeFiles/lora_node.dir/Drivers/E22/e22.c.obj
                0x08001ad4                E22_GetParams
 .text.E22_StartReceive
                0x08001ae8       0x60 CMakeFiles/lora_node.dir/Drivers/E22/e22.c.obj
                0x08001ae8                E22_StartReceive
 .text.E22_Init
                0x08001b48       0xdc CMakeFiles/lora_node.dir/Drivers/E22/e22.c.obj
                0x08001b48                E22_Init
 .text.E22_Send
                0x08001c24       0xe8 CMakeFiles/lora_node.dir/Drivers/E22/e22.c.obj
                0x08001c24                E22_Send
 .text.E22_PollTask
                0x08001d0c       0xd8 CMakeFiles/lora_node.dir/Drivers/E22/e22.c.obj
                0x08001d0c                E22_PollTask
 .text.E22_SetTxDoneCallback
                0x08001de4        0xc CMakeFiles/lora_node.dir/Drivers/E22/e22.c.obj
                0x08001de4                E22_SetTxDoneCallback
 .text.E22_SetRxDoneCallback
                0x08001df0        0xc CMakeFiles/lora_node.dir/Drivers/E22/e22.c.obj
                0x08001df0                E22_SetRxDoneCallback
 .text.E22_SetErrorCallback
                0x08001dfc        0xc CMakeFiles/lora_node.dir/Drivers/E22/e22.c.obj
                0x08001dfc                E22_SetErrorCallback
 .text.E22_GetBandwidthString
                0x08001e08       0x18 CMakeFiles/lora_node.dir/Drivers/E22/e22.c.obj
                0x08001e08                E22_GetBandwidthString
 .text.Keyboard_Init
                0x08001e20       0x3c CMakeFiles/lora_node.dir/Drivers/Keyboard/keyboard.c.obj
                0x08001e20                Keyboard_Init
 .text.Keyboard_Scan
                0x08001e5c      0x184 CMakeFiles/lora_node.dir/Drivers/Keyboard/keyboard.c.obj
                0x08001e5c                Keyboard_Scan
 .text.Keyboard_GetT9String
                0x08001fe0       0x14 CMakeFiles/lora_node.dir/Drivers/Keyboard/keyboard.c.obj
                0x08001fe0                Keyboard_GetT9String
 .text.Keyboard_GetKeyName
                0x08001ff4       0x18 CMakeFiles/lora_node.dir/Drivers/Keyboard/keyboard.c.obj
                0x08001ff4                Keyboard_GetKeyName
 .text.App_LoRaTxDone
                0x0800200c        0x2 CMakeFiles/lora_node.dir/App/app.c.obj
                0x0800200c                App_LoRaTxDone
 .text.App_LoRaError
                0x0800200e        0x2 CMakeFiles/lora_node.dir/App/app.c.obj
                0x0800200e                App_LoRaError
 .text.ClearInputBuffer
                0x08002010       0x2c CMakeFiles/lora_node.dir/App/app.c.obj
 .text.ClearSettingEdit
                0x0800203c       0x24 CMakeFiles/lora_node.dir/App/app.c.obj
 .text.CommitT9Char
                0x08002060       0x6c CMakeFiles/lora_node.dir/App/app.c.obj
 .text.App_Init
                0x080020cc       0x54 CMakeFiles/lora_node.dir/App/app.c.obj
                0x080020cc                App_Init
 .text.App_UpdateDisplay
                0x08002120      0x3a0 CMakeFiles/lora_node.dir/App/app.c.obj
                0x08002120                App_UpdateDisplay
 .text.App_OnMessageReceived
                0x080024c0       0x98 CMakeFiles/lora_node.dir/App/app.c.obj
                0x080024c0                App_OnMessageReceived
 .text.App_LoRaRxDone
                0x08002558        0x4 CMakeFiles/lora_node.dir/App/app.c.obj
                0x08002558                App_LoRaRxDone
 .text.App_SendMessage
                0x0800255c       0x20 CMakeFiles/lora_node.dir/App/app.c.obj
                0x0800255c                App_SendMessage
 .text.App_Task
                0x0800257c      0x47c CMakeFiles/lora_node.dir/App/app.c.obj
                0x0800257c                App_Task
 .text.App_ExportHistory
                0x080029f8       0x50 CMakeFiles/lora_node.dir/App/app.c.obj
                0x080029f8                App_ExportHistory
 .text.UART_SendByte
                0x08002a48       0x10 CMakeFiles/lora_node.dir/App/uart_protocol.c.obj
 .text.UART_SendPacket.constprop.0
                0x08002a58       0x40 CMakeFiles/lora_node.dir/App/uart_protocol.c.obj
 .text.UART_Protocol_Init
                0x08002a98       0x34 CMakeFiles/lora_node.dir/App/uart_protocol.c.obj
                0x08002a98                UART_Protocol_Init
 .text.UART_SendAck
                0x08002acc       0x10 CMakeFiles/lora_node.dir/App/uart_protocol.c.obj
                0x08002acc                UART_SendAck
 .text.UART_SendNack
                0x08002adc       0x14 CMakeFiles/lora_node.dir/App/uart_protocol.c.obj
                0x08002adc                UART_SendNack
 .text.UART_SendReceived
                0x08002af0       0x34 CMakeFiles/lora_node.dir/App/uart_protocol.c.obj
                0x08002af0                UART_SendReceived
 .text.UART_SendParams
                0x08002b24       0x64 CMakeFiles/lora_node.dir/App/uart_protocol.c.obj
                0x08002b24                UART_SendParams
 .text.UART_RxCallback
                0x08002b88      0x190 CMakeFiles/lora_node.dir/App/uart_protocol.c.obj
                0x08002b88                UART_RxCallback
 .text.UART_SendHistoryMessage
                0x08002d18       0x30 CMakeFiles/lora_node.dir/App/uart_protocol.c.obj
                0x08002d18                UART_SendHistoryMessage
 .text.snprintf
                0x08002d48       0x6c C:/Users/90722/AppData/Local/stm32cube/bundles/gnu-tools-for-stm32/14.3.1+st.2/bin/../lib/gcc/arm-none-eabi/14.3.1/../../../../arm-none-eabi/lib/thumb/v7-m/nofp\libg_nano.a(libc_a-snprintf.o)
                0x08002d48                sniprintf
                0x08002d48                snprintf
 .text.sprintf  0x08002db4       0x44 C:/Users/90722/AppData/Local/stm32cube/bundles/gnu-tools-for-stm32/14.3.1+st.2/bin/../lib/gcc/arm-none-eabi/14.3.1/../../../../arm-none-eabi/lib/thumb/v7-m/nofp\libg_nano.a(libc_a-sprintf.o)
                0x08002db4                siprintf
                0x08002db4                sprintf
 .text.memmove  0x08002df8       0x32 C:/Users/90722/AppData/Local/stm32cube/bundles/gnu-tools-for-stm32/14.3.1+st.2/bin/../lib/gcc/arm-none-eabi/14.3.1/../../../../arm-none-eabi/lib/thumb/v7-m/nofp\libg_nano.a(libc_a-memmove.o)
                0x08002df8                memmove
 .text.memset   0x08002e2a       0x10 C:/Users/90722/AppData/Local/stm32cube/bundles/gnu-tools-for-stm32/14.3.1+st.2/bin/../lib/gcc/arm-none-eabi/14.3.1/../../../../arm-none-eabi/lib/thumb/v7-m/nofp\libg_nano.a(libc_a-memset.o)
                0x08002e2a                memset
 *fill*         0x08002e3a        0x2 
 .text.__errno  0x08002e3c        0xc C:/Users/90722/AppData/Local/stm32cube/bundles/gnu-tools-for-stm32/14.3.1+st.2/bin/../lib/gcc/arm-none-eabi/14.3.1/../../../../arm-none-eabi/lib/thumb/v7-m/nofp\libg_nano.a(libc_a-errno.o)
                0x08002e3c                __errno
 .text.__libc_init_array
                0x08002e48       0x48 C:/Users/90722/AppData/Local/stm32cube/bundles/gnu-tools-for-stm32/14.3.1+st.2/bin/../lib/gcc/arm-none-eabi/14.3.1/../../../../arm-none-eabi/lib/thumb/v7-m/nofp\libg_nano.a(libc_a-init.o)
                0x08002e48                __libc_init_array
 .text.__retarget_lock_acquire_recursive
                0x08002e90        0x2 C:/Users/90722/AppData/Local/stm32cube/bundles/gnu-tools-for-stm32/14.3.1+st.2/bin/../lib/gcc/arm-none-eabi/14.3.1/../../../../arm-none-eabi/lib/thumb/v7-m/nofp\libg_nano.a(libc_a-lock.o)
                0x08002e90                __retarget_lock_acquire_recursive
 .text.__retarget_lock_release_recursive
                0x08002e92        0x2 C:/Users/90722/AppData/Local/stm32cube/bundles/gnu-tools-for-stm32/14.3.1+st.2/bin/../lib/gcc/arm-none-eabi/14.3.1/../../../../arm-none-eabi/lib/thumb/v7-m/nofp\libg_nano.a(libc_a-lock.o)
                0x08002e92                __retarget_lock_release_recursive
 .text.strcpy   0x08002e94       0x10 C:/Users/90722/AppData/Local/stm32cube/bundles/gnu-tools-for-stm32/14.3.1+st.2/bin/../lib/gcc/arm-none-eabi/14.3.1/../../../../arm-none-eabi/lib/thumb/v7-m/nofp\libg_nano.a(libc_a-strcpy.o)
                0x08002e94                strcpy
 .text.memcpy   0x08002ea4       0x1c C:/Users/90722/AppData/Local/stm32cube/bundles/gnu-tools-for-stm32/14.3.1+st.2/bin/../lib/gcc/arm-none-eabi/14.3.1/../../../../arm-none-eabi/lib/thumb/v7-m/nofp\libg_nano.a(libc_a-memcpy-stub.o)
                0x08002ea4                memcpy
 .text._free_r  0x08002ec0       0x90 C:/Users/90722/AppData/Local/stm32cube/bundles/gnu-tools-for-stm32/14.3.1+st.2/bin/../lib/gcc/arm-none-eabi/14.3.1/../../../../arm-none-eabi/lib/thumb/v7-m/nofp\libg_nano.a(libc_a-freer.o)
                0x08002ec0                _free_r
 .text.sbrk_aligned
                0x08002f50       0x44 C:/Users/90722/AppData/Local/stm32cube/bundles/gnu-tools-for-stm32/14.3.1+st.2/bin/../lib/gcc/arm-none-eabi/14.3.1/../../../../arm-none-eabi/lib/thumb/v7-m/nofp\libg_nano.a(libc_a-mallocr.o)
 .text._malloc_r
                0x08002f94      0x100 C:/Users/90722/AppData/Local/stm32cube/bundles/gnu-tools-for-stm32/14.3.1+st.2/bin/../lib/gcc/arm-none-eabi/14.3.1/../../../../arm-none-eabi/lib/thumb/v7-m/nofp\libg_nano.a(libc_a-mallocr.o)
                0x08002f94                _malloc_r
 .text.__malloc_lock
                0x08003094        0xc C:/Users/90722/AppData/Local/stm32cube/bundles/gnu-tools-for-stm32/14.3.1+st.2/bin/../lib/gcc/arm-none-eabi/14.3.1/../../../../arm-none-eabi/lib/thumb/v7-m/nofp\libg_nano.a(libc_a-mlock.o)
                0x08003094                __malloc_lock
 .text.__malloc_unlock
                0x080030a0        0xc C:/Users/90722/AppData/Local/stm32cube/bundles/gnu-tools-for-stm32/14.3.1+st.2/bin/../lib/gcc/arm-none-eabi/14.3.1/../../../../arm-none-eabi/lib/thumb/v7-m/nofp\libg_nano.a(libc_a-mlock.o)
                0x080030a0                __malloc_unlock
 .text.__ssputs_r
                0x080030ac       0xc0 C:/Users/90722/AppData/Local/stm32cube/bundles/gnu-tools-for-stm32/14.3.1+st.2/bin/../lib/gcc/arm-none-eabi/14.3.1/../../../../arm-none-eabi/lib/thumb/v7-m/nofp\libg_nano.a(libc_a-nano-svfprintf.o)
                0x080030ac                __ssputs_r
 .text._svfprintf_r
                0x0800316c      0x1f0 C:/Users/90722/AppData/Local/stm32cube/bundles/gnu-tools-for-stm32/14.3.1+st.2/bin/../lib/gcc/arm-none-eabi/14.3.1/../../../../arm-none-eabi/lib/thumb/v7-m/nofp\libg_nano.a(libc_a-nano-svfprintf.o)
                0x0800316c                _svfiprintf_r
                0x0800316c                _svfprintf_r
 .text._printf_common
                0x0800335c       0xe4 C:/Users/90722/AppData/Local/stm32cube/bundles/gnu-tools-for-stm32/14.3.1+st.2/bin/../lib/gcc/arm-none-eabi/14.3.1/../../../../arm-none-eabi/lib/thumb/v7-m/nofp\libg_nano.a(libc_a-nano-vfprintf_i.o)
                0x0800335c                _printf_common
 .text._printf_i
                0x08003440      0x24c C:/Users/90722/AppData/Local/stm32cube/bundles/gnu-tools-for-stm32/14.3.1+st.2/bin/../lib/gcc/arm-none-eabi/14.3.1/../../../../arm-none-eabi/lib/thumb/v7-m/nofp\libg_nano.a(libc_a-nano-vfprintf_i.o)
                0x08003440                _printf_i
 .text._sbrk_r  0x0800368c       0x20 C:/Users/90722/AppData/Local/stm32cube/bundles/gnu-tools-for-stm32/14.3.1+st.2/bin/../lib/gcc/arm-none-eabi/14.3.1/../../../../arm-none-eabi/lib/thumb/v7-m/nofp\libg_nano.a(libc_a-sbrkr.o)
                0x0800368c                _sbrk_r
 .text.memchr   0x080036ac       0x1c C:/Users/90722/AppData/Local/stm32cube/bundles/gnu-tools-for-stm32/14.3.1+st.2/bin/../lib/gcc/arm-none-eabi/14.3.1/../../../../arm-none-eabi/lib/thumb/v7-m/nofp\libg_nano.a(libc_a-memchr-stub.o)
                0x080036ac                memchr
 .text._realloc_r
                0x080036c8       0x5c C:/Users/90722/AppData/Local/stm32cube/bundles/gnu-tools-for-stm32/14.3.1+st.2/bin/../lib/gcc/arm-none-eabi/14.3.1/../../../../arm-none-eabi/lib/thumb/v7-m/nofp\libg_nano.a(libc_a-reallocr.o)
                0x080036c8                _realloc_r
 .text._malloc_usable_size_r
                0x08003724       0x10 C:/Users/90722/AppData/Local/stm32cube/bundles/gnu-tools-for-stm32/14.3.1+st.2/bin/../lib/gcc/arm-none-eabi/14.3.1/../../../../arm-none-eabi/lib/thumb/v7-m/nofp\libg_nano.a(libc_a-msizer.o)
                0x08003724                _malloc_usable_size_r
 *(.glue_7)
 .glue_7        0x08003734        0x0 linker stubs
 *(.glue_7t)
 .glue_7t       0x08003734        0x0 linker stubs
 *(.eh_frame)
 .eh_frame      0x08003734        0x0 C:/Users/90722/AppData/Local/stm32cube/bundles/gnu-tools-for-stm32/14.3.1+st.2/bin/../lib/gcc/arm-none-eabi/14.3.1/thumb/v7-m/nofp/crtbegin.o
 *(.init)
 .init          0x08003734        0x4 C:/Users/90722/AppData/Local/stm32cube/bundles/gnu-tools-for-stm32/14.3.1+st.2/bin/../lib/gcc/arm-none-eabi/14.3.1/thumb/v7-m/nofp/crti.o
                0x08003734                _init
 .init          0x08003738        0x8 C:/Users/90722/AppData/Local/stm32cube/bundles/gnu-tools-for-stm32/14.3.1+st.2/bin/../lib/gcc/arm-none-eabi/14.3.1/thumb/v7-m/nofp/crtn.o
 *(.fini)
 .fini          0x08003740        0x4 C:/Users/90722/AppData/Local/stm32cube/bundles/gnu-tools-for-stm32/14.3.1+st.2/bin/../lib/gcc/arm-none-eabi/14.3.1/thumb/v7-m/nofp/crti.o
                0x08003740                _fini
 .fini          0x08003744        0x8 C:/Users/90722/AppData/Local/stm32cube/bundles/gnu-tools-for-stm32/14.3.1+st.2/bin/../lib/gcc/arm-none-eabi/14.3.1/thumb/v7-m/nofp/crtn.o
                0x0800374c                        . = ALIGN (0x4)
                0x0800374c                        _etext = .

.vfp11_veneer   0x0800374c        0x0
 .vfp11_veneer  0x0800374c        0x0 linker stubs

.v4_bx          0x0800374c        0x0
 .v4_bx         0x0800374c        0x0 linker stubs

.iplt           0x0800374c        0x0
 .iplt          0x0800374c        0x0 C:/Users/90722/AppData/Local/stm32cube/bundles/gnu-tools-for-stm32/14.3.1+st.2/bin/../lib/gcc/arm-none-eabi/14.3.1/thumb/v7-m/nofp/crtbegin.o

.rodata         0x0800374c      0x72c
                0x0800374c                        . = ALIGN (0x4)
 *(.rodata)
 *(.rodata*)
 .rodata.APBPrescTable
                0x0800374c        0x8 cmake/stm32cubemx/CMakeFiles/STM32_Drivers.dir/__/__/Core/Src/system_stm32f1xx.c.obj
                0x0800374c                APBPrescTable
 .rodata.AHBPrescTable
                0x08003754       0x10 cmake/stm32cubemx/CMakeFiles/STM32_Drivers.dir/__/__/Core/Src/system_stm32f1xx.c.obj
                0x08003754                AHBPrescTable
 .rodata.LL_GPIO_DeInit.str1.1
                0x08003764      0x35e cmake/stm32cubemx/CMakeFiles/STM32_Drivers.dir/__/__/Drivers/STM32F1xx_HAL_Driver/Src/stm32f1xx_ll_gpio.c.obj
                                 0x68 (size before relaxing)
 .rodata.LL_I2C_DeInit.str1.1
                0x08003ac2       0x67 cmake/stm32cubemx/CMakeFiles/STM32_Drivers.dir/__/__/Drivers/STM32F1xx_HAL_Driver/Src/stm32f1xx_ll_i2c.c.obj
 .rodata.LL_SPI_DeInit.str1.1
                0x08003ac2       0x67 cmake/stm32cubemx/CMakeFiles/STM32_Drivers.dir/__/__/Drivers/STM32F1xx_HAL_Driver/Src/stm32f1xx_ll_spi.c.obj
 .rodata.LL_USART_DeInit.str1.1
                0x08003ac2       0x69 cmake/stm32cubemx/CMakeFiles/STM32_Drivers.dir/__/__/Drivers/STM32F1xx_HAL_Driver/Src/stm32f1xx_ll_usart.c.obj
 .rodata.main.str1.1
                0x08003ac2       0x16 CMakeFiles/lora_node.dir/Core/Src/main.c.obj
 .rodata.OLED_InitCmds
                0x08003ac2       0x19 CMakeFiles/lora_node.dir/Drivers/OLED/oled.c.obj
 .rodata.Font6x8
                0x08003adb      0x240 CMakeFiles/lora_node.dir/Drivers/OLED/oled.c.obj
 .rodata.E22_StartReceive.str1.1
                0x08003d1b        0x4 CMakeFiles/lora_node.dir/Drivers/E22/e22.c.obj
 .rodata.E22_GetBandwidthString.str1.1
                0x08003d1b        0x4 CMakeFiles/lora_node.dir/Drivers/E22/e22.c.obj
 .rodata.str1.1
                0x08003d1b       0x39 CMakeFiles/lora_node.dir/Drivers/E22/e22.c.obj
 *fill*         0x08003d1b        0x1 
 .rodata.BW_Strings
                0x08003d1c       0x28 CMakeFiles/lora_node.dir/Drivers/E22/e22.c.obj
 .rodata.BW_RegValues
                0x08003d44        0xa CMakeFiles/lora_node.dir/Drivers/E22/e22.c.obj
 .rodata.Keyboard_GetKeyName.str1.1
                0x08003d4e        0x2 CMakeFiles/lora_node.dir/Drivers/Keyboard/keyboard.c.obj
 .rodata.str1.1
                0x08003d4e       0x2d CMakeFiles/lora_node.dir/Drivers/Keyboard/keyboard.c.obj
 *fill*         0x08003d4e        0x2 
 .rodata.CSWTCH.28
                0x08003d50       0x40 CMakeFiles/lora_node.dir/Drivers/Keyboard/keyboard.c.obj
 .rodata.ColPins
                0x08003d90       0x10 CMakeFiles/lora_node.dir/Drivers/Keyboard/keyboard.c.obj
 .rodata.ColPorts
                0x08003da0       0x10 CMakeFiles/lora_node.dir/Drivers/Keyboard/keyboard.c.obj
 .rodata.RowPins
                0x08003db0       0x10 CMakeFiles/lora_node.dir/Drivers/Keyboard/keyboard.c.obj
 .rodata.RowPorts
                0x08003dc0       0x10 CMakeFiles/lora_node.dir/Drivers/Keyboard/keyboard.c.obj
 .rodata.T9_Tables
                0x08003dd0       0x40 CMakeFiles/lora_node.dir/Drivers/Keyboard/keyboard.c.obj
 .rodata.T9_Key0
                0x08003e10        0x4 CMakeFiles/lora_node.dir/Drivers/Keyboard/keyboard.c.obj
 .rodata.T9_Key9
                0x08003e14        0x6 CMakeFiles/lora_node.dir/Drivers/Keyboard/keyboard.c.obj
 .rodata.T9_Key8
                0x08003e1a        0x5 CMakeFiles/lora_node.dir/Drivers/Keyboard/keyboard.c.obj
 .rodata.T9_Key7
                0x08003e1f        0x6 CMakeFiles/lora_node.dir/Drivers/Keyboard/keyboard.c.obj
 .rodata.T9_Key6
                0x08003e25        0x5 CMakeFiles/lora_node.dir/Drivers/Keyboard/keyboard.c.obj
 .rodata.T9_Key5
                0x08003e2a        0x5 CMakeFiles/lora_node.dir/Drivers/Keyboard/keyboard.c.obj
 .rodata.T9_Key4
                0x08003e2f        0x5 CMakeFiles/lora_node.dir/Drivers/Keyboard/keyboard.c.obj
 .rodata.T9_Key3
                0x08003e34        0x5 CMakeFiles/lora_node.dir/Drivers/Keyboard/keyboard.c.obj
 .rodata.T9_Key2
                0x08003e39        0x5 CMakeFiles/lora_node.dir/Drivers/Keyboard/keyboard.c.obj
 .rodata.T9_Key1
                0x08003e3e       0x19 CMakeFiles/lora_node.dir/Drivers/Keyboard/keyboard.c.obj
 .rodata.App_UpdateDisplay.str1.1
                0x08003e57       0xbf CMakeFiles/lora_node.dir/App/app.c.obj
 .rodata.App_Task.str1.1
                0x08003e57        0xb CMakeFiles/lora_node.dir/App/app.c.obj
 .rodata.str1.1
                0x08003e57       0x41 CMakeFiles/lora_node.dir/App/app.c.obj
 *fill*         0x08003e57        0x1 
 .rodata.SettingNames
                0x08003e58       0x14 CMakeFiles/lora_node.dir/App/app.c.obj
 .rodata.MenuStrings
                0x08003e6c        0xc CMakeFiles/lora_node.dir/App/app.c.obj
 .rodata._svfprintf_r.str1.1
                0x08003e78       0x11 C:/Users/90722/AppData/Local/stm32cube/bundles/gnu-tools-for-stm32/14.3.1+st.2/bin/../lib/gcc/arm-none-eabi/14.3.1/../../../../arm-none-eabi/lib/thumb/v7-m/nofp\libg_nano.a(libc_a-nano-svfprintf.o)
 .rodata._printf_i.str1.1
                0x08003e78       0x22 C:/Users/90722/AppData/Local/stm32cube/bundles/gnu-tools-for-stm32/14.3.1+st.2/bin/../lib/gcc/arm-none-eabi/14.3.1/../../../../arm-none-eabi/lib/thumb/v7-m/nofp\libg_nano.a(libc_a-nano-vfprintf_i.o)
                0x08003e9c                        . = ALIGN (0x4)

.ARM.extab      0x08003e78        0x0
                0x08003e78                        . = ALIGN (0x4)
 *(.ARM.extab* .gnu.linkonce.armextab.*)
                0x08003e78                        . = ALIGN (0x4)

.ARM            0x08003e78        0x8
                0x08003e78                        . = ALIGN (0x4)
                0x08003e78                        __exidx_start = .
 *(.ARM.exidx*)
 .ARM.exidx     0x08003e78        0x8 C:/Users/90722/AppData/Local/stm32cube/bundles/gnu-tools-for-stm32/14.3.1+st.2/bin/../lib/gcc/arm-none-eabi/14.3.1/../../../../arm-none-eabi/lib/thumb/v7-m/nofp\libg_nano.a(libc_a-strlen.o)
                0x08003e80                        __exidx_end = .
                0x08003e80                        . = ALIGN (0x4)

.preinit_array  0x08003e80        0x0
                0x08003e80                        . = ALIGN (0x4)
                0x08003e80                        PROVIDE (__preinit_array_start = .)
 *(.preinit_array*)
                0x08003e80                        PROVIDE (__preinit_array_end = .)
                0x08003e80                        . = ALIGN (0x4)

.init_array     0x08003e80        0x4
                0x08003e80                        . = ALIGN (0x4)
                0x08003e80                        PROVIDE (__init_array_start = .)
 *(SORT_BY_NAME(.init_array.*))
 *(.init_array*)
 .init_array    0x08003e80        0x4 C:/Users/90722/AppData/Local/stm32cube/bundles/gnu-tools-for-stm32/14.3.1+st.2/bin/../lib/gcc/arm-none-eabi/14.3.1/thumb/v7-m/nofp/crtbegin.o
                0x08003e84                        PROVIDE (__init_array_end = .)
                0x08003e84                        . = ALIGN (0x4)

.fini_array     0x08003e84        0x4
                0x08003e84                        . = ALIGN (0x4)
                [!provide]                        PROVIDE (__fini_array_start = .)
 *(SORT_BY_NAME(.fini_array.*))
 *(.fini_array*)
 .fini_array    0x08003e84        0x4 C:/Users/90722/AppData/Local/stm32cube/bundles/gnu-tools-for-stm32/14.3.1+st.2/bin/../lib/gcc/arm-none-eabi/14.3.1/thumb/v7-m/nofp/crtbegin.o
                [!provide]                        PROVIDE (__fini_array_end = .)
                0x08003e88                        . = ALIGN (0x4)
                0x08003e88                        _sidata = LOADADDR (.data)

.rel.dyn        0x08003e88        0x0
 .rel.iplt      0x08003e88        0x0 C:/Users/90722/AppData/Local/stm32cube/bundles/gnu-tools-for-stm32/14.3.1+st.2/bin/../lib/gcc/arm-none-eabi/14.3.1/thumb/v7-m/nofp/crtbegin.o

.data           0x20000000       0x58 load address 0x08003e88
                0x20000000                        . = ALIGN (0x4)
                0x20000000                        _sdata = .
 *(.data)
 *(.data*)
 .data.SystemCoreClock
                0x20000000        0x4 cmake/stm32cubemx/CMakeFiles/STM32_Drivers.dir/__/__/Core/Src/system_stm32f1xx.c.obj
                0x20000000                SystemCoreClock
 .data.lastKey  0x20000004        0x1 CMakeFiles/lora_node.dir/Drivers/Keyboard/keyboard.c.obj
 .data.displayNeedsUpdate
                0x20000005        0x1 CMakeFiles/lora_node.dir/App/app.c.obj
 *fill*         0x20000006        0x2 
 .data._impure_ptr
                0x20000008        0x4 C:/Users/90722/AppData/Local/stm32cube/bundles/gnu-tools-for-stm32/14.3.1+st.2/bin/../lib/gcc/arm-none-eabi/14.3.1/../../../../arm-none-eabi/lib/thumb/v7-m/nofp\libg_nano.a(libc_a-impure.o)
                0x20000008                _impure_ptr
 .data._impure_data
                0x2000000c       0x4c C:/Users/90722/AppData/Local/stm32cube/bundles/gnu-tools-for-stm32/14.3.1+st.2/bin/../lib/gcc/arm-none-eabi/14.3.1/../../../../arm-none-eabi/lib/thumb/v7-m/nofp\libg_nano.a(libc_a-impure.o)
                0x2000000c                _impure_data
 *(.RamFunc)
 *(.RamFunc*)
                0x20000058                        . = ALIGN (0x4)

.igot.plt       0x20000058        0x0 load address 0x08003ee0
 .igot.plt      0x20000058        0x0 C:/Users/90722/AppData/Local/stm32cube/bundles/gnu-tools-for-stm32/14.3.1+st.2/bin/../lib/gcc/arm-none-eabi/14.3.1/thumb/v7-m/nofp/crtbegin.o

.tdata          0x20000058        0x0 load address 0x08003ee0
 *(.tdata .tdata.* .gnu.linkonce.td.*)
                0x20000058                        . = ALIGN (0x4)
                0x20000058                        _edata = .
                [!provide]                        PROVIDE (__data_end = .)
                [!provide]                        PROVIDE (__tdata_end = .)
                [!provide]                        PROVIDE (__tdata_start = ADDR (.tdata))
                [!provide]                        PROVIDE (__tdata_size = (__tdata_end - __tdata_start))
                [!provide]                        PROVIDE (__data_start = ADDR (.data))
                [!provide]                        PROVIDE (__data_size = (__data_end - __data_start))
                [!provide]                        PROVIDE (__tdata_source = LOADADDR (.tdata))
                [!provide]                        PROVIDE (__tdata_source_end = (LOADADDR (.tdata) + SIZEOF (.tdata)))
                [!provide]                        PROVIDE (__tdata_source_size = (__tdata_source_end - __tdata_source))
                [!provide]                        PROVIDE (__data_source = LOADADDR (.data))
                [!provide]                        PROVIDE (__data_source_end = __tdata_source_end)
                [!provide]                        PROVIDE (__data_source_size = (__data_source_end - __data_source))

.tbss           0x20000058        0x0 load address 0x08003ee0
                0x20000058                        _sbss = .
                0x20000058                        __bss_start__ = _sbss
 *(.tbss .tbss.*)
                0x20000058                        . = ALIGN (0x4)
                [!provide]                        PROVIDE (__tbss_end = .)
                [!provide]                        PROVIDE (__tbss_start = ADDR (.tbss))
                [!provide]                        PROVIDE (__tbss_size = (__tbss_end - __tbss_start))
                [!provide]                        PROVIDE (__tbss_offset = (ADDR (.tbss) - ADDR (.tdata)))
                [!provide]                        PROVIDE (__tls_base = __tdata_start)
                [!provide]                        PROVIDE (__tls_end = __tbss_end)
                [!provide]                        PROVIDE (__tls_size = (__tls_end - __tls_base))
                [!provide]                        PROVIDE (__tls_align = MAX (ALIGNOF (.tdata), ALIGNOF (.tbss)))
                [!provide]                        PROVIDE (__tls_size_align = (((__tls_size + __tls_align) - 0x1) & ~ ((__tls_align - 0x1))))
                [!provide]                        PROVIDE (__arm32_tls_tcb_offset = MAX (0x8, __tls_align))
                [!provide]                        PROVIDE (__arm64_tls_tcb_offset = MAX (0x10, __tls_align))

.bss            0x20000058     0x1808 load address 0x08003ee0
 *(.bss)
 .bss           0x20000058       0x1c C:/Users/90722/AppData/Local/stm32cube/bundles/gnu-tools-for-stm32/14.3.1+st.2/bin/../lib/gcc/arm-none-eabi/14.3.1/thumb/v7-m/nofp/crtbegin.o
 *(.bss*)
 .bss.sysTick   0x20000074        0x4 CMakeFiles/lora_node.dir/Core/Src/main.c.obj
 .bss.__sbrk_heap_end
                0x20000078        0x4 CMakeFiles/lora_node.dir/Core/Src/sysmem.c.obj
 .bss.OLED_Buffer
                0x2000007c      0x200 CMakeFiles/lora_node.dir/Drivers/OLED/oled.c.obj
 .bss.lastPacketStatus
                0x2000027c        0x3 CMakeFiles/lora_node.dir/Drivers/E22/e22.c.obj
 .bss.rxBuffer  0x2000027f       0xff CMakeFiles/lora_node.dir/Drivers/E22/e22.c.obj
 *fill*         0x2000037e        0x2 
 .bss.errorCallback
                0x20000380        0x4 CMakeFiles/lora_node.dir/Drivers/E22/e22.c.obj
 .bss.rxDoneCallback
                0x20000384        0x4 CMakeFiles/lora_node.dir/Drivers/E22/e22.c.obj
 .bss.txDoneCallback
                0x20000388        0x4 CMakeFiles/lora_node.dir/Drivers/E22/e22.c.obj
 .bss.E22_TxBusy
                0x2000038c        0x1 CMakeFiles/lora_node.dir/Drivers/E22/e22.c.obj
                0x2000038c                E22_TxBusy
 *fill*         0x2000038d        0x3 
 .bss.E22_Params
                0x20000390        0xc CMakeFiles/lora_node.dir/Drivers/E22/e22.c.obj
                0x20000390                E22_Params
 .bss.debounceCounter
                0x2000039c        0x1 CMakeFiles/lora_node.dir/Drivers/Keyboard/keyboard.c.obj
 *fill*         0x2000039d        0x3 
 .bss.Keyboard  0x200003a0       0x18 CMakeFiles/lora_node.dir/Drivers/Keyboard/keyboard.c.obj
                0x200003a0                Keyboard
 .bss.settingEditLen
                0x200003b8        0x1 CMakeFiles/lora_node.dir/App/app.c.obj
 .bss.settingEditBuffer
                0x200003b9       0x10 CMakeFiles/lora_node.dir/App/app.c.obj
 .bss.settingEditMode
                0x200003c9        0x1 CMakeFiles/lora_node.dir/App/app.c.obj
 *fill*         0x200003ca        0x2 
 .bss.inputT9LastTime
                0x200003cc        0x4 CMakeFiles/lora_node.dir/App/app.c.obj
 .bss.inputT9Char
                0x200003d0        0x1 CMakeFiles/lora_node.dir/App/app.c.obj
 .bss.inputT9Active
                0x200003d1        0x1 CMakeFiles/lora_node.dir/App/app.c.obj
 .bss.inputCursor
                0x200003d2        0x1 CMakeFiles/lora_node.dir/App/app.c.obj
 .bss.inputLength
                0x200003d3        0x1 CMakeFiles/lora_node.dir/App/app.c.obj
 .bss.inputBuffer
                0x200003d4       0xc8 CMakeFiles/lora_node.dir/App/app.c.obj
 .bss.historyViewIndex
                0x2000049c        0x1 CMakeFiles/lora_node.dir/App/app.c.obj
 .bss.settingSelection
                0x2000049d        0x1 CMakeFiles/lora_node.dir/App/app.c.obj
 .bss.menuSelection
                0x2000049e        0x1 CMakeFiles/lora_node.dir/App/app.c.obj
 .bss.uiState   0x2000049f        0x1 CMakeFiles/lora_node.dir/App/app.c.obj
 .bss.msgHistoryCount
                0x200004a0        0x1 CMakeFiles/lora_node.dir/App/app.c.obj
 .bss.msgHistoryHead
                0x200004a1        0x1 CMakeFiles/lora_node.dir/App/app.c.obj
 *fill*         0x200004a2        0x2 
 .bss.msgHistory
                0x200004a4     0x1040 CMakeFiles/lora_node.dir/App/app.c.obj
 .bss.txBuffer  0x200014e4      0x12c CMakeFiles/lora_node.dir/App/uart_protocol.c.obj
 .bss.rxChecksum
                0x20001610        0x1 CMakeFiles/lora_node.dir/App/uart_protocol.c.obj
 .bss.rxData    0x20001611       0xff CMakeFiles/lora_node.dir/App/uart_protocol.c.obj
 .bss.rxDataIndex
                0x20001710        0x1 CMakeFiles/lora_node.dir/App/uart_protocol.c.obj
 .bss.rxLen     0x20001711        0x1 CMakeFiles/lora_node.dir/App/uart_protocol.c.obj
 .bss.rxCmd     0x20001712        0x1 CMakeFiles/lora_node.dir/App/uart_protocol.c.obj
 .bss.parserState
                0x20001713        0x1 CMakeFiles/lora_node.dir/App/uart_protocol.c.obj
 .bss.UART_Connected
                0x20001714        0x1 CMakeFiles/lora_node.dir/App/uart_protocol.c.obj
                0x20001714                UART_Connected
 *fill*         0x20001715        0x3 
 .bss.__sf      0x20001718      0x138 C:/Users/90722/AppData/Local/stm32cube/bundles/gnu-tools-for-stm32/14.3.1+st.2/bin/../lib/gcc/arm-none-eabi/14.3.1/../../../../arm-none-eabi/lib/thumb/v7-m/nofp\libg_nano.a(libc_a-findfp.o)
                0x20001718                __sf
 .bss.errno     0x20001850        0x4 C:/Users/90722/AppData/Local/stm32cube/bundles/gnu-tools-for-stm32/14.3.1+st.2/bin/../lib/gcc/arm-none-eabi/14.3.1/../../../../arm-none-eabi/lib/thumb/v7-m/nofp\libg_nano.a(libc_a-reent.o)
                0x20001850                errno
 .bss.__lock___malloc_recursive_mutex
                0x20001854        0x1 C:/Users/90722/AppData/Local/stm32cube/bundles/gnu-tools-for-stm32/14.3.1+st.2/bin/../lib/gcc/arm-none-eabi/14.3.1/../../../../arm-none-eabi/lib/thumb/v7-m/nofp\libg_nano.a(libc_a-lock.o)
                0x20001854                __lock___malloc_recursive_mutex
 *fill*         0x20001855        0x3 
 .bss.__malloc_sbrk_start
                0x20001858        0x4 C:/Users/90722/AppData/Local/stm32cube/bundles/gnu-tools-for-stm32/14.3.1+st.2/bin/../lib/gcc/arm-none-eabi/14.3.1/../../../../arm-none-eabi/lib/thumb/v7-m/nofp\libg_nano.a(libc_a-mallocr.o)
                0x20001858                __malloc_sbrk_start
 .bss.__malloc_free_list
                0x2000185c        0x4 C:/Users/90722/AppData/Local/stm32cube/bundles/gnu-tools-for-stm32/14.3.1+st.2/bin/../lib/gcc/arm-none-eabi/14.3.1/../../../../arm-none-eabi/lib/thumb/v7-m/nofp\libg_nano.a(libc_a-mallocr.o)
                0x2000185c                __malloc_free_list
 *(COMMON)
                0x20001860                        . = ALIGN (0x4)
                0x20001860                        _ebss = .
                0x20001860                        __bss_end__ = _ebss
                [!provide]                        PROVIDE (__bss_end = .)
                [!provide]                        PROVIDE (__non_tls_bss_start = ADDR (.bss))
                [!provide]                        PROVIDE (__bss_start = __tbss_start)
                [!provide]                        PROVIDE (__bss_size = (__bss_end - __bss_start))

._user_heap_stack
                0x20001860      0x600 load address 0x08003ee0
                0x20001860                        . = ALIGN (0x8)
                [!provide]                        PROVIDE (end = .)
                0x20001860                        PROVIDE (_end = .)
                0x20001a60                        . = (. + _Min_Heap_Size)
 *fill*         0x20001860      0x200 
                0x20001e60                        . = (. + _Min_Stack_Size)
 *fill*         0x20001a60      0x400 
                0x20001e60                        . = ALIGN (0x8)

/DISCARD/
 libc.a:*(*)
 libm.a:*(*)
 libgcc.a:*(*)
OUTPUT(lora_node.elf elf32-littlearm)
LOAD linker stubs

.ARM.attributes
                0x00000000       0x29
 .ARM.attributes
                0x00000000       0x1d C:/Users/90722/AppData/Local/stm32cube/bundles/gnu-tools-for-stm32/14.3.1+st.2/bin/../lib/gcc/arm-none-eabi/14.3.1/thumb/v7-m/nofp/crti.o
 .ARM.attributes
                0x0000001d       0x2d C:/Users/90722/AppData/Local/stm32cube/bundles/gnu-tools-for-stm32/14.3.1+st.2/bin/../lib/gcc/arm-none-eabi/14.3.1/thumb/v7-m/nofp/crtbegin.o
 .ARM.attributes
                0x0000004a       0x2d cmake/stm32cubemx/CMakeFiles/STM32_Drivers.dir/__/__/Core/Src/system_stm32f1xx.c.obj
 .ARM.attributes
                0x00000077       0x2d cmake/stm32cubemx/CMakeFiles/STM32_Drivers.dir/__/__/Drivers/STM32F1xx_HAL_Driver/Src/stm32f1xx_ll_gpio.c.obj
 .ARM.attributes
                0x000000a4       0x2d cmake/stm32cubemx/CMakeFiles/STM32_Drivers.dir/__/__/Drivers/STM32F1xx_HAL_Driver/Src/stm32f1xx_ll_i2c.c.obj
 .ARM.attributes
                0x000000d1       0x2d cmake/stm32cubemx/CMakeFiles/STM32_Drivers.dir/__/__/Drivers/STM32F1xx_HAL_Driver/Src/stm32f1xx_ll_rcc.c.obj
 .ARM.attributes
                0x000000fe       0x2d cmake/stm32cubemx/CMakeFiles/STM32_Drivers.dir/__/__/Drivers/STM32F1xx_HAL_Driver/Src/stm32f1xx_ll_utils.c.obj
 .ARM.attributes
                0x0000012b       0x2d cmake/stm32cubemx/CMakeFiles/STM32_Drivers.dir/__/__/Drivers/STM32F1xx_HAL_Driver/Src/stm32f1xx_ll_spi.c.obj
 .ARM.attributes
                0x00000158       0x2d cmake/stm32cubemx/CMakeFiles/STM32_Drivers.dir/__/__/Drivers/STM32F1xx_HAL_Driver/Src/stm32f1xx_ll_usart.c.obj
 .ARM.attributes
                0x00000185       0x2d CMakeFiles/lora_node.dir/Core/Src/main.c.obj
 .ARM.attributes
                0x000001b2       0x2d CMakeFiles/lora_node.dir/Core/Src/stm32f1xx_it.c.obj
 .ARM.attributes
                0x000001df       0x2d CMakeFiles/lora_node.dir/Core/Src/sysmem.c.obj
 .ARM.attributes
                0x0000020c       0x21 CMakeFiles/lora_node.dir/startup_stm32f103xb.s.obj
 .ARM.attributes
                0x0000022d       0x2d CMakeFiles/lora_node.dir/Drivers/OLED/oled.c.obj
 .ARM.attributes
                0x0000025a       0x2d CMakeFiles/lora_node.dir/Drivers/E22/e22.c.obj
 .ARM.attributes
                0x00000287       0x2d CMakeFiles/lora_node.dir/Drivers/Keyboard/keyboard.c.obj
 .ARM.attributes
                0x000002b4       0x2d CMakeFiles/lora_node.dir/App/app.c.obj
 .ARM.attributes
                0x000002e1       0x2d CMakeFiles/lora_node.dir/App/uart_protocol.c.obj
 .ARM.attributes
                0x0000030e       0x1d C:/Users/90722/AppData/Local/stm32cube/bundles/gnu-tools-for-stm32/14.3.1+st.2/bin/../lib/gcc/arm-none-eabi/14.3.1/thumb/v7-m/nofp\libgcc.a(_arm_addsubdf3.o)
 .ARM.attributes
                0x0000032b       0x1d C:/Users/90722/AppData/Local/stm32cube/bundles/gnu-tools-for-stm32/14.3.1+st.2/bin/../lib/gcc/arm-none-eabi/14.3.1/thumb/v7-m/nofp\libgcc.a(_arm_muldivdf3.o)
 .ARM.attributes
                0x00000348       0x1d C:/Users/90722/AppData/Local/stm32cube/bundles/gnu-tools-for-stm32/14.3.1+st.2/bin/../lib/gcc/arm-none-eabi/14.3.1/thumb/v7-m/nofp\libgcc.a(_arm_fixunsdfsi.o)
 .ARM.attributes
                0x00000365       0x2d C:/Users/90722/AppData/Local/stm32cube/bundles/gnu-tools-for-stm32/14.3.1+st.2/bin/../lib/gcc/arm-none-eabi/14.3.1/../../../../arm-none-eabi/lib/thumb/v7-m/nofp\libg_nano.a(libc_a-findfp.o)
 .ARM.attributes
                0x00000392       0x2d C:/Users/90722/AppData/Local/stm32cube/bundles/gnu-tools-for-stm32/14.3.1+st.2/bin/../lib/gcc/arm-none-eabi/14.3.1/../../../../arm-none-eabi/lib/thumb/v7-m/nofp\libg_nano.a(libc_a-snprintf.o)
 .ARM.attributes
                0x000003bf       0x2d C:/Users/90722/AppData/Local/stm32cube/bundles/gnu-tools-for-stm32/14.3.1+st.2/bin/../lib/gcc/arm-none-eabi/14.3.1/../../../../arm-none-eabi/lib/thumb/v7-m/nofp\libg_nano.a(libc_a-sprintf.o)
 .ARM.attributes
                0x000003ec       0x2d C:/Users/90722/AppData/Local/stm32cube/bundles/gnu-tools-for-stm32/14.3.1+st.2/bin/../lib/gcc/arm-none-eabi/14.3.1/../../../../arm-none-eabi/lib/thumb/v7-m/nofp\libg_nano.a(libc_a-memmove.o)
 .ARM.attributes
                0x00000419       0x2d C:/Users/90722/AppData/Local/stm32cube/bundles/gnu-tools-for-stm32/14.3.1+st.2/bin/../lib/gcc/arm-none-eabi/14.3.1/../../../../arm-none-eabi/lib/thumb/v7-m/nofp\libg_nano.a(libc_a-memset.o)
 .ARM.attributes
                0x00000446       0x2d C:/Users/90722/AppData/Local/stm32cube/bundles/gnu-tools-for-stm32/14.3.1+st.2/bin/../lib/gcc/arm-none-eabi/14.3.1/../../../../arm-none-eabi/lib/thumb/v7-m/nofp\libg_nano.a(libc_a-reent.o)
 .ARM.attributes
                0x00000473       0x2d C:/Users/90722/AppData/Local/stm32cube/bundles/gnu-tools-for-stm32/14.3.1+st.2/bin/../lib/gcc/arm-none-eabi/14.3.1/../../../../arm-none-eabi/lib/thumb/v7-m/nofp\libg_nano.a(libc_a-impure.o)
 .ARM.attributes
                0x000004a0       0x2d C:/Users/90722/AppData/Local/stm32cube/bundles/gnu-tools-for-stm32/14.3.1+st.2/bin/../lib/gcc/arm-none-eabi/14.3.1/../../../../arm-none-eabi/lib/thumb/v7-m/nofp\libg_nano.a(libc_a-errno.o)
 .ARM.attributes
                0x000004cd       0x2d C:/Users/90722/AppData/Local/stm32cube/bundles/gnu-tools-for-stm32/14.3.1+st.2/bin/../lib/gcc/arm-none-eabi/14.3.1/../../../../arm-none-eabi/lib/thumb/v7-m/nofp\libg_nano.a(libc_a-init.o)
 .ARM.attributes
                0x000004fa       0x2d C:/Users/90722/AppData/Local/stm32cube/bundles/gnu-tools-for-stm32/14.3.1+st.2/bin/../lib/gcc/arm-none-eabi/14.3.1/../../../../arm-none-eabi/lib/thumb/v7-m/nofp\libg_nano.a(libc_a-lock.o)
 .ARM.attributes
                0x00000527       0x2d C:/Users/90722/AppData/Local/stm32cube/bundles/gnu-tools-for-stm32/14.3.1+st.2/bin/../lib/gcc/arm-none-eabi/14.3.1/../../../../arm-none-eabi/lib/thumb/v7-m/nofp\libg_nano.a(libc_a-strcpy.o)
 .ARM.attributes
                0x00000554       0x2d C:/Users/90722/AppData/Local/stm32cube/bundles/gnu-tools-for-stm32/14.3.1+st.2/bin/../lib/gcc/arm-none-eabi/14.3.1/../../../../arm-none-eabi/lib/thumb/v7-m/nofp\libg_nano.a(libc_a-memcpy-stub.o)
 .ARM.attributes
                0x00000581       0x17 C:/Users/90722/AppData/Local/stm32cube/bundles/gnu-tools-for-stm32/14.3.1+st.2/bin/../lib/gcc/arm-none-eabi/14.3.1/../../../../arm-none-eabi/lib/thumb/v7-m/nofp\libg_nano.a(libc_a-strlen.o)
 .ARM.attributes
                0x00000598       0x2d C:/Users/90722/AppData/Local/stm32cube/bundles/gnu-tools-for-stm32/14.3.1+st.2/bin/../lib/gcc/arm-none-eabi/14.3.1/../../../../arm-none-eabi/lib/thumb/v7-m/nofp\libg_nano.a(libc_a-freer.o)
 .ARM.attributes
                0x000005c5       0x2d C:/Users/90722/AppData/Local/stm32cube/bundles/gnu-tools-for-stm32/14.3.1+st.2/bin/../lib/gcc/arm-none-eabi/14.3.1/../../../../arm-none-eabi/lib/thumb/v7-m/nofp\libg_nano.a(libc_a-mallocr.o)
 .ARM.attributes
                0x000005f2       0x2d C:/Users/90722/AppData/Local/stm32cube/bundles/gnu-tools-for-stm32/14.3.1+st.2/bin/../lib/gcc/arm-none-eabi/14.3.1/../../../../arm-none-eabi/lib/thumb/v7-m/nofp\libg_nano.a(libc_a-mlock.o)
 .ARM.attributes
                0x0000061f       0x2d C:/Users/90722/AppData/Local/stm32cube/bundles/gnu-tools-for-stm32/14.3.1+st.2/bin/../lib/gcc/arm-none-eabi/14.3.1/../../../../arm-none-eabi/lib/thumb/v7-m/nofp\libg_nano.a(libc_a-nano-svfprintf.o)
 .ARM.attributes
                0x0000064c       0x2d C:/Users/90722/AppData/Local/stm32cube/bundles/gnu-tools-for-stm32/14.3.1+st.2/bin/../lib/gcc/arm-none-eabi/14.3.1/../../../../arm-none-eabi/lib/thumb/v7-m/nofp\libg_nano.a(libc_a-nano-vfprintf_i.o)
 .ARM.attributes
                0x00000679       0x2d C:/Users/90722/AppData/Local/stm32cube/bundles/gnu-tools-for-stm32/14.3.1+st.2/bin/../lib/gcc/arm-none-eabi/14.3.1/../../../../arm-none-eabi/lib/thumb/v7-m/nofp\libg_nano.a(libc_a-sbrkr.o)
 .ARM.attributes
                0x000006a6       0x2d C:/Users/90722/AppData/Local/stm32cube/bundles/gnu-tools-for-stm32/14.3.1+st.2/bin/../lib/gcc/arm-none-eabi/14.3.1/../../../../arm-none-eabi/lib/thumb/v7-m/nofp\libg_nano.a(libc_a-memchr-stub.o)
 .ARM.attributes
                0x000006d3       0x2d C:/Users/90722/AppData/Local/stm32cube/bundles/gnu-tools-for-stm32/14.3.1+st.2/bin/../lib/gcc/arm-none-eabi/14.3.1/../../../../arm-none-eabi/lib/thumb/v7-m/nofp\libg_nano.a(libc_a-reallocr.o)
 .ARM.attributes
                0x00000700       0x2d C:/Users/90722/AppData/Local/stm32cube/bundles/gnu-tools-for-stm32/14.3.1+st.2/bin/../lib/gcc/arm-none-eabi/14.3.1/../../../../arm-none-eabi/lib/thumb/v7-m/nofp\libg_nano.a(libc_a-msizer.o)
 .ARM.attributes
                0x0000072d       0x1d C:/Users/90722/AppData/Local/stm32cube/bundles/gnu-tools-for-stm32/14.3.1+st.2/bin/../lib/gcc/arm-none-eabi/14.3.1/thumb/v7-m/nofp/crtn.o

.comment        0x00000000       0x43
 .comment       0x00000000       0x43 cmake/stm32cubemx/CMakeFiles/STM32_Drivers.dir/__/__/Core/Src/system_stm32f1xx.c.obj
                                 0x44 (size before relaxing)
 .comment       0x00000043       0x44 cmake/stm32cubemx/CMakeFiles/STM32_Drivers.dir/__/__/Drivers/STM32F1xx_HAL_Driver/Src/stm32f1xx_ll_gpio.c.obj
 .comment       0x00000043       0x44 cmake/stm32cubemx/CMakeFiles/STM32_Drivers.dir/__/__/Drivers/STM32F1xx_HAL_Driver/Src/stm32f1xx_ll_i2c.c.obj
 .comment       0x00000043       0x44 cmake/stm32cubemx/CMakeFiles/STM32_Drivers.dir/__/__/Drivers/STM32F1xx_HAL_Driver/Src/stm32f1xx_ll_rcc.c.obj
 .comment       0x00000043       0x44 cmake/stm32cubemx/CMakeFiles/STM32_Drivers.dir/__/__/Drivers/STM32F1xx_HAL_Driver/Src/stm32f1xx_ll_utils.c.obj
 .comment       0x00000043       0x44 cmake/stm32cubemx/CMakeFiles/STM32_Drivers.dir/__/__/Drivers/STM32F1xx_HAL_Driver/Src/stm32f1xx_ll_spi.c.obj
 .comment       0x00000043       0x44 cmake/stm32cubemx/CMakeFiles/STM32_Drivers.dir/__/__/Drivers/STM32F1xx_HAL_Driver/Src/stm32f1xx_ll_usart.c.obj
 .comment       0x00000043       0x44 CMakeFiles/lora_node.dir/Core/Src/main.c.obj
 .comment       0x00000043       0x44 CMakeFiles/lora_node.dir/Core/Src/stm32f1xx_it.c.obj
 .comment       0x00000043       0x44 CMakeFiles/lora_node.dir/Core/Src/sysmem.c.obj
 .comment       0x00000043       0x44 CMakeFiles/lora_node.dir/Drivers/OLED/oled.c.obj
 .comment       0x00000043       0x44 CMakeFiles/lora_node.dir/Drivers/E22/e22.c.obj
 .comment       0x00000043       0x44 CMakeFiles/lora_node.dir/Drivers/Keyboard/keyboard.c.obj
 .comment       0x00000043       0x44 CMakeFiles/lora_node.dir/App/app.c.obj
 .comment       0x00000043       0x44 CMakeFiles/lora_node.dir/App/uart_protocol.c.obj
 .comment       0x00000043       0x44 C:/Users/90722/AppData/Local/stm32cube/bundles/gnu-tools-for-stm32/14.3.1+st.2/bin/../lib/gcc/arm-none-eabi/14.3.1/../../../../arm-none-eabi/lib/thumb/v7-m/nofp\libg_nano.a(libc_a-findfp.o)
 .comment       0x00000043       0x44 C:/Users/90722/AppData/Local/stm32cube/bundles/gnu-tools-for-stm32/14.3.1+st.2/bin/../lib/gcc/arm-none-eabi/14.3.1/../../../../arm-none-eabi/lib/thumb/v7-m/nofp\libg_nano.a(libc_a-snprintf.o)
 .comment       0x00000043       0x44 C:/Users/90722/AppData/Local/stm32cube/bundles/gnu-tools-for-stm32/14.3.1+st.2/bin/../lib/gcc/arm-none-eabi/14.3.1/../../../../arm-none-eabi/lib/thumb/v7-m/nofp\libg_nano.a(libc_a-sprintf.o)
 .comment       0x00000043       0x44 C:/Users/90722/AppData/Local/stm32cube/bundles/gnu-tools-for-stm32/14.3.1+st.2/bin/../lib/gcc/arm-none-eabi/14.3.1/../../../../arm-none-eabi/lib/thumb/v7-m/nofp\libg_nano.a(libc_a-memmove.o)
 .comment       0x00000043       0x44 C:/Users/90722/AppData/Local/stm32cube/bundles/gnu-tools-for-stm32/14.3.1+st.2/bin/../lib/gcc/arm-none-eabi/14.3.1/../../../../arm-none-eabi/lib/thumb/v7-m/nofp\libg_nano.a(libc_a-memset.o)
 .comment       0x00000043       0x44 C:/Users/90722/AppData/Local/stm32cube/bundles/gnu-tools-for-stm32/14.3.1+st.2/bin/../lib/gcc/arm-none-eabi/14.3.1/../../../../arm-none-eabi/lib/thumb/v7-m/nofp\libg_nano.a(libc_a-reent.o)
 .comment       0x00000043       0x44 C:/Users/90722/AppData/Local/stm32cube/bundles/gnu-tools-for-stm32/14.3.1+st.2/bin/../lib/gcc/arm-none-eabi/14.3.1/../../../../arm-none-eabi/lib/thumb/v7-m/nofp\libg_nano.a(libc_a-impure.o)
 .comment       0x00000043       0x44 C:/Users/90722/AppData/Local/stm32cube/bundles/gnu-tools-for-stm32/14.3.1+st.2/bin/../lib/gcc/arm-none-eabi/14.3.1/../../../../arm-none-eabi/lib/thumb/v7-m/nofp\libg_nano.a(libc_a-errno.o)
 .comment       0x00000043       0x44 C:/Users/90722/AppData/Local/stm32cube/bundles/gnu-tools-for-stm32/14.3.1+st.2/bin/../lib/gcc/arm-none-eabi/14.3.1/../../../../arm-none-eabi/lib/thumb/v7-m/nofp\libg_nano.a(libc_a-init.o)
 .comment       0x00000043       0x44 C:/Users/90722/AppData/Local/stm32cube/bundles/gnu-tools-for-stm32/14.3.1+st.2/bin/../lib/gcc/arm-none-eabi/14.3.1/../../../../arm-none-eabi/lib/thumb/v7-m/nofp\libg_nano.a(libc_a-lock.o)
 .comment       0x00000043       0x44 C:/Users/90722/AppData/Local/stm32cube/bundles/gnu-tools-for-stm32/14.3.1+st.2/bin/../lib/gcc/arm-none-eabi/14.3.1/../../../../arm-none-eabi/lib/thumb/v7-m/nofp\libg_nano.a(libc_a-strcpy.o)
 .comment       0x00000043       0x44 C:/Users/90722/AppData/Local/stm32cube/bundles/gnu-tools-for-stm32/14.3.1+st.2/bin/../lib/gcc/arm-none-eabi/14.3.1/../../../../arm-none-eabi/lib/thumb/v7-m/nofp\libg_nano.a(libc_a-memcpy-stub.o)
 .comment       0x00000043       0x44 C:/Users/90722/AppData/Local/stm32cube/bundles/gnu-tools-for-stm32/14.3.1+st.2/bin/../lib/gcc/arm-none-eabi/14.3.1/../../../../arm-none-eabi/lib/thumb/v7-m/nofp\libg_nano.a(libc_a-freer.o)
 .comment       0x00000043       0x44 C:/Users/90722/AppData/Local/stm32cube/bundles/gnu-tools-for-stm32/14.3.1+st.2/bin/../lib/gcc/arm-none-eabi/14.3.1/../../../../arm-none-eabi/lib/thumb/v7-m/nofp\libg_nano.a(libc_a-mallocr.o)
 .comment       0x00000043       0x44 C:/Users/90722/AppData/Local/stm32cube/bundles/gnu-tools-for-stm32/14.3.1+st.2/bin/../lib/gcc/arm-none-eabi/14.3.1/../../../../arm-none-eabi/lib/thumb/v7-m/nofp\libg_nano.a(libc_a-mlock.o)
 .comment       0x00000043       0x44 C:/Users/90722/AppData/Local/stm32cube/bundles/gnu-tools-for-stm32/14.3.1+st.2/bin/../lib/gcc/arm-none-eabi/14.3.1/../../../../arm-none-eabi/lib/thumb/v7-m/nofp\libg_nano.a(libc_a-nano-svfprintf.o)
 .comment       0x00000043       0x44 C:/Users/90722/AppData/Local/stm32cube/bundles/gnu-tools-for-stm32/14.3.1+st.2/bin/../lib/gcc/arm-none-eabi/14.3.1/../../../../arm-none-eabi/lib/thumb/v7-m/nofp\libg_nano.a(libc_a-nano-vfprintf_i.o)
 .comment       0x00000043       0x44 C:/Users/90722/AppData/Local/stm32cube/bundles/gnu-tools-for-stm32/14.3.1+st.2/bin/../lib/gcc/arm-none-eabi/14.3.1/../../../../arm-none-eabi/lib/thumb/v7-m/nofp\libg_nano.a(libc_a-sbrkr.o)
 .comment       0x00000043       0x44 C:/Users/90722/AppData/Local/stm32cube/bundles/gnu-tools-for-stm32/14.3.1+st.2/bin/../lib/gcc/arm-none-eabi/14.3.1/../../../../arm-none-eabi/lib/thumb/v7-m/nofp\libg_nano.a(libc_a-memchr-stub.o)
 .comment       0x00000043       0x44 C:/Users/90722/AppData/Local/stm32cube/bundles/gnu-tools-for-stm32/14.3.1+st.2/bin/../lib/gcc/arm-none-eabi/14.3.1/../../../../arm-none-eabi/lib/thumb/v7-m/nofp\libg_nano.a(libc_a-reallocr.o)
 .comment       0x00000043       0x44 C:/Users/90722/AppData/Local/stm32cube/bundles/gnu-tools-for-stm32/14.3.1+st.2/bin/../lib/gcc/arm-none-eabi/14.3.1/../../../../arm-none-eabi/lib/thumb/v7-m/nofp\libg_nano.a(libc_a-msizer.o)

.debug_frame    0x00000000      0x790
 .debug_frame   0x00000000       0xac C:/Users/90722/AppData/Local/stm32cube/bundles/gnu-tools-for-stm32/14.3.1+st.2/bin/../lib/gcc/arm-none-eabi/14.3.1/thumb/v7-m/nofp\libgcc.a(_arm_addsubdf3.o)
 .debug_frame   0x000000ac       0x50 C:/Users/90722/AppData/Local/stm32cube/bundles/gnu-tools-for-stm32/14.3.1+st.2/bin/../lib/gcc/arm-none-eabi/14.3.1/thumb/v7-m/nofp\libgcc.a(_arm_muldivdf3.o)
 .debug_frame   0x000000fc       0x24 C:/Users/90722/AppData/Local/stm32cube/bundles/gnu-tools-for-stm32/14.3.1+st.2/bin/../lib/gcc/arm-none-eabi/14.3.1/thumb/v7-m/nofp\libgcc.a(_arm_fixunsdfsi.o)
 .debug_frame   0x00000120      0x144 C:/Users/90722/AppData/Local/stm32cube/bundles/gnu-tools-for-stm32/14.3.1+st.2/bin/../lib/gcc/arm-none-eabi/14.3.1/../../../../arm-none-eabi/lib/thumb/v7-m/nofp\libg_nano.a(libc_a-findfp.o)
 .debug_frame   0x00000264       0x7c C:/Users/90722/AppData/Local/stm32cube/bundles/gnu-tools-for-stm32/14.3.1+st.2/bin/../lib/gcc/arm-none-eabi/14.3.1/../../../../arm-none-eabi/lib/thumb/v7-m/nofp\libg_nano.a(libc_a-snprintf.o)
 .debug_frame   0x000002e0       0x74 C:/Users/90722/AppData/Local/stm32cube/bundles/gnu-tools-for-stm32/14.3.1+st.2/bin/../lib/gcc/arm-none-eabi/14.3.1/../../../../arm-none-eabi/lib/thumb/v7-m/nofp\libg_nano.a(libc_a-sprintf.o)
 .debug_frame   0x00000354       0x28 C:/Users/90722/AppData/Local/stm32cube/bundles/gnu-tools-for-stm32/14.3.1+st.2/bin/../lib/gcc/arm-none-eabi/14.3.1/../../../../arm-none-eabi/lib/thumb/v7-m/nofp\libg_nano.a(libc_a-memmove.o)
 .debug_frame   0x0000037c       0x20 C:/Users/90722/AppData/Local/stm32cube/bundles/gnu-tools-for-stm32/14.3.1+st.2/bin/../lib/gcc/arm-none-eabi/14.3.1/../../../../arm-none-eabi/lib/thumb/v7-m/nofp\libg_nano.a(libc_a-memset.o)
 .debug_frame   0x0000039c       0x38 C:/Users/90722/AppData/Local/stm32cube/bundles/gnu-tools-for-stm32/14.3.1+st.2/bin/../lib/gcc/arm-none-eabi/14.3.1/../../../../arm-none-eabi/lib/thumb/v7-m/nofp\libg_nano.a(libc_a-reent.o)
 .debug_frame   0x000003d4       0x20 C:/Users/90722/AppData/Local/stm32cube/bundles/gnu-tools-for-stm32/14.3.1+st.2/bin/../lib/gcc/arm-none-eabi/14.3.1/../../../../arm-none-eabi/lib/thumb/v7-m/nofp\libg_nano.a(libc_a-errno.o)
 .debug_frame   0x000003f4       0x2c C:/Users/90722/AppData/Local/stm32cube/bundles/gnu-tools-for-stm32/14.3.1+st.2/bin/../lib/gcc/arm-none-eabi/14.3.1/../../../../arm-none-eabi/lib/thumb/v7-m/nofp\libg_nano.a(libc_a-init.o)
 .debug_frame   0x00000420       0xb0 C:/Users/90722/AppData/Local/stm32cube/bundles/gnu-tools-for-stm32/14.3.1+st.2/bin/../lib/gcc/arm-none-eabi/14.3.1/../../../../arm-none-eabi/lib/thumb/v7-m/nofp\libg_nano.a(libc_a-lock.o)
 .debug_frame   0x000004d0       0x20 C:/Users/90722/AppData/Local/stm32cube/bundles/gnu-tools-for-stm32/14.3.1+st.2/bin/../lib/gcc/arm-none-eabi/14.3.1/../../../../arm-none-eabi/lib/thumb/v7-m/nofp\libg_nano.a(libc_a-strcpy.o)
 .debug_frame   0x000004f0       0x28 C:/Users/90722/AppData/Local/stm32cube/bundles/gnu-tools-for-stm32/14.3.1+st.2/bin/../lib/gcc/arm-none-eabi/14.3.1/../../../../arm-none-eabi/lib/thumb/v7-m/nofp\libg_nano.a(libc_a-memcpy-stub.o)
 .debug_frame   0x00000518       0x20 C:/Users/90722/AppData/Local/stm32cube/bundles/gnu-tools-for-stm32/14.3.1+st.2/bin/../lib/gcc/arm-none-eabi/14.3.1/../../../../arm-none-eabi/lib/thumb/v7-m/nofp\libg_nano.a(libc_a-strlen.o)
 .debug_frame   0x00000538       0x38 C:/Users/90722/AppData/Local/stm32cube/bundles/gnu-tools-for-stm32/14.3.1+st.2/bin/../lib/gcc/arm-none-eabi/14.3.1/../../../../arm-none-eabi/lib/thumb/v7-m/nofp\libg_nano.a(libc_a-freer.o)
 .debug_frame   0x00000570       0x50 C:/Users/90722/AppData/Local/stm32cube/bundles/gnu-tools-for-stm32/14.3.1+st.2/bin/../lib/gcc/arm-none-eabi/14.3.1/../../../../arm-none-eabi/lib/thumb/v7-m/nofp\libg_nano.a(libc_a-mallocr.o)
 .debug_frame   0x000005c0       0x30 C:/Users/90722/AppData/Local/stm32cube/bundles/gnu-tools-for-stm32/14.3.1+st.2/bin/../lib/gcc/arm-none-eabi/14.3.1/../../../../arm-none-eabi/lib/thumb/v7-m/nofp\libg_nano.a(libc_a-mlock.o)
 .debug_frame   0x000005f0       0x90 C:/Users/90722/AppData/Local/stm32cube/bundles/gnu-tools-for-stm32/14.3.1+st.2/bin/../lib/gcc/arm-none-eabi/14.3.1/../../../../arm-none-eabi/lib/thumb/v7-m/nofp\libg_nano.a(libc_a-nano-svfprintf.o)
 .debug_frame   0x00000680       0x60 C:/Users/90722/AppData/Local/stm32cube/bundles/gnu-tools-for-stm32/14.3.1+st.2/bin/../lib/gcc/arm-none-eabi/14.3.1/../../../../arm-none-eabi/lib/thumb/v7-m/nofp\libg_nano.a(libc_a-nano-vfprintf_i.o)
 .debug_frame   0x000006e0       0x2c C:/Users/90722/AppData/Local/stm32cube/bundles/gnu-tools-for-stm32/14.3.1+st.2/bin/../lib/gcc/arm-none-eabi/14.3.1/../../../../arm-none-eabi/lib/thumb/v7-m/nofp\libg_nano.a(libc_a-sbrkr.o)
 .debug_frame   0x0000070c       0x28 C:/Users/90722/AppData/Local/stm32cube/bundles/gnu-tools-for-stm32/14.3.1+st.2/bin/../lib/gcc/arm-none-eabi/14.3.1/../../../../arm-none-eabi/lib/thumb/v7-m/nofp\libg_nano.a(libc_a-memchr-stub.o)
 .debug_frame   0x00000734       0x3c C:/Users/90722/AppData/Local/stm32cube/bundles/gnu-tools-for-stm32/14.3.1+st.2/bin/../lib/gcc/arm-none-eabi/14.3.1/../../../../arm-none-eabi/lib/thumb/v7-m/nofp\libg_nano.a(libc_a-reallocr.o)
 .debug_frame   0x00000770       0x20 C:/Users/90722/AppData/Local/stm32cube/bundles/gnu-tools-for-stm32/14.3.1+st.2/bin/../lib/gcc/arm-none-eabi/14.3.1/../../../../arm-none-eabi/lib/thumb/v7-m/nofp\libg_nano.a(libc_a-msizer.o)

.debug_info     0x00000000     0x8fc8
 .debug_info    0x00000000      0xfb2 C:/Users/90722/AppData/Local/stm32cube/bundles/gnu-tools-for-stm32/14.3.1+st.2/bin/../lib/gcc/arm-none-eabi/14.3.1/../../../../arm-none-eabi/lib/thumb/v7-m/nofp\libg_nano.a(libc_a-findfp.o)
 .debug_info    0x00000fb2      0x8b9 C:/Users/90722/AppData/Local/stm32cube/bundles/gnu-tools-for-stm32/14.3.1+st.2/bin/../lib/gcc/arm-none-eabi/14.3.1/../../../../arm-none-eabi/lib/thumb/v7-m/nofp\libg_nano.a(libc_a-snprintf.o)
 .debug_info    0x0000186b      0x885 C:/Users/90722/AppData/Local/stm32cube/bundles/gnu-tools-for-stm32/14.3.1+st.2/bin/../lib/gcc/arm-none-eabi/14.3.1/../../../../arm-none-eabi/lib/thumb/v7-m/nofp\libg_nano.a(libc_a-sprintf.o)
 .debug_info    0x000020f0      0x10f C:/Users/90722/AppData/Local/stm32cube/bundles/gnu-tools-for-stm32/14.3.1+st.2/bin/../lib/gcc/arm-none-eabi/14.3.1/../../../../arm-none-eabi/lib/thumb/v7-m/nofp\libg_nano.a(libc_a-memmove.o)
 .debug_info    0x000021ff       0xe0 C:/Users/90722/AppData/Local/stm32cube/bundles/gnu-tools-for-stm32/14.3.1+st.2/bin/../lib/gcc/arm-none-eabi/14.3.1/../../../../arm-none-eabi/lib/thumb/v7-m/nofp\libg_nano.a(libc_a-memset.o)
 .debug_info    0x000022df      0x8a1 C:/Users/90722/AppData/Local/stm32cube/bundles/gnu-tools-for-stm32/14.3.1+st.2/bin/../lib/gcc/arm-none-eabi/14.3.1/../../../../arm-none-eabi/lib/thumb/v7-m/nofp\libg_nano.a(libc_a-reent.o)
 .debug_info    0x00002b80      0x715 C:/Users/90722/AppData/Local/stm32cube/bundles/gnu-tools-for-stm32/14.3.1+st.2/bin/../lib/gcc/arm-none-eabi/14.3.1/../../../../arm-none-eabi/lib/thumb/v7-m/nofp\libg_nano.a(libc_a-impure.o)
 .debug_info    0x00003295      0x6fb C:/Users/90722/AppData/Local/stm32cube/bundles/gnu-tools-for-stm32/14.3.1+st.2/bin/../lib/gcc/arm-none-eabi/14.3.1/../../../../arm-none-eabi/lib/thumb/v7-m/nofp\libg_nano.a(libc_a-errno.o)
 .debug_info    0x00003990      0x10b C:/Users/90722/AppData/Local/stm32cube/bundles/gnu-tools-for-stm32/14.3.1+st.2/bin/../lib/gcc/arm-none-eabi/14.3.1/../../../../arm-none-eabi/lib/thumb/v7-m/nofp\libg_nano.a(libc_a-init.o)
 .debug_info    0x00003a9b      0x218 C:/Users/90722/AppData/Local/stm32cube/bundles/gnu-tools-for-stm32/14.3.1+st.2/bin/../lib/gcc/arm-none-eabi/14.3.1/../../../../arm-none-eabi/lib/thumb/v7-m/nofp\libg_nano.a(libc_a-lock.o)
 .debug_info    0x00003cb3       0xc3 C:/Users/90722/AppData/Local/stm32cube/bundles/gnu-tools-for-stm32/14.3.1+st.2/bin/../lib/gcc/arm-none-eabi/14.3.1/../../../../arm-none-eabi/lib/thumb/v7-m/nofp\libg_nano.a(libc_a-strcpy.o)
 .debug_info    0x00003d76      0x121 C:/Users/90722/AppData/Local/stm32cube/bundles/gnu-tools-for-stm32/14.3.1+st.2/bin/../lib/gcc/arm-none-eabi/14.3.1/../../../../arm-none-eabi/lib/thumb/v7-m/nofp\libg_nano.a(libc_a-memcpy-stub.o)
 .debug_info    0x00003e97       0x31 C:/Users/90722/AppData/Local/stm32cube/bundles/gnu-tools-for-stm32/14.3.1+st.2/bin/../lib/gcc/arm-none-eabi/14.3.1/../../../../arm-none-eabi/lib/thumb/v7-m/nofp\libg_nano.a(libc_a-strlen.o)
 .debug_info    0x00003ec8      0x851 C:/Users/90722/AppData/Local/stm32cube/bundles/gnu-tools-for-stm32/14.3.1+st.2/bin/../lib/gcc/arm-none-eabi/14.3.1/../../../../arm-none-eabi/lib/thumb/v7-m/nofp\libg_nano.a(libc_a-freer.o)
 .debug_info    0x00004719      0x9bc C:/Users/90722/AppData/Local/stm32cube/bundles/gnu-tools-for-stm32/14.3.1+st.2/bin/../lib/gcc/arm-none-eabi/14.3.1/../../../../arm-none-eabi/lib/thumb/v7-m/nofp\libg_nano.a(libc_a-mallocr.o)
 .debug_info    0x000050d5      0x76b C:/Users/90722/AppData/Local/stm32cube/bundles/gnu-tools-for-stm32/14.3.1+st.2/bin/../lib/gcc/arm-none-eabi/14.3.1/../../../../arm-none-eabi/lib/thumb/v7-m/nofp\libg_nano.a(libc_a-mlock.o)
 .debug_info    0x00005840     0x10b3 C:/Users/90722/AppData/Local/stm32cube/bundles/gnu-tools-for-stm32/14.3.1+st.2/bin/../lib/gcc/arm-none-eabi/14.3.1/../../../../arm-none-eabi/lib/thumb/v7-m/nofp\libg_nano.a(libc_a-nano-svfprintf.o)
 .debug_info    0x000068f3      0xde2 C:/Users/90722/AppData/Local/stm32cube/bundles/gnu-tools-for-stm32/14.3.1+st.2/bin/../lib/gcc/arm-none-eabi/14.3.1/../../../../arm-none-eabi/lib/thumb/v7-m/nofp\libg_nano.a(libc_a-nano-vfprintf_i.o)
 .debug_info    0x000076d5      0x782 C:/Users/90722/AppData/Local/stm32cube/bundles/gnu-tools-for-stm32/14.3.1+st.2/bin/../lib/gcc/arm-none-eabi/14.3.1/../../../../arm-none-eabi/lib/thumb/v7-m/nofp\libg_nano.a(libc_a-sbrkr.o)
 .debug_info    0x00007e57      0x110 C:/Users/90722/AppData/Local/stm32cube/bundles/gnu-tools-for-stm32/14.3.1+st.2/bin/../lib/gcc/arm-none-eabi/14.3.1/../../../../arm-none-eabi/lib/thumb/v7-m/nofp\libg_nano.a(libc_a-memchr-stub.o)
 .debug_info    0x00007f67      0x8cd C:/Users/90722/AppData/Local/stm32cube/bundles/gnu-tools-for-stm32/14.3.1+st.2/bin/../lib/gcc/arm-none-eabi/14.3.1/../../../../arm-none-eabi/lib/thumb/v7-m/nofp\libg_nano.a(libc_a-reallocr.o)
 .debug_info    0x00008834      0x794 C:/Users/90722/AppData/Local/stm32cube/bundles/gnu-tools-for-stm32/14.3.1+st.2/bin/../lib/gcc/arm-none-eabi/14.3.1/../../../../arm-none-eabi/lib/thumb/v7-m/nofp\libg_nano.a(libc_a-msizer.o)

.debug_abbrev   0x00000000     0x23be
 .debug_abbrev  0x00000000      0x424 C:/Users/90722/AppData/Local/stm32cube/bundles/gnu-tools-for-stm32/14.3.1+st.2/bin/../lib/gcc/arm-none-eabi/14.3.1/../../../../arm-none-eabi/lib/thumb/v7-m/nofp\libg_nano.a(libc_a-findfp.o)
 .debug_abbrev  0x00000424      0x231 C:/Users/90722/AppData/Local/stm32cube/bundles/gnu-tools-for-stm32/14.3.1+st.2/bin/../lib/gcc/arm-none-eabi/14.3.1/../../../../arm-none-eabi/lib/thumb/v7-m/nofp\libg_nano.a(libc_a-snprintf.o)
 .debug_abbrev  0x00000655      0x21c C:/Users/90722/AppData/Local/stm32cube/bundles/gnu-tools-for-stm32/14.3.1+st.2/bin/../lib/gcc/arm-none-eabi/14.3.1/../../../../arm-none-eabi/lib/thumb/v7-m/nofp\libg_nano.a(libc_a-sprintf.o)
 .debug_abbrev  0x00000871       0xac C:/Users/90722/AppData/Local/stm32cube/bundles/gnu-tools-for-stm32/14.3.1+st.2/bin/../lib/gcc/arm-none-eabi/14.3.1/../../../../arm-none-eabi/lib/thumb/v7-m/nofp\libg_nano.a(libc_a-memmove.o)
 .debug_abbrev  0x0000091d       0x9e C:/Users/90722/AppData/Local/stm32cube/bundles/gnu-tools-for-stm32/14.3.1+st.2/bin/../lib/gcc/arm-none-eabi/14.3.1/../../../../arm-none-eabi/lib/thumb/v7-m/nofp\libg_nano.a(libc_a-memset.o)
 .debug_abbrev  0x000009bb      0x1f7 C:/Users/90722/AppData/Local/stm32cube/bundles/gnu-tools-for-stm32/14.3.1+st.2/bin/../lib/gcc/arm-none-eabi/14.3.1/../../../../arm-none-eabi/lib/thumb/v7-m/nofp\libg_nano.a(libc_a-reent.o)
 .debug_abbrev  0x00000bb2      0x149 C:/Users/90722/AppData/Local/stm32cube/bundles/gnu-tools-for-stm32/14.3.1+st.2/bin/../lib/gcc/arm-none-eabi/14.3.1/../../../../arm-none-eabi/lib/thumb/v7-m/nofp\libg_nano.a(libc_a-impure.o)
 .debug_abbrev  0x00000cfb      0x15e C:/Users/90722/AppData/Local/stm32cube/bundles/gnu-tools-for-stm32/14.3.1+st.2/bin/../lib/gcc/arm-none-eabi/14.3.1/../../../../arm-none-eabi/lib/thumb/v7-m/nofp\libg_nano.a(libc_a-errno.o)
 .debug_abbrev  0x00000e59       0xc9 C:/Users/90722/AppData/Local/stm32cube/bundles/gnu-tools-for-stm32/14.3.1+st.2/bin/../lib/gcc/arm-none-eabi/14.3.1/../../../../arm-none-eabi/lib/thumb/v7-m/nofp\libg_nano.a(libc_a-init.o)
 .debug_abbrev  0x00000f22      0x115 C:/Users/90722/AppData/Local/stm32cube/bundles/gnu-tools-for-stm32/14.3.1+st.2/bin/../lib/gcc/arm-none-eabi/14.3.1/../../../../arm-none-eabi/lib/thumb/v7-m/nofp\libg_nano.a(libc_a-lock.o)
 .debug_abbrev  0x00001037       0x7b C:/Users/90722/AppData/Local/stm32cube/bundles/gnu-tools-for-stm32/14.3.1+st.2/bin/../lib/gcc/arm-none-eabi/14.3.1/../../../../arm-none-eabi/lib/thumb/v7-m/nofp\libg_nano.a(libc_a-strcpy.o)
 .debug_abbrev  0x000010b2       0xc1 C:/Users/90722/AppData/Local/stm32cube/bundles/gnu-tools-for-stm32/14.3.1+st.2/bin/../lib/gcc/arm-none-eabi/14.3.1/../../../../arm-none-eabi/lib/thumb/v7-m/nofp\libg_nano.a(libc_a-memcpy-stub.o)
 .debug_abbrev  0x00001173       0x28 C:/Users/90722/AppData/Local/stm32cube/bundles/gnu-tools-for-stm32/14.3.1+st.2/bin/../lib/gcc/arm-none-eabi/14.3.1/../../../../arm-none-eabi/lib/thumb/v7-m/nofp\libg_nano.a(libc_a-strlen.o)
 .debug_abbrev  0x0000119b      0x236 C:/Users/90722/AppData/Local/stm32cube/bundles/gnu-tools-for-stm32/14.3.1+st.2/bin/../lib/gcc/arm-none-eabi/14.3.1/../../../../arm-none-eabi/lib/thumb/v7-m/nofp\libg_nano.a(libc_a-freer.o)
 .debug_abbrev  0x000013d1      0x24a C:/Users/90722/AppData/Local/stm32cube/bundles/gnu-tools-for-stm32/14.3.1+st.2/bin/../lib/gcc/arm-none-eabi/14.3.1/../../../../arm-none-eabi/lib/thumb/v7-m/nofp\libg_nano.a(libc_a-mallocr.o)
 .debug_abbrev  0x0000161b      0x1bf C:/Users/90722/AppData/Local/stm32cube/bundles/gnu-tools-for-stm32/14.3.1+st.2/bin/../lib/gcc/arm-none-eabi/14.3.1/../../../../arm-none-eabi/lib/thumb/v7-m/nofp\libg_nano.a(libc_a-mlock.o)
 .debug_abbrev  0x000017da      0x31e C:/Users/90722/AppData/Local/stm32cube/bundles/gnu-tools-for-stm32/14.3.1+st.2/bin/../lib/gcc/arm-none-eabi/14.3.1/../../../../arm-none-eabi/lib/thumb/v7-m/nofp\libg_nano.a(libc_a-nano-svfprintf.o)
 .debug_abbrev  0x00001af8      0x28e C:/Users/90722/AppData/Local/stm32cube/bundles/gnu-tools-for-stm32/14.3.1+st.2/bin/../lib/gcc/arm-none-eabi/14.3.1/../../../../arm-none-eabi/lib/thumb/v7-m/nofp\libg_nano.a(libc_a-nano-vfprintf_i.o)
 .debug_abbrev  0x00001d86      0x1da C:/Users/90722/AppData/Local/stm32cube/bundles/gnu-tools-for-stm32/14.3.1+st.2/bin/../lib/gcc/arm-none-eabi/14.3.1/../../../../arm-none-eabi/lib/thumb/v7-m/nofp\libg_nano.a(libc_a-sbrkr.o)
 .debug_abbrev  0x00001f60       0xb1 C:/Users/90722/AppData/Local/stm32cube/bundles/gnu-tools-for-stm32/14.3.1+st.2/bin/../lib/gcc/arm-none-eabi/14.3.1/../../../../arm-none-eabi/lib/thumb/v7-m/nofp\libg_nano.a(libc_a-memchr-stub.o)
 .debug_abbrev  0x00002011      0x217 C:/Users/90722/AppData/Local/stm32cube/bundles/gnu-tools-for-stm32/14.3.1+st.2/bin/../lib/gcc/arm-none-eabi/14.3.1/../../../../arm-none-eabi/lib/thumb/v7-m/nofp\libg_nano.a(libc_a-reallocr.o)
 .debug_abbrev  0x00002228      0x196 C:/Users/90722/AppData/Local/stm32cube/bundles/gnu-tools-for-stm32/14.3.1+st.2/bin/../lib/gcc/arm-none-eabi/14.3.1/../../../../arm-none-eabi/lib/thumb/v7-m/nofp\libg_nano.a(libc_a-msizer.o)

.debug_loclists
                0x00000000     0x1787
 .debug_loclists
                0x00000000      0x2b6 C:/Users/90722/AppData/Local/stm32cube/bundles/gnu-tools-for-stm32/14.3.1+st.2/bin/../lib/gcc/arm-none-eabi/14.3.1/../../../../arm-none-eabi/lib/thumb/v7-m/nofp\libg_nano.a(libc_a-findfp.o)
 .debug_loclists
                0x000002b6      0x14d C:/Users/90722/AppData/Local/stm32cube/bundles/gnu-tools-for-stm32/14.3.1+st.2/bin/../lib/gcc/arm-none-eabi/14.3.1/../../../../arm-none-eabi/lib/thumb/v7-m/nofp\libg_nano.a(libc_a-snprintf.o)
 .debug_loclists
                0x00000403       0x9b C:/Users/90722/AppData/Local/stm32cube/bundles/gnu-tools-for-stm32/14.3.1+st.2/bin/../lib/gcc/arm-none-eabi/14.3.1/../../../../arm-none-eabi/lib/thumb/v7-m/nofp\libg_nano.a(libc_a-sprintf.o)
 .debug_loclists
                0x0000049e      0x149 C:/Users/90722/AppData/Local/stm32cube/bundles/gnu-tools-for-stm32/14.3.1+st.2/bin/../lib/gcc/arm-none-eabi/14.3.1/../../../../arm-none-eabi/lib/thumb/v7-m/nofp\libg_nano.a(libc_a-memmove.o)
 .debug_loclists
                0x000005e7       0x3b C:/Users/90722/AppData/Local/stm32cube/bundles/gnu-tools-for-stm32/14.3.1+st.2/bin/../lib/gcc/arm-none-eabi/14.3.1/../../../../arm-none-eabi/lib/thumb/v7-m/nofp\libg_nano.a(libc_a-memset.o)
 .debug_loclists
                0x00000622       0x9c C:/Users/90722/AppData/Local/stm32cube/bundles/gnu-tools-for-stm32/14.3.1+st.2/bin/../lib/gcc/arm-none-eabi/14.3.1/../../../../arm-none-eabi/lib/thumb/v7-m/nofp\libg_nano.a(libc_a-reent.o)
 .debug_loclists
                0x000006be       0x44 C:/Users/90722/AppData/Local/stm32cube/bundles/gnu-tools-for-stm32/14.3.1+st.2/bin/../lib/gcc/arm-none-eabi/14.3.1/../../../../arm-none-eabi/lib/thumb/v7-m/nofp\libg_nano.a(libc_a-init.o)
 .debug_loclists
                0x00000702       0x29 C:/Users/90722/AppData/Local/stm32cube/bundles/gnu-tools-for-stm32/14.3.1+st.2/bin/../lib/gcc/arm-none-eabi/14.3.1/../../../../arm-none-eabi/lib/thumb/v7-m/nofp\libg_nano.a(libc_a-lock.o)
 .debug_loclists
                0x0000072b       0x29 C:/Users/90722/AppData/Local/stm32cube/bundles/gnu-tools-for-stm32/14.3.1+st.2/bin/../lib/gcc/arm-none-eabi/14.3.1/../../../../arm-none-eabi/lib/thumb/v7-m/nofp\libg_nano.a(libc_a-strcpy.o)
 .debug_loclists
                0x00000754       0xad C:/Users/90722/AppData/Local/stm32cube/bundles/gnu-tools-for-stm32/14.3.1+st.2/bin/../lib/gcc/arm-none-eabi/14.3.1/../../../../arm-none-eabi/lib/thumb/v7-m/nofp\libg_nano.a(libc_a-memcpy-stub.o)
 .debug_loclists
                0x00000801       0xe0 C:/Users/90722/AppData/Local/stm32cube/bundles/gnu-tools-for-stm32/14.3.1+st.2/bin/../lib/gcc/arm-none-eabi/14.3.1/../../../../arm-none-eabi/lib/thumb/v7-m/nofp\libg_nano.a(libc_a-freer.o)
 .debug_loclists
                0x000008e1      0x23a C:/Users/90722/AppData/Local/stm32cube/bundles/gnu-tools-for-stm32/14.3.1+st.2/bin/../lib/gcc/arm-none-eabi/14.3.1/../../../../arm-none-eabi/lib/thumb/v7-m/nofp\libg_nano.a(libc_a-mallocr.o)
 .debug_loclists
                0x00000b1b       0x46 C:/Users/90722/AppData/Local/stm32cube/bundles/gnu-tools-for-stm32/14.3.1+st.2/bin/../lib/gcc/arm-none-eabi/14.3.1/../../../../arm-none-eabi/lib/thumb/v7-m/nofp\libg_nano.a(libc_a-mlock.o)
 .debug_loclists
                0x00000b61      0x4b7 C:/Users/90722/AppData/Local/stm32cube/bundles/gnu-tools-for-stm32/14.3.1+st.2/bin/../lib/gcc/arm-none-eabi/14.3.1/../../../../arm-none-eabi/lib/thumb/v7-m/nofp\libg_nano.a(libc_a-nano-svfprintf.o)
 .debug_loclists
                0x00001018      0x47a C:/Users/90722/AppData/Local/stm32cube/bundles/gnu-tools-for-stm32/14.3.1+st.2/bin/../lib/gcc/arm-none-eabi/14.3.1/../../../../arm-none-eabi/lib/thumb/v7-m/nofp\libg_nano.a(libc_a-nano-vfprintf_i.o)
 .debug_loclists
                0x00001492       0x58 C:/Users/90722/AppData/Local/stm32cube/bundles/gnu-tools-for-stm32/14.3.1+st.2/bin/../lib/gcc/arm-none-eabi/14.3.1/../../../../arm-none-eabi/lib/thumb/v7-m/nofp\libg_nano.a(libc_a-sbrkr.o)
 .debug_loclists
                0x000014ea       0xf7 C:/Users/90722/AppData/Local/stm32cube/bundles/gnu-tools-for-stm32/14.3.1+st.2/bin/../lib/gcc/arm-none-eabi/14.3.1/../../../../arm-none-eabi/lib/thumb/v7-m/nofp\libg_nano.a(libc_a-memchr-stub.o)
 .debug_loclists
                0x000015e1      0x13e C:/Users/90722/AppData/Local/stm32cube/bundles/gnu-tools-for-stm32/14.3.1+st.2/bin/../lib/gcc/arm-none-eabi/14.3.1/../../../../arm-none-eabi/lib/thumb/v7-m/nofp\libg_nano.a(libc_a-reallocr.o)
 .debug_loclists
                0x0000171f       0x68 C:/Users/90722/AppData/Local/stm32cube/bundles/gnu-tools-for-stm32/14.3.1+st.2/bin/../lib/gcc/arm-none-eabi/14.3.1/../../../../arm-none-eabi/lib/thumb/v7-m/nofp\libg_nano.a(libc_a-msizer.o)

.debug_aranges  0x00000000      0x390
 .debug_aranges
                0x00000000       0x78 C:/Users/90722/AppData/Local/stm32cube/bundles/gnu-tools-for-stm32/14.3.1+st.2/bin/../lib/gcc/arm-none-eabi/14.3.1/../../../../arm-none-eabi/lib/thumb/v7-m/nofp\libg_nano.a(libc_a-findfp.o)
 .debug_aranges
                0x00000078       0x28 C:/Users/90722/AppData/Local/stm32cube/bundles/gnu-tools-for-stm32/14.3.1+st.2/bin/../lib/gcc/arm-none-eabi/14.3.1/../../../../arm-none-eabi/lib/thumb/v7-m/nofp\libg_nano.a(libc_a-snprintf.o)
 .debug_aranges
                0x000000a0       0x28 C:/Users/90722/AppData/Local/stm32cube/bundles/gnu-tools-for-stm32/14.3.1+st.2/bin/../lib/gcc/arm-none-eabi/14.3.1/../../../../arm-none-eabi/lib/thumb/v7-m/nofp\libg_nano.a(libc_a-sprintf.o)
 .debug_aranges
                0x000000c8       0x20 C:/Users/90722/AppData/Local/stm32cube/bundles/gnu-tools-for-stm32/14.3.1+st.2/bin/../lib/gcc/arm-none-eabi/14.3.1/../../../../arm-none-eabi/lib/thumb/v7-m/nofp\libg_nano.a(libc_a-memmove.o)
 .debug_aranges
                0x000000e8       0x20 C:/Users/90722/AppData/Local/stm32cube/bundles/gnu-tools-for-stm32/14.3.1+st.2/bin/../lib/gcc/arm-none-eabi/14.3.1/../../../../arm-none-eabi/lib/thumb/v7-m/nofp\libg_nano.a(libc_a-memset.o)
 .debug_aranges
                0x00000108       0x20 C:/Users/90722/AppData/Local/stm32cube/bundles/gnu-tools-for-stm32/14.3.1+st.2/bin/../lib/gcc/arm-none-eabi/14.3.1/../../../../arm-none-eabi/lib/thumb/v7-m/nofp\libg_nano.a(libc_a-reent.o)
 .debug_aranges
                0x00000128       0x18 C:/Users/90722/AppData/Local/stm32cube/bundles/gnu-tools-for-stm32/14.3.1+st.2/bin/../lib/gcc/arm-none-eabi/14.3.1/../../../../arm-none-eabi/lib/thumb/v7-m/nofp\libg_nano.a(libc_a-impure.o)
 .debug_aranges
                0x00000140       0x20 C:/Users/90722/AppData/Local/stm32cube/bundles/gnu-tools-for-stm32/14.3.1+st.2/bin/../lib/gcc/arm-none-eabi/14.3.1/../../../../arm-none-eabi/lib/thumb/v7-m/nofp\libg_nano.a(libc_a-errno.o)
 .debug_aranges
                0x00000160       0x20 C:/Users/90722/AppData/Local/stm32cube/bundles/gnu-tools-for-stm32/14.3.1+st.2/bin/../lib/gcc/arm-none-eabi/14.3.1/../../../../arm-none-eabi/lib/thumb/v7-m/nofp\libg_nano.a(libc_a-init.o)
 .debug_aranges
                0x00000180       0x68 C:/Users/90722/AppData/Local/stm32cube/bundles/gnu-tools-for-stm32/14.3.1+st.2/bin/../lib/gcc/arm-none-eabi/14.3.1/../../../../arm-none-eabi/lib/thumb/v7-m/nofp\libg_nano.a(libc_a-lock.o)
 .debug_aranges
                0x000001e8       0x20 C:/Users/90722/AppData/Local/stm32cube/bundles/gnu-tools-for-stm32/14.3.1+st.2/bin/../lib/gcc/arm-none-eabi/14.3.1/../../../../arm-none-eabi/lib/thumb/v7-m/nofp\libg_nano.a(libc_a-strcpy.o)
 .debug_aranges
                0x00000208       0x20 C:/Users/90722/AppData/Local/stm32cube/bundles/gnu-tools-for-stm32/14.3.1+st.2/bin/../lib/gcc/arm-none-eabi/14.3.1/../../../../arm-none-eabi/lib/thumb/v7-m/nofp\libg_nano.a(libc_a-memcpy-stub.o)
 .debug_aranges
                0x00000228       0x20 C:/Users/90722/AppData/Local/stm32cube/bundles/gnu-tools-for-stm32/14.3.1+st.2/bin/../lib/gcc/arm-none-eabi/14.3.1/../../../../arm-none-eabi/lib/thumb/v7-m/nofp\libg_nano.a(libc_a-strlen.o)
 .debug_aranges
                0x00000248       0x20 C:/Users/90722/AppData/Local/stm32cube/bundles/gnu-tools-for-stm32/14.3.1+st.2/bin/../lib/gcc/arm-none-eabi/14.3.1/../../../../arm-none-eabi/lib/thumb/v7-m/nofp\libg_nano.a(libc_a-freer.o)
 .debug_aranges
                0x00000268       0x28 C:/Users/90722/AppData/Local/stm32cube/bundles/gnu-tools-for-stm32/14.3.1+st.2/bin/../lib/gcc/arm-none-eabi/14.3.1/../../../../arm-none-eabi/lib/thumb/v7-m/nofp\libg_nano.a(libc_a-mallocr.o)
 .debug_aranges
                0x00000290       0x28 C:/Users/90722/AppData/Local/stm32cube/bundles/gnu-tools-for-stm32/14.3.1+st.2/bin/../lib/gcc/arm-none-eabi/14.3.1/../../../../arm-none-eabi/lib/thumb/v7-m/nofp\libg_nano.a(libc_a-mlock.o)
 .debug_aranges
                0x000002b8       0x30 C:/Users/90722/AppData/Local/stm32cube/bundles/gnu-tools-for-stm32/14.3.1+st.2/bin/../lib/gcc/arm-none-eabi/14.3.1/../../../../arm-none-eabi/lib/thumb/v7-m/nofp\libg_nano.a(libc_a-nano-svfprintf.o)
 .debug_aranges
                0x000002e8       0x28 C:/Users/90722/AppData/Local/stm32cube/bundles/gnu-tools-for-stm32/14.3.1+st.2/bin/../lib/gcc/arm-none-eabi/14.3.1/../../../../arm-none-eabi/lib/thumb/v7-m/nofp\libg_nano.a(libc_a-nano-vfprintf_i.o)
 .debug_aranges
                0x00000310       0x20 C:/Users/90722/AppData/Local/stm32cube/bundles/gnu-tools-for-stm32/14.3.1+st.2/bin/../lib/gcc/arm-none-eabi/14.3.1/../../../../arm-none-eabi/lib/thumb/v7-m/nofp\libg_nano.a(libc_a-sbrkr.o)
 .debug_aranges
                0x00000330       0x20 C:/Users/90722/AppData/Local/stm32cube/bundles/gnu-tools-for-stm32/14.3.1+st.2/bin/../lib/gcc/arm-none-eabi/14.3.1/../../../../arm-none-eabi/lib/thumb/v7-m/nofp\libg_nano.a(libc_a-memchr-stub.o)
 .debug_aranges
                0x00000350       0x20 C:/Users/90722/AppData/Local/stm32cube/bundles/gnu-tools-for-stm32/14.3.1+st.2/bin/../lib/gcc/arm-none-eabi/14.3.1/../../../../arm-none-eabi/lib/thumb/v7-m/nofp\libg_nano.a(libc_a-reallocr.o)
 .debug_aranges
                0x00000370       0x20 C:/Users/90722/AppData/Local/stm32cube/bundles/gnu-tools-for-stm32/14.3.1+st.2/bin/../lib/gcc/arm-none-eabi/14.3.1/../../../../arm-none-eabi/lib/thumb/v7-m/nofp\libg_nano.a(libc_a-msizer.o)

.debug_rnglists
                0x00000000      0x2e0
 .debug_rnglists
                0x00000000       0x7a C:/Users/90722/AppData/Local/stm32cube/bundles/gnu-tools-for-stm32/14.3.1+st.2/bin/../lib/gcc/arm-none-eabi/14.3.1/../../../../arm-none-eabi/lib/thumb/v7-m/nofp\libg_nano.a(libc_a-findfp.o)
 .debug_rnglists
                0x0000007a       0x19 C:/Users/90722/AppData/Local/stm32cube/bundles/gnu-tools-for-stm32/14.3.1+st.2/bin/../lib/gcc/arm-none-eabi/14.3.1/../../../../arm-none-eabi/lib/thumb/v7-m/nofp\libg_nano.a(libc_a-snprintf.o)
 .debug_rnglists